Component: Arm Compiler for Embedded 6.19 Tool: armlink [5e73cb00]

==============================================================================

Section Cross References

    dac.o(.ARM.exidx.text.DAC_Init) refers to dac.o(.text.DAC_Init) for [Anonymous Symbol]
    dsp_app.o(.text.EventRecorderTimerInit) refers to dsp_app.o(.bss.TimeStamp) for TimeStamp
    dsp_app.o(.ARM.exidx.text.EventRecorderTimerInit) refers to dsp_app.o(.text.EventRecorderTimerInit) for [Anonymous Symbol]
    dsp_app.o(.text.EventRecorderTimerGet) refers to dsp_app.o(.bss.TimeStamp) for TimeStamp
    dsp_app.o(.ARM.exidx.text.EventRecorderTimerGet) refers to dsp_app.o(.text.EventRecorderTimerGet) for [Anonymous Symbol]
    dsp_app.o(.ARM.exidx.text.errHandler) refers to dsp_app.o(.text.errHandler) for [Anonymous Symbol]
    dsp_app.o(.text.TIMER2_IRQHandler) refers to fflt_clz.o(x$fpl$ffltu) for __aeabi_ui2f
    dsp_app.o(.text.TIMER2_IRQHandler) refers to fdiv.o(x$fpl$fdiv) for __aeabi_fdiv
    dsp_app.o(.text.TIMER2_IRQHandler) refers to faddsub_clz.o(x$fpl$fadd) for __aeabi_fadd
    dsp_app.o(.text.TIMER2_IRQHandler) refers to dsp_app.o(.bss.tmpFilterIn) for tmpFilterIn
    dsp_app.o(.text.TIMER2_IRQHandler) refers to supportfunctions.o(.text.arm_float_to_q15) for arm_float_to_q15
    dsp_app.o(.text.TIMER2_IRQHandler) refers to dsp_app.o(.bss.dataTimIrqOutIdx) for dataTimIrqOutIdx
    dsp_app.o(.text.TIMER2_IRQHandler) refers to dsp_app.o(.bss.pDataTimIrqOut) for pDataTimIrqOut
    dsp_app.o(.text.TIMER2_IRQHandler) refers to eventrecorder.o(.text.EventRecord2) for EventRecord2
    dsp_app.o(.text.TIMER2_IRQHandler) refers to dsp_app.o(.bss.DSP_Event) for DSP_Event
    dsp_app.o(.text.TIMER2_IRQHandler) refers to dsp_app.o(.bss.pDataSigModIn) for pDataSigModIn
    dsp_app.o(.text.TIMER2_IRQHandler) refers to rtx_evflags.o(.text.osEventFlagsSet) for osEventFlagsSet
    dsp_app.o(.text.TIMER2_IRQHandler) refers to dsp_app.o(.bss.DSP_MemPool) for DSP_MemPool
    dsp_app.o(.text.TIMER2_IRQHandler) refers to rtx_mempool.o(.text.osMemoryPoolAlloc) for osMemoryPoolAlloc
    dsp_app.o(.text.TIMER2_IRQHandler) refers to dsp_app.o(.bss.dataTimIrqInIdx) for dataTimIrqInIdx
    dsp_app.o(.text.TIMER2_IRQHandler) refers to rtx_evflags.o(.text.osEventFlagsWait) for osEventFlagsWait
    dsp_app.o(.text.TIMER2_IRQHandler) refers to dsp_app.o(.bss.pDataTimIrqIn) for pDataTimIrqIn
    dsp_app.o(.text.TIMER2_IRQHandler) refers to dsp_app.o(.bss.tmpFilterOut) for tmpFilterOut
    dsp_app.o(.text.TIMER2_IRQHandler) refers to supportfunctions.o(.text.arm_q15_to_float) for arm_q15_to_float
    dsp_app.o(.text.TIMER2_IRQHandler) refers to fmul.o(x$fpl$fmul) for __aeabi_fmul
    dsp_app.o(.text.TIMER2_IRQHandler) refers to ffixu.o(x$fpl$ffixu) for __aeabi_f2uiz
    dsp_app.o(.text.TIMER2_IRQHandler) refers to rtx_mempool.o(.text.osMemoryPoolFree) for osMemoryPoolFree
    dsp_app.o(.ARM.exidx.text.TIMER2_IRQHandler) refers to dsp_app.o(.text.TIMER2_IRQHandler) for [Anonymous Symbol]
    dsp_app.o(.text.SigMod) refers to dsp_app.o(.bss.DSP_Event) for DSP_Event
    dsp_app.o(.text.SigMod) refers to dsp_app.o(.bss.pDataSigModIn) for pDataSigModIn
    dsp_app.o(.text.SigMod) refers to dsp_app.o(.bss.pDataSigModOut) for pDataSigModOut
    dsp_app.o(.text.SigMod) refers to dsp_app.o(.bss.DSP_MemPool) for DSP_MemPool
    dsp_app.o(.text.SigMod) refers to dsp_app.o(.bss.pDataTimIrqIn) for pDataTimIrqIn
    dsp_app.o(.text.SigMod) refers to rtx_evflags.o(.text.osEventFlagsWait) for osEventFlagsWait
    dsp_app.o(.text.SigMod) refers to dsp_iir.o(.text.iirExec_q15) for iirExec_q15
    dsp_app.o(.text.SigMod) refers to rtx_mempool.o(.text.osMemoryPoolFree) for osMemoryPoolFree
    dsp_app.o(.text.SigMod) refers to rtx_evflags.o(.text.osEventFlagsSet) for osEventFlagsSet
    dsp_app.o(.text.SigMod) refers to rtx_mempool.o(.text.osMemoryPoolAlloc) for osMemoryPoolAlloc
    dsp_app.o(.ARM.exidx.text.SigMod) refers to dsp_app.o(.text.SigMod) for [Anonymous Symbol]
    dsp_app.o(.text.RTX_Features_Init) refers to rtx_mempool.o(.text.osMemoryPoolNew) for osMemoryPoolNew
    dsp_app.o(.text.RTX_Features_Init) refers to dsp_app.o(.bss.DSP_MemPool) for DSP_MemPool
    dsp_app.o(.text.RTX_Features_Init) refers to rtx_evflags.o(.text.osEventFlagsNew) for osEventFlagsNew
    dsp_app.o(.text.RTX_Features_Init) refers to dsp_app.o(.bss.DSP_Event) for DSP_Event
    dsp_app.o(.text.RTX_Features_Init) refers to dsp_app.o(.text.SigMod) for SigMod
    dsp_app.o(.text.RTX_Features_Init) refers to dsp_app.o(.rodata.t_attr) for t_attr
    dsp_app.o(.text.RTX_Features_Init) refers to rtx_thread.o(.text.osThreadNew) for osThreadNew
    dsp_app.o(.text.RTX_Features_Init) refers to dsp_app.o(.bss.tid_SigMod) for tid_SigMod
    dsp_app.o(.text.RTX_Features_Init) refers to rtx_mempool.o(.text.osMemoryPoolAlloc) for osMemoryPoolAlloc
    dsp_app.o(.text.RTX_Features_Init) refers to dsp_app.o(.bss.pDataTimIrqOut) for pDataTimIrqOut
[...]
    [Anonymous Symbol]                       0x00002ca4   Section        0  rtx_thread.o(.text.osRtxThreadStartup)
    [Anonymous Symbol]                       0x00002cf0   Section        0  rtx_thread.o(.text.osRtxThreadSwitch)
    [Anonymous Symbol]                       0x00002d04   Section        0  rtx_thread.o(.text.osRtxThreadWaitEnter)
    [Anonymous Symbol]                       0x00002ddc   Section        0  rtx_thread.o(.text.osRtxThreadWaitExit)
    [Anonymous Symbol]                       0x00002e70   Section        0  rtx_system.o(.text.osRtxTick_Handler)
    [Anonymous Symbol]                       0x00002ef4   Section        0  rtx_timer.o(.text.osRtxTimerSetup)
    [Anonymous Symbol]                       0x00002f1c   Section        0  rtx_timer.o(.text.osRtxTimerThread)
    osRtxTimerTick                           0x00002f49   Thumb Code   198  rtx_timer.o(.text.osRtxTimerTick)
    [Anonymous Symbol]                       0x00002f48   Section        0  rtx_timer.o(.text.osRtxTimerTick)
    [Anonymous Symbol]                       0x00003010   Section        0  rtx_thread.o(.text.osThreadExit)
    [Anonymous Symbol]                       0x0000302c   Section        0  rtx_thread.o(.text.osThreadNew)
    svcRtxEventFlagsNew                      0x0000306d   Thumb Code   164  rtx_evflags.o(.text.svcRtxEventFlagsNew)
    [Anonymous Symbol]                       0x0000306c   Section        0  rtx_evflags.o(.text.svcRtxEventFlagsNew)
    svcRtxEventFlagsSet                      0x00003111   Thumb Code   284  rtx_evflags.o(.text.svcRtxEventFlagsSet)
    [Anonymous Symbol]                       0x00003110   Section        0  rtx_evflags.o(.text.svcRtxEventFlagsSet)
    svcRtxEventFlagsWait                     0x0000322d   Thumb Code   264  rtx_evflags.o(.text.svcRtxEventFlagsWait)
    [Anonymous Symbol]                       0x0000322c   Section        0  rtx_evflags.o(.text.svcRtxEventFlagsWait)
    svcRtxKernelGetState                     0x00003335   Thumb Code    12  rtx_kernel.o(.text.svcRtxKernelGetState)
    [Anonymous Symbol]                       0x00003334   Section        0  rtx_kernel.o(.text.svcRtxKernelGetState)
    svcRtxKernelGetSysTimerCount             0x00003341   Thumb Code    42  rtx_kernel.o(.text.svcRtxKernelGetSysTimerCount)
    [Anonymous Symbol]                       0x00003340   Section        0  rtx_kernel.o(.text.svcRtxKernelGetSysTimerCount)
    svcRtxKernelGetSysTimerFreq              0x0000336d   Thumb Code     4  rtx_kernel.o(.text.svcRtxKernelGetSysTimerFreq)
    [Anonymous Symbol]                       0x0000336c   Section        0  rtx_kernel.o(.text.svcRtxKernelGetSysTimerFreq)
    svcRtxKernelInitialize                   0x00003371   Thumb Code   336  rtx_kernel.o(.text.svcRtxKernelInitialize)
    [Anonymous Symbol]                       0x00003370   Section        0  rtx_kernel.o(.text.svcRtxKernelInitialize)
    svcRtxKernelStart                        0x000034c1   Thumb Code   176  rtx_kernel.o(.text.svcRtxKernelStart)
    [Anonymous Symbol]                       0x000034c0   Section        0  rtx_kernel.o(.text.svcRtxKernelStart)
    svcRtxMemoryPoolAlloc                    0x00003571   Thumb Code   164  rtx_mempool.o(.text.svcRtxMemoryPoolAlloc)
    [Anonymous Symbol]                       0x00003570   Section        0  rtx_mempool.o(.text.svcRtxMemoryPoolAlloc)
    svcRtxMemoryPoolFree                     0x00003615   Thumb Code   252  rtx_mempool.o(.text.svcRtxMemoryPoolFree)
    [Anonymous Symbol]                       0x00003614   Section        0  rtx_mempool.o(.text.svcRtxMemoryPoolFree)
    svcRtxMemoryPoolNew                      0x00003711   Thumb Code   474  rtx_mempool.o(.text.svcRtxMemoryPoolNew)
    [Anonymous Symbol]                       0x00003710   Section        0  rtx_mempool.o(.text.svcRtxMemoryPoolNew)
    svcRtxMessageQueueGet                    0x000038ed   Thumb Code   452  rtx_msgqueue.o(.text.svcRtxMessageQueueGet)
    [Anonymous Symbol]                       0x000038ec   Section        0  rtx_msgqueue.o(.text.svcRtxMessageQueueGet)
    svcRtxMessageQueueNew                    0x00003ab1   Thumb Code   396  rtx_msgqueue.o(.text.svcRtxMessageQueueNew)
    [Anonymous Symbol]                       0x00003ab0   Section        0  rtx_msgqueue.o(.text.svcRtxMessageQueueNew)
    svcRtxMessageQueuePut                    0x00003c3d   Thumb Code   322  rtx_msgqueue.o(.text.svcRtxMessageQueuePut)
    [Anonymous Symbol]                       0x00003c3c   Section        0  rtx_msgqueue.o(.text.svcRtxMessageQueuePut)
    svcRtxMutexAcquire                       0x00003d81   Thumb Code   226  rtx_mutex.o(.text.svcRtxMutexAcquire)
    [Anonymous Symbol]                       0x00003d80   Section        0  rtx_mutex.o(.text.svcRtxMutexAcquire)
    svcRtxMutexDelete                        0x00003e65   Thumb Code   204  rtx_mutex.o(.text.svcRtxMutexDelete)
    [Anonymous Symbol]                       0x00003e64   Section        0  rtx_mutex.o(.text.svcRtxMutexDelete)
    svcRtxMutexNew                           0x00003f31   Thumb Code   168  rtx_mutex.o(.text.svcRtxMutexNew)
    [Anonymous Symbol]                       0x00003f30   Section        0  rtx_mutex.o(.text.svcRtxMutexNew)
    svcRtxMutexRelease                       0x00003fd9   Thumb Code   244  rtx_mutex.o(.text.svcRtxMutexRelease)
    [Anonymous Symbol]                       0x00003fd8   Section        0  rtx_mutex.o(.text.svcRtxMutexRelease)
    svcRtxThreadExit                         0x000040cd   Thumb Code   178  rtx_thread.o(.text.svcRtxThreadExit)
    [Anonymous Symbol]                       0x000040cc   Section        0  rtx_thread.o(.text.svcRtxThreadExit)
    svcRtxThreadNew                          0x00004181   Thumb Code   580  rtx_thread.o(.text.svcRtxThreadNew)
    [Anonymous Symbol]                       0x00004180   Section        0  rtx_thread.o(.text.svcRtxThreadNew)
    x$fpl$fadd                               0x000043c4   Section      196  faddsub_clz.o(x$fpl$fadd)
    _fadd1                                   0x000043d3   Thumb Code     0  faddsub_clz.o(x$fpl$fadd)
    _fdiv1                                   0x00004489   Thumb Code     0  fdiv.o(x$fpl$fdiv)
    x$fpl$fdiv                               0x00004488   Section      388  fdiv.o(x$fpl$fdiv)
    x$fpl$ffix                               0x0000460c   Section       54  ffix.o(x$fpl$ffix)
    x$fpl$ffixu                              0x00004644   Section       62  ffixu.o(x$fpl$ffixu)
    x$fpl$fflt                               0x00004684   Section       48  fflt_clz.o(x$fpl$fflt)
    x$fpl$ffltu                              0x000046b4   Section       38  fflt_clz.o(x$fpl$ffltu)
    x$fpl$fmul                               0x000046dc   Section      258  fmul.o(x$fpl$fmul)
    x$fpl$fnaninf                            0x000047de   Section      140  fnaninf.o(x$fpl$fnaninf)
    x$fpl$fretinf                            0x0000486a   Section       10  fretinf.o(x$fpl$fretinf)
    x$fpl$fsub                               0x00004874   Section      234  faddsub_clz.o(x$fpl$fsub)
    _fsub1                                   0x00004883   Thumb Code     0  faddsub_clz.o(x$fpl$fsub)
    x$fpl$usenofp                            0x0000495e   Section        0  usenofp.o(x$fpl$usenofp)
    __tagsym$$used.4                         0x00004960   Number         0  rtx_lib.o(.rodata)
    __tagsym$$used.5                         0x000049d0   Number         0  rtx_lib.o(.rodata)
    __tagsym$$used.0                         0x00004a08   Number         0  eventrecorder.o(.rodata.EventRecorderInfo)
    os_idle_thread_attr                      0x00004a24   Data          36  rtx_lib.o(.rodata.os_idle_thread_attr)
    [Anonymous Symbol]                       0x00004a24   Section        0  rtx_lib.o(.rodata.os_idle_thread_attr)
    os_timer_mq_attr                         0x00004a48   Data          24  rtx_lib.o(.rodata.os_timer_mq_attr)
    [Anonymous Symbol]                       0x00004a48   Section        0  rtx_lib.o(.rodata.os_timer_mq_attr)
    os_timer_thread_attr                     0x00004a60   Data          36  rtx_lib.o(.rodata.os_timer_thread_attr)
    [Anonymous Symbol]                       0x00004a60   Section        0  rtx_lib.o(.rodata.os_timer_thread_attr)
    .L.str                                   0x00004a84   Data          11  rtx_kernel.o(.rodata.str1.4)
    [Anonymous Symbol]                       0x00004a84   Section        0  rtx_kernel.o(.rodata.str1.4)
    t_attr                                   0x00004a90   Data          36  dsp_app.o(.rodata.t_attr)
    [Anonymous Symbol]                       0x00004a90   Section        0  dsp_app.o(.rodata.t_attr)
    .bss                                     0x100000c0   Section       96  libspace.o(.bss)
    SysTimerState                            0x10000128   Data           1  eventrecorder.o(.bss.SysTimerState)
    [Anonymous Symbol]                       0x10000128   Section        0  eventrecorder.o(.bss.SysTimerState)
    TS_OverflowLock                          0x10000129   Data           1  eventrecorder.o(.bss.TS_OverflowLock)
    [Anonymous Symbol]                       0x10000129   Section        0  eventrecorder.o(.bss.TS_OverflowLock)
    EventBuffer                              0x10000180   Data        1024  eventrecorder.o(.bss.noinit)
    [Anonymous Symbol]                       0x10000180   Section        0  eventrecorder.o(.bss.noinit)
    EventFilter                              0x10000580   Data         128  eventrecorder.o(.bss.noinit)
    EventStatus                              0x10000600   Data          36  eventrecorder.o(.bss.noinit)
    os_isr_queue                             0x10000628   Data          64  rtx_lib.o(.bss.os)
    [Anonymous Symbol]                       0x10000628   Section        0  rtx_lib.o(.bss.os)
    os_mem                                   0x10000668   Data        8192  rtx_lib.o(.bss.os)
    PendST                                   0x10002668   Data           1  os_systick.o(.bss.os)
    [Anonymous Symbol]                       0x10002668   Section        0  os_systick.o(.bss.os)
    os_timer_mq_cb                           0x1000266c   Data          52  rtx_lib.o(.bss.os.msgqueue.cb)
    [Anonymous Symbol]                       0x1000266c   Section        0  rtx_lib.o(.bss.os.msgqueue.cb)
    os_timer_mq_data                         0x100026a0   Data          80  rtx_lib.o(.bss.os.msgqueue.mem)
    [Anonymous Symbol]                       0x100026a0   Section        0  rtx_lib.o(.bss.os.msgqueue.mem)
    os_idle_thread_cb                        0x100026f0   Data          68  rtx_lib.o(.bss.os.thread.cb)
    [Anonymous Symbol]                       0x100026f0   Section        0  rtx_lib.o(.bss.os.thread.cb)
    os_timer_thread_cb                       0x10002734   Data          68  rtx_lib.o(.bss.os.thread.cb)
    os_idle_thread_stack                     0x10002778   Data         200  rtx_lib.o(.bss.os.thread.idle.stack)
    [Anonymous Symbol]                       0x10002778   Section        0  rtx_lib.o(.bss.os.thread.idle.stack)
    os_timer_thread_stack                    0x10002840   Data         200  rtx_lib.o(.bss.os.thread.timer.stack)
    [Anonymous Symbol]                       0x10002840   Section        0  rtx_lib.o(.bss.os.thread.timer.stack)
    os_kernel_is_active.os_kernel_active     0x10002908   Data           1  rtx_lib.o(.bss.os_kernel_is_active.os_kernel_active)
    [Anonymous Symbol]                       0x10002908   Section        0  rtx_lib.o(.bss.os_kernel_is_active.os_kernel_active)
    Heap_Mem                                 0x10002928   Data         512  startup_lpc17xx.o(HEAP)
    HEAP                                     0x10002928   Section      512  startup_lpc17xx.o(HEAP)
    Stack_Mem                                0x10002b28   Data         512  startup_lpc17xx.o(STACK)
    STACK                                    0x10002b28   Section      512  startup_lpc17xx.o(STACK)
    __initial_sp                             0x10002d28   Data           0  startup_lpc17xx.o(STACK)
    FPCCR                                    0xe000ef34   Number         0  irq_armv7m.o ABSOLUTE

    Global Symbols

    Symbol Name                              Value     Ov Type        Size  Object(Section)

    BuildAttributes$$THM_ISAv4$P$D$K$B$S$PE$A:L22UL41UL21$X:L11$S22US41US21$IEEE1$IW$~IW$USESV6$~STKCKD$USESV7$~SHL$OTIME$ROPI$IEEEX$EBA8$UX$STANDARDLIB$REQ8$PRES8$EABIv2 0x00000000   Number         0  anon$$obj.o ABSOLUTE
    __Vectors                                0x00000000   Data           4  startup_lpc17xx.o(RESET)
    __fp_init_empty                          0x00000000   Number         0  fpinit_empty.o ABSOLUTE
    .bss.os.evflags.cb$$Base                  - Undefined Weak Reference
    .bss.os.evflags.cb$$Limit                 - Undefined Weak Reference
    .bss.os.mempool.cb$$Base                  - Undefined Weak Reference
    .bss.os.mempool.cb$$Limit                 - Undefined Weak Reference
    .bss.os.mutex.cb$$Base                    - Undefined Weak Reference
    .bss.os.mutex.cb$$Limit                   - Undefined Weak Reference
    .bss.os.semaphore.cb$$Base                - Undefined Weak Reference
    .bss.os.semaphore.cb$$Limit               - Undefined Weak Reference
    .bss.os.timer.cb$$Base                    - Undefined Weak Reference
    .bss.os.timer.cb$$Limit                   - Undefined Weak Reference
    __ARM_exceptions_init                     - Undefined Weak Reference
    __alloca_initialize                       - Undefined Weak Reference
    __arm_preinit_                            - Undefined Weak Reference
    __arm_relocate_pie_                       - Undefined Weak Reference
    __cpp_initialize__aeabi_                  - Undefined Weak Reference
    __cxa_finalize                            - Undefined Weak Reference
    __rt_locale                               - Undefined Weak Reference
    __sigvec_lookup                           - Undefined Weak Reference
    _atexit_init                              - Undefined Weak Reference
    _call_atexit_fns                          - Undefined Weak Reference
    _clock_init                               - Undefined Weak Reference
    _fp_trap_init                             - Undefined Weak Reference
    _fp_trap_shutdown                         - Undefined Weak Reference
    _get_lc_collate                           - Undefined Weak Reference
    _get_lc_ctype                             - Undefined Weak Reference
    _get_lc_monetary                          - Undefined Weak Reference
    _get_lc_numeric                           - Undefined Weak Reference
    _get_lc_time                              - Undefined Weak Reference
    _getenv_init                              - Undefined Weak Reference
    _handle_redirection                       - Undefined Weak Reference
    _init_alloc                               - Undefined Weak Reference
    _init_user_alloc                          - Undefined Weak Reference
    _initio                                   - Undefined Weak Reference
    _rand_init                                - Undefined Weak Reference
    _signal_finish                            - Undefined Weak Reference
    _signal_init                              - Undefined Weak Reference
    _terminate_alloc                          - Undefined Weak Reference
    _terminate_user_alloc                     - Undefined Weak Reference
    _terminateio                              - Undefined Weak Reference
    __main                                   0x000000cd   Thumb Code     8  __main.o(!!!main)
    __scatterload                            0x000000d5   Thumb Code     0  __scatter.o(!!!scatter)
    __scatterload_rt2                        0x000000d5   Thumb Code    44  __scatter.o(!!!scatter)
    __scatterload_rt2_thumb_only             0x000000d5   Thumb Code     0  __scatter.o(!!!scatter)
    __scatterload_null                       0x000000e3   Thumb Code     0  __scatter.o(!!!scatter)
    __scatterload_copy                       0x00000109   Thumb Code    26  __scatter_copy.o(!!handler_copy)
    __scatterload_zeroinit                   0x00000125   Thumb Code    28  __scatter_zi.o(!!handler_zi)
    __rt_lib_init                            0x00000141   Thumb Code     0  libinit.o(.ARM.Collect$$libinit$$00000000)
    __rt_lib_init_alloca_1                   0x00000143   Thumb Code     0  libinit2.o(.ARM.Collect$$libinit$$00000030)
    __rt_lib_init_argv_1                     0x00000143   Thumb Code     0  libinit2.o(.ARM.Collect$$libinit$$0000002E)
    __rt_lib_init_atexit_1                   0x00000143   Thumb Code     0  libinit2.o(.ARM.Collect$$libinit$$0000001D)
    __rt_lib_init_clock_1                    0x00000143   Thumb Code     0  libinit2.o(.ARM.Collect$$libinit$$00000023)
    __rt_lib_init_cpp_1                      0x00000143   Thumb Code     0  libinit2.o(.ARM.Collect$$libinit$$00000034)
    __rt_lib_init_exceptions_1               0x00000143   Thumb Code     0  libinit2.o(.ARM.Collect$$libinit$$00000032)
    __rt_lib_init_fp_1                       0x00000143   Thumb Code     0  libinit2.o(.ARM.Collect$$libinit$$00000002)
    __rt_lib_init_fp_trap_1                  0x00000143   Thumb Code     0  libinit2.o(.ARM.Collect$$libinit$$00000021)
    __rt_lib_init_getenv_1                   0x00000143   Thumb Code     0  libinit2.o(.ARM.Collect$$libinit$$00000025)
    __rt_lib_init_heap_1                     0x00000143   Thumb Code     0  libinit2.o(.ARM.Collect$$libinit$$0000000C)
    __rt_lib_init_lc_collate_1               0x00000143   Thumb Code     0  libinit2.o(.ARM.Collect$$libinit$$00000013)
    __rt_lib_init_lc_ctype_1                 0x00000143   Thumb Code     0  libinit2.o(.ARM.Collect$$libinit$$00000015)
    __rt_lib_init_lc_monetary_1              0x00000143   Thumb Code     0  libinit2.o(.ARM.Collect$$libinit$$00000017)
    __rt_lib_init_lc_numeric_1               0x00000143   Thumb Code     0  libinit2.o(.ARM.Collect$$libinit$$00000019)
    __rt_lib_init_lc_time_1                  0x00000143   Thumb Code     0  libinit2.o(.ARM.Collect$$libinit$$0000001B)
    __rt_lib_init_preinit_1                  0x00000143   Thumb Code     0  libinit2.o(.ARM.Collect$$libinit$$00000006)
    __rt_lib_init_rand_1                     0x00000143   Thumb Code     0  libinit2.o(.ARM.Collect$$libinit$$00000010)
    __rt_lib_init_relocate_pie_1             0x00000143   Thumb Code     0  libinit2.o(.ARM.Collect$$libinit$$00000004)
    __rt_lib_init_return                     0x00000143   Thumb Code     0  libinit2.o(.ARM.Collect$$libinit$$00000035)
    __rt_lib_init_signal_1                   0x00000143   Thumb Code     0  libinit2.o(.ARM.Collect$$libinit$$0000001F)
    __rt_lib_init_stdio_1                    0x00000143   Thumb Code     0  libinit2.o(.ARM.Collect$$libinit$$00000027)
    __rt_lib_init_user_alloc_1               0x00000143   Thumb Code     0  libinit2.o(.ARM.Collect$$libinit$$0000000E)
    __rt_lib_shutdown                        0x00000145   Thumb Code     0  libshutdown.o(.ARM.Collect$$libshutdown$$00000000)
    __rt_lib_shutdown_cpp_1                  0x00000147   Thumb Code     0  libshutdown2.o(.ARM.Collect$$libshutdown$$00000002)
    __rt_lib_shutdown_fp_trap_1              0x00000147   Thumb Code     0  libshutdown2.o(.ARM.Collect$$libshutdown$$00000007)
    __rt_lib_shutdown_heap_1                 0x00000147   Thumb Code     0  libshutdown2.o(.ARM.Collect$$libshutdown$$0000000F)
    __rt_lib_shutdown_return                 0x00000147   Thumb Code     0  libshutdown2.o(.ARM.Collect$$libshutdown$$00000010)
    __rt_lib_shutdown_signal_1               0x00000147   Thumb Code     0  libshutdown2.o(.ARM.Collect$$libshutdown$$0000000A)
    __rt_lib_shutdown_stdio_1                0x00000147   Thumb Code     0  libshutdown2.o(.ARM.Collect$$libshutdown$$00000004)
    __rt_lib_shutdown_user_alloc_1           0x00000147   Thumb Code     0  libshutdown2.o(.ARM.Collect$$libshutdown$$0000000C)
    __rt_entry                               0x00000149   Thumb Code     0  __rtentry.o(.ARM.Collect$$rtentry$$00000000)
    __rt_entry_presh_1                       0x00000149   Thumb Code     0  __rtentry2.o(.ARM.Collect$$rtentry$$00000002)
    __rt_entry_sh                            0x00000149   Thumb Code     0  __rtentry4.o(.ARM.Collect$$rtentry$$00000004)
    __rt_entry_postsh_1                      0x0000014f   Thumb Code     0  __rtentry2.o(.ARM.Collect$$rtentry$$00000008)
    __rt_entry_li                            0x00000157   Thumb Code     0  __rtentry2.o(.ARM.Collect$$rtentry$$0000000A)
    __rt_entry_main                          0x0000015b   Thumb Code     0  __rtentry2.o(.ARM.Collect$$rtentry$$0000000D)
    __rt_entry_postli_1                      0x0000015b   Thumb Code     0  __rtentry2.o(.ARM.Collect$$rtentry$$0000000C)
    __rt_exit                                0x00000163   Thumb Code     0  rtexit.o(.ARM.Collect$$rtexit$$00000000)
    __rt_exit_ls                             0x00000165   Thumb Code     0  rtexit2.o(.ARM.Collect$$rtexit$$00000003)
    __rt_exit_prels_1                        0x00000165   Thumb Code     0  rtexit2.o(.ARM.Collect$$rtexit$$00000002)
    __rt_exit_exit                           0x00000169   Thumb Code     0  rtexit2.o(.ARM.Collect$$rtexit$$00000004)
    SVC_Handler                              0x00000171   Thumb Code   144  irq_armv7m.o(.text)
    PendSV_Handler                           0x00000201   Thumb Code    16  irq_armv7m.o(.text)
    SysTick_Handler                          0x00000211   Thumb Code    16  irq_armv7m.o(.text)
    Reset_Handler                            0x0000022d   Thumb Code     8  startup_lpc17xx.o(.text)
    NMI_Handler                              0x00000235   Thumb Code     2  startup_lpc17xx.o(.text)
    HardFault_Handler                        0x00000237   Thumb Code     2  startup_lpc17xx.o(.text)
    MemManage_Handler                        0x00000239   Thumb Code     2  startup_lpc17xx.o(.text)
    BusFault_Handler                         0x0000023b   Thumb Code     2  startup_lpc17xx.o(.text)
    UsageFault_Handler                       0x0000023d   Thumb Code     2  startup_lpc17xx.o(.text)
    DebugMon_Handler                         0x00000241   Thumb Code     2  startup_lpc17xx.o(.text)
    ADC_IRQHandler                           0x00000247   Thumb Code     0  startup_lpc17xx.o(.text)
    BOD_IRQHandler                           0x00000247   Thumb Code     0  startup_lpc17xx.o(.text)
    CANActivity_IRQHandler                   0x00000247   Thumb Code     0  startup_lpc17xx.o(.text)
    CAN_IRQHandler                           0x00000247   Thumb Code     0  startup_lpc17xx.o(.text)
    DMA_IRQHandler                           0x00000247   Thumb Code     0  startup_lpc17xx.o(.text)
    EINT0_IRQHandler                         0x00000247   Thumb Code     0  startup_lpc17xx.o(.text)
    EINT1_IRQHandler                         0x00000247   Thumb Code     0  startup_lpc17xx.o(.text)
    EINT2_IRQHandler                         0x00000247   Thumb Code     0  startup_lpc17xx.o(.text)
    EINT3_IRQHandler                         0x00000247   Thumb Code     0  startup_lpc17xx.o(.text)
    ENET_IRQHandler                          0x00000247   Thumb Code     0  startup_lpc17xx.o(.text)
    I2C0_IRQHandler                          0x00000247   Thumb Code     0  startup_lpc17xx.o(.text)
    I2C1_IRQHandler                          0x00000247   Thumb Code     0  startup_lpc17xx.o(.text)
    I2C2_IRQHandler                          0x00000247   Thumb Code     0  startup_lpc17xx.o(.text)
    I2S_IRQHandler                           0x00000247   Thumb Code     0  startup_lpc17xx.o(.text)
    MCPWM_IRQHandler                         0x00000247   Thumb Code     0  startup_lpc17xx.o(.text)
    PLL0_IRQHandler                          0x00000247   Thumb Code     0  startup_lpc17xx.o(.text)
    PLL1_IRQHandler                          0x00000247   Thumb Code     0  startup_lpc17xx.o(.text)
    PWM1_IRQHandler                          0x00000247   Thumb Code     0  startup_lpc17xx.o(.text)
    QEI_IRQHandler                           0x00000247   Thumb Code     0  startup_lpc17xx.o(.text)
    RIT_IRQHandler                           0x00000247   Thumb Code     0  startup_lpc17xx.o(.text)
    RTC_IRQHandler                           0x00000247   Thumb Code     0  startup_lpc17xx.o(.text)
    SPI_IRQHandler                           0x00000247   Thumb Code     0  startup_lpc17xx.o(.text)
    SSP0_IRQHandler                          0x00000247   Thumb Code     0  startup_lpc17xx.o(.text)
    SSP1_IRQHandler                          0x00000247   Thumb Code     0  startup_lpc17xx.o(.text)
    TIMER0_IRQHandler                        0x00000247   Thumb Code     0  startup_lpc17xx.o(.text)
    TIMER1_IRQHandler                        0x00000247   Thumb Code     0  startup_lpc17xx.o(.text)
    TIMER3_IRQHandler                        0x00000247   Thumb Code     0  startup_lpc17xx.o(.text)
    UART0_IRQHandler                         0x00000247   Thumb Code     0  startup_lpc17xx.o(.text)
    UART1_IRQHandler                         0x00000247   Thumb Code     0  startup_lpc17xx.o(.text)
    UART2_IRQHandler                         0x00000247   Thumb Code     0  startup_lpc17xx.o(.text)
    UART3_IRQHandler                         0x00000247   Thumb Code     0  startup_lpc17xx.o(.text)
    USBActivity_IRQHandler                   0x00000247   Thumb Code     0  startup_lpc17xx.o(.text)
    USB_IRQHandler                           0x00000247   Thumb Code     0  startup_lpc17xx.o(.text)
    WDT_IRQHandler                           0x00000247   Thumb Code     0  startup_lpc17xx.o(.text)
    __user_initial_stackheap                 0x00000249   Thumb Code     0  startup_lpc17xx.o(.text)
    __aeabi_memcpy                           0x0000026d   Thumb Code     0  rt_memcpy_v6.o(.text)
    __rt_memcpy                              0x0000026d   Thumb Code   138  rt_memcpy_v6.o(.text)
    _memcpy_lastbytes                        0x000002d3   Thumb Code     0  rt_memcpy_v6.o(.text)
    __use_two_region_memory                  0x000002f7   Thumb Code     2  heapauxi.o(.text)
    __rt_heap_escrow$2region                 0x000002f9   Thumb Code     2  heapauxi.o(.text)
    __rt_heap_expand$2region                 0x000002fb   Thumb Code     2  heapauxi.o(.text)
    __aeabi_memcpy4                          0x00000301   Thumb Code     0  rt_memcpy_w.o(.text)
    __aeabi_memcpy8                          0x00000301   Thumb Code     0  rt_memcpy_w.o(.text)
    __rt_memcpy_w                            0x00000301   Thumb Code   100  rt_memcpy_w.o(.text)
    _memcpy_lastbytes_aligned                0x00000349   Thumb Code     0  rt_memcpy_w.o(.text)
    __aeabi_memset4                          0x00000365   Thumb Code    16  aeabi_memset4.o(.text)
    __aeabi_memset8                          0x00000365   Thumb Code     0  aeabi_memset4.o(.text)
    __aeabi_memclr                           0x00000375   Thumb Code     0  rt_memclr.o(.text)
    __rt_memclr                              0x00000375   Thumb Code     0  rt_memclr.o(.text)
    _memset                                  0x00000379   Thumb Code    64  rt_memclr.o(.text)
    __aeabi_memclr4                          0x000003b9   Thumb Code     0  rt_memclr_w.o(.text)
    __aeabi_memclr8                          0x000003b9   Thumb Code     0  rt_memclr_w.o(.text)
    __rt_memclr_w                            0x000003b9   Thumb Code     0  rt_memclr_w.o(.text)
    _memset_w                                0x000003bd   Thumb Code    74  rt_memclr_w.o(.text)
    __user_libspace                          0x00000409   Thumb Code     8  libspace.o(.text)
    __user_perproc_libspace                  0x00000409   Thumb Code     0  libspace.o(.text)
    __user_setup_stackheap                   0x00000411   Thumb Code    74  sys_stackheap_outer.o(.text)
    exit                                     0x0000045b   Thumb Code    18  exit.o(.text)
    _sys_exit                                0x0000046d   Thumb Code     8  sys_exit.o(.text)
    __I$use$semihosting                      0x00000479   Thumb Code     0  use_no_semi.o(.text)
    __use_no_semihosting_swi                 0x00000479   Thumb Code     2  use_no_semi.o(.text)
    __semihosting_library_function           0x0000047b   Thumb Code     0  indicate_semi.o(.text)
    ADC_Init                                 0x0000047d   Thumb Code    76  adc.o(.text.ADC_Init)
    DAC_Init                                 0x000004c9   Thumb Code    56  dac.o(.text.DAC_Init)
    EventRecord2                             0x00000501   Thumb Code   406  eventrecorder.o(.text.EventRecord2)
    EventRecord4                             0x00000699   Thumb Code   682  eventrecorder.o(.text.EventRecord4)
    EventRecorderInitialize                  0x00000945   Thumb Code   718  eventrecorder.o(.text.EventRecorderInitialize)
    EventRecorderStart                       0x00000c15   Thumb Code   328  eventrecorder.o(.text.EventRecorderStart)
    EventRecorderTimerGetCount               0x00000d5d   Thumb Code    44  eventrecorder.o(.text.EventRecorderTimerGetCount)
    EventRecorderTimerGetFreq                0x00000d89   Thumb Code    44  eventrecorder.o(.text.EventRecorderTimerGetFreq)
    EventRecorderTimerSetup                  0x00000db5   Thumb Code    16  eventrecorder.o(.text.EventRecorderTimerSetup)
    EvrRtxDelayCompleted                     0x00000dc5   Thumb Code    16  rtx_evr.o(.text.EvrRtxDelayCompleted)
    EvrRtxEventFlagsCreated                  0x00000dd5   Thumb Code    16  rtx_evr.o(.text.EvrRtxEventFlagsCreated)
    EvrRtxEventFlagsError                    0x00000de5   Thumb Code    12  rtx_evr.o(.text.EvrRtxEventFlagsError)
    EvrRtxEventFlagsNew                      0x00000df1   Thumb Code    16  rtx_evr.o(.text.EvrRtxEventFlagsNew)
    EvrRtxEventFlagsSet                      0x00000e01   Thumb Code    16  rtx_evr.o(.text.EvrRtxEventFlagsSet)
    EvrRtxEventFlagsSetDone                  0x00000e11   Thumb Code    16  rtx_evr.o(.text.EvrRtxEventFlagsSetDone)
    EvrRtxEventFlagsWait                     0x00000e21   Thumb Code    32  rtx_evr.o(.text.EvrRtxEventFlagsWait)
    EvrRtxEventFlagsWaitCompleted            0x00000e41   Thumb Code    32  rtx_evr.o(.text.EvrRtxEventFlagsWaitCompleted)
    EvrRtxEventFlagsWaitNotCompleted         0x00000e61   Thumb Code    34  rtx_evr.o(.text.EvrRtxEventFlagsWaitNotCompleted)
    EvrRtxEventFlagsWaitPending              0x00000e85   Thumb Code    32  rtx_evr.o(.text.EvrRtxEventFlagsWaitPending)
    EvrRtxEventFlagsWaitTimeout              0x00000ea5   Thumb Code    16  rtx_evr.o(.text.EvrRtxEventFlagsWaitTimeout)
    EvrRtxKernelError                        0x00000eb5   Thumb Code    12  rtx_evr.o(.text.EvrRtxKernelError)
    EvrRtxKernelErrorNotify                  0x00000ec1   Thumb Code    12  rtx_evr.o(.text.EvrRtxKernelErrorNotify)
    EvrRtxKernelInitialize                   0x00000ecd   Thumb Code    16  rtx_evr.o(.text.EvrRtxKernelInitialize)
    EvrRtxKernelInitialized                  0x00000edd   Thumb Code    16  rtx_evr.o(.text.EvrRtxKernelInitialized)
    EvrRtxKernelStart                        0x00000eed   Thumb Code    16  rtx_evr.o(.text.EvrRtxKernelStart)
    EvrRtxKernelStarted                      0x00000efd   Thumb Code    16  rtx_evr.o(.text.EvrRtxKernelStarted)
    EvrRtxMemoryAlloc                        0x00000f0d   Thumb Code    32  rtx_evr.o(.text.EvrRtxMemoryAlloc)
    EvrRtxMemoryBlockAlloc                   0x00000f2d   Thumb Code    16  rtx_evr.o(.text.EvrRtxMemoryBlockAlloc)
    EvrRtxMemoryBlockFree                    0x00000f3d   Thumb Code    34  rtx_evr.o(.text.EvrRtxMemoryBlockFree)
    EvrRtxMemoryBlockInit                    0x00000f61   Thumb Code    32  rtx_evr.o(.text.EvrRtxMemoryBlockInit)
    EvrRtxMemoryFree                         0x00000f81   Thumb Code    34  rtx_evr.o(.text.EvrRtxMemoryFree)
    EvrRtxMemoryInit                         0x00000fa5   Thumb Code    30  rtx_evr.o(.text.EvrRtxMemoryInit)
    EvrRtxMemoryPoolAlloc                    0x00000fc5   Thumb Code    16  rtx_evr.o(.text.EvrRtxMemoryPoolAlloc)
    EvrRtxMemoryPoolAllocFailed              0x00000fd5   Thumb Code    16  rtx_evr.o(.text.EvrRtxMemoryPoolAllocFailed)
    EvrRtxMemoryPoolAllocPending             0x00000fe5   Thumb Code    16  rtx_evr.o(.text.EvrRtxMemoryPoolAllocPending)
    EvrRtxMemoryPoolAllocTimeout             0x00000ff5   Thumb Code    16  rtx_evr.o(.text.EvrRtxMemoryPoolAllocTimeout)
    EvrRtxMemoryPoolAllocated                0x00001005   Thumb Code    16  rtx_evr.o(.text.EvrRtxMemoryPoolAllocated)
    EvrRtxMemoryPoolCreated                  0x00001015   Thumb Code    16  rtx_evr.o(.text.EvrRtxMemoryPoolCreated)
    EvrRtxMemoryPoolDeallocated              0x00001025   Thumb Code    16  rtx_evr.o(.text.EvrRtxMemoryPoolDeallocated)
    EvrRtxMemoryPoolError                    0x00001035   Thumb Code    12  rtx_evr.o(.text.EvrRtxMemoryPoolError)
    EvrRtxMemoryPoolFree                     0x00001041   Thumb Code    16  rtx_evr.o(.text.EvrRtxMemoryPoolFree)
    EvrRtxMemoryPoolFreeFailed               0x00001051   Thumb Code    16  rtx_evr.o(.text.EvrRtxMemoryPoolFreeFailed)
    EvrRtxMemoryPoolNew                      0x00001061   Thumb Code    34  rtx_evr.o(.text.EvrRtxMemoryPoolNew)
    EvrRtxMessageQueueCreated                0x00001085   Thumb Code    16  rtx_evr.o(.text.EvrRtxMessageQueueCreated)
    EvrRtxMessageQueueError                  0x00001095   Thumb Code    12  rtx_evr.o(.text.EvrRtxMessageQueueError)
    EvrRtxMessageQueueGet                    0x000010a1   Thumb Code    32  rtx_evr.o(.text.EvrRtxMessageQueueGet)
    EvrRtxMessageQueueGetPending             0x000010c1   Thumb Code    34  rtx_evr.o(.text.EvrRtxMessageQueueGetPending)
    EvrRtxMessageQueueGetTimeout             0x000010e5   Thumb Code    16  rtx_evr.o(.text.EvrRtxMessageQueueGetTimeout)
    EvrRtxMessageQueueInsertPending          0x000010f5   Thumb Code    16  rtx_evr.o(.text.EvrRtxMessageQueueInsertPending)
    EvrRtxMessageQueueInserted               0x00001105   Thumb Code    16  rtx_evr.o(.text.EvrRtxMessageQueueInserted)
    EvrRtxMessageQueueNotInserted            0x00001115   Thumb Code    16  rtx_evr.o(.text.EvrRtxMessageQueueNotInserted)
    EvrRtxMessageQueueNotRetrieved           0x00001125   Thumb Code    16  rtx_evr.o(.text.EvrRtxMessageQueueNotRetrieved)
    EvrRtxMessageQueuePut                    0x00001135   Thumb Code    32  rtx_evr.o(.text.EvrRtxMessageQueuePut)
    EvrRtxMessageQueuePutPending             0x00001155   Thumb Code    34  rtx_evr.o(.text.EvrRtxMessageQueuePutPending)
    EvrRtxMessageQueuePutTimeout             0x00001179   Thumb Code    16  rtx_evr.o(.text.EvrRtxMessageQueuePutTimeout)
    EvrRtxMessageQueueRetrieved              0x00001189   Thumb Code    16  rtx_evr.o(.text.EvrRtxMessageQueueRetrieved)
    EvrRtxMutexAcquire                       0x00001199   Thumb Code    16  rtx_evr.o(.text.EvrRtxMutexAcquire)
    EvrRtxMutexAcquirePending                0x000011a9   Thumb Code    16  rtx_evr.o(.text.EvrRtxMutexAcquirePending)
    EvrRtxMutexAcquireTimeout                0x000011b9   Thumb Code    16  rtx_evr.o(.text.EvrRtxMutexAcquireTimeout)
    EvrRtxMutexAcquired                      0x000011c9   Thumb Code    16  rtx_evr.o(.text.EvrRtxMutexAcquired)
    EvrRtxMutexCreated                       0x000011d9   Thumb Code    16  rtx_evr.o(.text.EvrRtxMutexCreated)
    EvrRtxMutexDelete                        0x000011e9   Thumb Code    16  rtx_evr.o(.text.EvrRtxMutexDelete)
    EvrRtxMutexDestroyed                     0x000011f9   Thumb Code    16  rtx_evr.o(.text.EvrRtxMutexDestroyed)
    EvrRtxMutexError                         0x00001209   Thumb Code    12  rtx_evr.o(.text.EvrRtxMutexError)
    EvrRtxMutexNew                           0x00001215   Thumb Code    16  rtx_evr.o(.text.EvrRtxMutexNew)
    EvrRtxMutexNotAcquired                   0x00001225   Thumb Code    16  rtx_evr.o(.text.EvrRtxMutexNotAcquired)
    EvrRtxMutexRelease                       0x00001235   Thumb Code    16  rtx_evr.o(.text.EvrRtxMutexRelease)
    EvrRtxMutexReleased                      0x00001245   Thumb Code    16  rtx_evr.o(.text.EvrRtxMutexReleased)
    EvrRtxSemaphoreAcquireTimeout            0x00001255   Thumb Code    16  rtx_evr.o(.text.EvrRtxSemaphoreAcquireTimeout)
    EvrRtxThreadBlocked                      0x00001265   Thumb Code    16  rtx_evr.o(.text.EvrRtxThreadBlocked)
    EvrRtxThreadCreated                      0x00001275   Thumb Code    24  rtx_evr.o(.text.EvrRtxThreadCreated)
    EvrRtxThreadDestroyed                    0x0000128d   Thumb Code    16  rtx_evr.o(.text.EvrRtxThreadDestroyed)
    EvrRtxThreadError                        0x0000129d   Thumb Code    12  rtx_evr.o(.text.EvrRtxThreadError)
    EvrRtxThreadExit                         0x000012a9   Thumb Code    16  rtx_evr.o(.text.EvrRtxThreadExit)
    EvrRtxThreadFlagsWaitCompleted           0x000012b9   Thumb Code    32  rtx_evr.o(.text.EvrRtxThreadFlagsWaitCompleted)
    EvrRtxThreadFlagsWaitTimeout             0x000012d9   Thumb Code    16  rtx_evr.o(.text.EvrRtxThreadFlagsWaitTimeout)
    EvrRtxThreadJoined                       0x000012e9   Thumb Code    16  rtx_evr.o(.text.EvrRtxThreadJoined)
    EvrRtxThreadNew                          0x000012f9   Thumb Code    34  rtx_evr.o(.text.EvrRtxThreadNew)
    EvrRtxThreadPreempted                    0x0000131d   Thumb Code    16  rtx_evr.o(.text.EvrRtxThreadPreempted)
    EvrRtxThreadSwitched                     0x0000132d   Thumb Code    16  rtx_evr.o(.text.EvrRtxThreadSwitched)
    EvrRtxThreadUnblocked                    0x0000133d   Thumb Code    16  rtx_evr.o(.text.EvrRtxThreadUnblocked)
    EvrRtxTimerCallback                      0x0000134d   Thumb Code    16  rtx_evr.o(.text.EvrRtxTimerCallback)
    OS_Tick_AcknowledgeIRQ                   0x0000135d   Thumb Code    12  os_systick.o(.text.OS_Tick_AcknowledgeIRQ)
    OS_Tick_Enable                           0x00001369   Thumb Code    50  os_systick.o(.text.OS_Tick_Enable)
    OS_Tick_GetClock                         0x0000139d   Thumb Code    12  os_systick.o(.text.OS_Tick_GetClock)
    OS_Tick_GetCount                         0x000013a9   Thumb Code    16  os_systick.o(.text.OS_Tick_GetCount)
    OS_Tick_GetIRQn                          0x000013b9   Thumb Code     6  os_systick.o(.text.OS_Tick_GetIRQn)
    OS_Tick_GetInterval                      0x000013c1   Thumb Code    14  os_systick.o(.text.OS_Tick_GetInterval)
    OS_Tick_GetOverflow                      0x000013d1   Thumb Code    16  os_systick.o(.text.OS_Tick_GetOverflow)
    OS_Tick_Setup                            0x000013e1   Thumb Code    72  os_systick.o(.text.OS_Tick_Setup)
    RTX_Features_Init                        0x00001429   Thumb Code   146  dsp_app.o(.text.RTX_Features_Init)
    SigMod                                   0x000014bd   Thumb Code   126  dsp_app.o(.text.SigMod)
    SystemInit                               0x0000153d   Thumb Code   204  system_lpc17xx.o(.text.SystemInit)
    TIM2_Init                                0x00001609   Thumb Code    76  timer.o(.text.TIM2_Init)
    TIM2_Start                               0x00001655   Thumb Code    16  timer.o(.text.TIM2_Start)
    TIMER2_IRQHandler                        0x00001665   Thumb Code   402  dsp_app.o(.text.TIMER2_IRQHandler)
    _mutex_acquire                           0x000017f9   Thumb Code    50  rtx_lib.o(.text._mutex_acquire)
    _mutex_free                              0x0000182d   Thumb Code     6  rtx_lib.o(.text._mutex_free)
    _mutex_initialize                        0x00001835   Thumb Code    32  rtx_lib.o(.text._mutex_initialize)
    _mutex_release                           0x00001855   Thumb Code    46  rtx_lib.o(.text._mutex_release)
    _platform_post_stackheap_init            0x00001885   Thumb Code     4  rtx_lib.o(.text._platform_post_stackheap_init)
    arm_biquad_cascade_df1_init_q15          0x00001889   Thumb Code    26  filteringfunctions.o(.text.arm_biquad_cascade_df1_init_q15)
    arm_biquad_cascade_df1_q15               0x000018a5   Thumb Code   246  filteringfunctions.o(.text.arm_biquad_cascade_df1_q15)
    arm_float_to_q15                         0x0000199d   Thumb Code    46  supportfunctions.o(.text.arm_float_to_q15)
    arm_q15_to_float                         0x000019cd   Thumb Code    42  supportfunctions.o(.text.arm_q15_to_float)
    iirExec_q15                              0x000019f9   Thumb Code    20  dsp_iir.o(.text.iirExec_q15)
    iirInit_q15                              0x00001a0d   Thumb Code    46  dsp_iir.o(.text.iirInit_q15)
    main                                     0x00001a3d   Thumb Code    50  dsp_app.o(.text.main)
    osEventFlagsNew                          0x00001a71   Thumb Code    56  rtx_evflags.o(.text.osEventFlagsNew)
    osEventFlagsSet                          0x00001aa9   Thumb Code   112  rtx_evflags.o(.text.osEventFlagsSet)
    osEventFlagsWait                         0x00001b19   Thumb Code   224  rtx_evflags.o(.text.osEventFlagsWait)
    osKernelGetState                         0x00001bf9   Thumb Code    50  rtx_kernel.o(.text.osKernelGetState)
    osKernelGetSysTimerCount                 0x00001c2d   Thumb Code    72  rtx_kernel.o(.text.osKernelGetSysTimerCount)
    osKernelGetSysTimerFreq                  0x00001c75   Thumb Code    40  rtx_kernel.o(.text.osKernelGetSysTimerFreq)
    osKernelInitialize                       0x00001c9d   Thumb Code    54  rtx_kernel.o(.text.osKernelInitialize)
    osKernelStart                            0x00001cd5   Thumb Code    50  rtx_kernel.o(.text.osKernelStart)
    osMemoryPoolAlloc                        0x00001d09   Thumb Code   158  rtx_mempool.o(.text.osMemoryPoolAlloc)
    osMemoryPoolFree                         0x00001da9   Thumb Code   192  rtx_mempool.o(.text.osMemoryPoolFree)
    osMemoryPoolNew                          0x00001e69   Thumb Code    64  rtx_mempool.o(.text.osMemoryPoolNew)
    osMessageQueueGet                        0x00001ea9   Thumb Code   212  rtx_msgqueue.o(.text.osMessageQueueGet)
    osMessageQueuePut                        0x00001f7d   Thumb Code   162  rtx_msgqueue.o(.text.osMessageQueuePut)
    osMutexAcquire                           0x00002021   Thumb Code    60  rtx_mutex.o(.text.osMutexAcquire)
    osMutexDelete                            0x0000205d   Thumb Code    56  rtx_mutex.o(.text.osMutexDelete)
    osMutexNew                               0x00002095   Thumb Code    56  rtx_mutex.o(.text.osMutexNew)
    osMutexRelease                           0x000020cd   Thumb Code    56  rtx_mutex.o(.text.osMutexRelease)
    osRtxErrorNotify                         0x00002105   Thumb Code     2  rtx_config.o(.text.osRtxErrorNotify)
    osRtxIdleThread                          0x000021c9   Thumb Code     2  rtx_config.o(.text.osRtxIdleThread)
    osRtxKernelErrorNotify                   0x000021cd   Thumb Code    22  rtx_kernel.o(.text.osRtxKernelErrorNotify)
    osRtxKernelPreInit                       0x000021e5   Thumb Code     2  rtx_kernel.o(.text.osRtxKernelPreInit)
    osRtxMemoryAlloc                         0x000021e9   Thumb Code   128  rtx_memory.o(.text.osRtxMemoryAlloc)
    osRtxMemoryFree                          0x00002269   Thumb Code    90  rtx_memory.o(.text.osRtxMemoryFree)
    osRtxMemoryInit                          0x000022c5   Thumb Code    64  rtx_memory.o(.text.osRtxMemoryInit)
    osRtxMemoryPoolAlloc                     0x00002305   Thumb Code    68  rtx_mempool.o(.text.osRtxMemoryPoolAlloc)
    osRtxMemoryPoolFree                      0x00002349   Thumb Code    86  rtx_mempool.o(.text.osRtxMemoryPoolFree)
    osRtxMemoryPoolInit                      0x000023a1   Thumb Code    96  rtx_mempool.o(.text.osRtxMemoryPoolInit)
    osRtxMessageQueueTimerSetup              0x00002625   Thumb Code    44  rtx_msgqueue.o(.text.osRtxMessageQueueTimerSetup)
    osRtxMutexOwnerRelease                   0x00002651   Thumb Code   102  rtx_mutex.o(.text.osRtxMutexOwnerRelease)
    osRtxMutexOwnerRestore                   0x000026b9   Thumb Code    80  rtx_mutex.o(.text.osRtxMutexOwnerRestore)
    osRtxPendSV_Handler                      0x00002709   Thumb Code   136  rtx_system.o(.text.osRtxPendSV_Handler)
    osRtxPostProcess                         0x000027b5   Thumb Code   118  rtx_system.o(.text.osRtxPostProcess)
    osRtxThreadDelayTick                     0x0000282d   Thumb Code   344  rtx_thread.o(.text.osRtxThreadDelayTick)
    osRtxThreadDispatch                      0x00002985   Thumb Code   234  rtx_thread.o(.text.osRtxThreadDispatch)
    osRtxThreadListGet                       0x00002ad5   Thumb Code    20  rtx_thread.o(.text.osRtxThreadListGet)
    osRtxThreadListPut                       0x00002ae9   Thumb Code    44  rtx_thread.o(.text.osRtxThreadListPut)
    osRtxThreadListRemove                    0x00002b15   Thumb Code    26  rtx_thread.o(.text.osRtxThreadListRemove)
    osRtxThreadListSort                      0x00002b31   Thumb Code   112  rtx_thread.o(.text.osRtxThreadListSort)
    osRtxThreadReadyPut                      0x00002c41   Thumb Code    60  rtx_thread.o(.text.osRtxThreadReadyPut)
    osRtxThreadRegPtr                        0x00002c7d   Thumb Code     6  rtx_thread.o(.text.osRtxThreadRegPtr)
    osRtxThreadStackCheck                    0x00002c85   Thumb Code    32  rtx_thread.o(.text.osRtxThreadStackCheck)
    osRtxThreadStartup                       0x00002ca5   Thumb Code    74  rtx_thread.o(.text.osRtxThreadStartup)
    osRtxThreadSwitch                        0x00002cf1   Thumb Code    18  rtx_thread.o(.text.osRtxThreadSwitch)
    osRtxThreadWaitEnter                     0x00002d05   Thumb Code   216  rtx_thread.o(.text.osRtxThreadWaitEnter)
    osRtxThreadWaitExit                      0x00002ddd   Thumb Code   148  rtx_thread.o(.text.osRtxThreadWaitExit)
    osRtxTick_Handler                        0x00002e71   Thumb Code   132  rtx_system.o(.text.osRtxTick_Handler)
    osRtxTimerSetup                          0x00002ef5   Thumb Code    38  rtx_timer.o(.text.osRtxTimerSetup)
    osRtxTimerThread                         0x00002f1d   Thumb Code    42  rtx_timer.o(.text.osRtxTimerThread)
    osThreadExit                             0x00003011   Thumb Code    26  rtx_thread.o(.text.osThreadExit)
    osThreadNew                              0x0000302d   Thumb Code    64  rtx_thread.o(.text.osThreadNew)
    __aeabi_fadd                             0x000043c5   Thumb Code     0  faddsub_clz.o(x$fpl$fadd)
    _fadd                                    0x000043c5   Thumb Code   196  faddsub_clz.o(x$fpl$fadd)
    __aeabi_fdiv                             0x00004489   Thumb Code     0  fdiv.o(x$fpl$fdiv)
    _fdiv                                    0x00004489   Thumb Code   384  fdiv.o(x$fpl$fdiv)
    __aeabi_f2iz                             0x0000460d   Thumb Code     0  ffix.o(x$fpl$ffix)
    _ffix                                    0x0000460d   Thumb Code    54  ffix.o(x$fpl$ffix)
    __aeabi_f2uiz                            0x00004645   Thumb Code     0  ffixu.o(x$fpl$ffixu)
    _ffixu                                   0x00004645   Thumb Code    62  ffixu.o(x$fpl$ffixu)
    __aeabi_i2f                              0x00004685   Thumb Code     0  fflt_clz.o(x$fpl$fflt)
    _fflt                                    0x00004685   Thumb Code    48  fflt_clz.o(x$fpl$fflt)
    __aeabi_ui2f                             0x000046b5   Thumb Code     0  fflt_clz.o(x$fpl$ffltu)
    _ffltu                                   0x000046b5   Thumb Code    38  fflt_clz.o(x$fpl$ffltu)
    __aeabi_fmul                             0x000046dd   Thumb Code     0  fmul.o(x$fpl$fmul)
    _fmul                                    0x000046dd   Thumb Code   258  fmul.o(x$fpl$fmul)
    __fpl_fnaninf                            0x000047df   Thumb Code   140  fnaninf.o(x$fpl$fnaninf)
    __fpl_fretinf                            0x0000486b   Thumb Code    10  fretinf.o(x$fpl$fretinf)
    __aeabi_fsub                             0x00004875   Thumb Code     0  faddsub_clz.o(x$fpl$fsub)
    _fsub                                    0x00004875   Thumb Code   234  faddsub_clz.o(x$fpl$fsub)
    __I$use$fp                               0x0000495e   Number         0  usenofp.o(x$fpl$usenofp)
    osRtxConfig                              0x00004960   Data         112  rtx_lib.o(.rodata)
    os_cb_sections                           0x000049d0   Data          56  rtx_lib.o(.rodata)
    EventRecorderInfo                        0x00004a08   Data          24  eventrecorder.o(.rodata.EventRecorderInfo)
    osRtxUserSVC                             0x00004a20   Data           4  rtx_lib.o(.rodata.osRtxUserSVC)
    Region$$Table$$Base                      0x00004ab4   Number         0  anon$$obj.o(Region$$Table)
    Region$$Table$$Limit                     0x00004ad4   Number         0  anon$$obj.o(Region$$Table)
    SystemCoreClock                          0x10000000   Data           4  system_lpc17xx.o(.data.SystemCoreClock)
    iirCoeff_q15                             0x10000004   Data          24  dsp_iir.o(.data.iirCoeff_q15)
    osRtxInfo                                0x1000001c   Data         164  rtx_kernel.o(.data.os)
    __libspace_start                         0x100000c0   Data          96  libspace.o(.bss)
    DSP_Event                                0x10000120   Data           4  dsp_app.o(.bss.DSP_Event)
    __temporary_stack_top$libspace           0x10000120   Data           0  libspace.o(.bss)
    DSP_MemPool                              0x10000124   Data           4  dsp_app.o(.bss.DSP_MemPool)
    dataTimIrqInIdx                          0x1000012c   Data           4  dsp_app.o(.bss.dataTimIrqInIdx)
    dataTimIrqOutIdx                         0x10000130   Data           4  dsp_app.o(.bss.dataTimIrqOutIdx)
    iirInstance_q15                          0x10000134   Data          16  dsp_iir.o(.bss.iirInstance_q15)
    iirState_q15                             0x10000144   Data          16  dsp_iir.o(.bss.iirState_q15)
    .bss.os.msgqueue.cb$$Base                0x1000266c   Number         0  rtx_lib.o(.bss.os.msgqueue.cb)
    .bss.os.msgqueue.cb$$Limit               0x100026a0   Number         0  rtx_lib.o(.bss.os.msgqueue.cb)
    .bss.os.thread.cb$$Base                  0x100026f0   Number         0  rtx_lib.o(.bss.os.thread.cb)
    .bss.os.thread.cb$$Limit                 0x10002778   Number         0  rtx_lib.o(.bss.os.thread.cb)
    pDataSigModIn                            0x1000290c   Data           4  dsp_app.o(.bss.pDataSigModIn)
    pDataSigModOut                           0x10002910   Data           4  dsp_app.o(.bss.pDataSigModOut)
    pDataTimIrqIn                            0x10002914   Data           4  dsp_app.o(.bss.pDataTimIrqIn)
    pDataTimIrqOut                           0x10002918   Data           4  dsp_app.o(.bss.pDataTimIrqOut)
    tid_SigMod                               0x1000291c   Data           4  dsp_app.o(.bss.tid_SigMod)
    tmpFilterIn                              0x10002920   Data           4  dsp_app.o(.bss.tmpFilterIn)
    tmpFilterOut                             0x10002924   Data           4  dsp_app.o(.bss.tmpFilterOut)



==============================================================================

Memory Map of the image

  Image Entry point : 0x000000cd

  Load Region LR_IROM1 (Base: 0x00000000, Size: 0x00004bc0, Max: 0x00080000, ABSOLUTE)

    Execution Region ER_IROM1 (Exec base: 0x00000000, Load base: 0x00000000, Size: 0x00004ad4, Max: 0x00080000, ABSOLUTE)

    Exec Addr    Load Addr    Size         Type   Attr      Idx    E Section Name        Object

    0x00000000   0x00000000   0x000000cc   Data   RO         2774    RESET               startup_lpc17xx.o
    0x000000cc   0x000000cc   0x00000008   Code   RO         2816  * !!!main             c_w.l(__main.o)
    0x000000d4   0x000000d4   0x00000034   Code   RO         3191    !!!scatter          c_w.l(__scatter.o)
    0x00000108   0x00000108   0x0000001a   Code   RO         3193    !!handler_copy      c_w.l(__scatter_copy.o)
    0x00000122   0x00000122   0x00000002   PAD
    0x00000124   0x00000124   0x0000001c   Code   RO         3195    !!handler_zi        c_w.l(__scatter_zi.o)
    0x00000140   0x00000140   0x00000002   Code   RO         3052    .ARM.Collect$$libinit$$00000000  c_w.l(libinit.o)
    0x00000142   0x00000142   0x00000000   Code   RO         3064    .ARM.Collect$$libinit$$00000002  c_w.l(libinit2.o)
    0x00000142   0x00000142   0x00000000   Code   RO         3066    .ARM.Collect$$libinit$$00000004  c_w.l(libinit2.o)
    0x00000142   0x00000142   0x00000000   Code   RO         3068    .ARM.Collect$$libinit$$00000006  c_w.l(libinit2.o)
    0x00000142   0x00000142   0x00000000   Code   RO         3071    .ARM.Collect$$libinit$$0000000C  c_w.l(libinit2.o)
    0x00000142   0x00000142   0x00000000   Code   RO         3073    .ARM.Collect$$libinit$$0000000E  c_w.l(libinit2.o)
    0x00000142   0x00000142   0x00000000   Code   RO         3075    .ARM.Collect$$libinit$$00000010  c_w.l(libinit2.o)
    0x00000142   0x00000142   0x00000000   Code   RO         3078    .ARM.Collect$$libinit$$00000013  c_w.l(libinit2.o)
    0x00000142   0x00000142   0x00000000   Code   RO         3080    .ARM.Collect$$libinit$$00000015  c_w.l(libinit2.o)
    0x00000142   0x00000142   0x00000000   Code   RO         3082    .ARM.Collect$$libinit$$00000017  c_w.l(libinit2.o)
    0x00000142   0x00000142   0x00000000   Code   RO         3084    .ARM.Collect$$libinit$$00000019  c_w.l(libinit2.o)
    0x00000142   0x00000142   0x00000000   Code   RO         3086    .ARM.Collect$$libinit$$0000001B  c_w.l(libinit2.o)
    0x00000142   0x00000142   0x00000000   Code   RO         3088    .ARM.Collect$$libinit$$0000001D  c_w.l(libinit2.o)
    0x00000142   0x00000142   0x00000000   Code   RO         3090    .ARM.Collect$$libinit$$0000001F  c_w.l(libinit2.o)
    0x00000142   0x00000142   0x00000000   Code   RO         3092    .ARM.Collect$$libinit$$00000021  c_w.l(libinit2.o)
    0x00000142   0x00000142   0x00000000   Code   RO         3094    .ARM.Collect$$libinit$$00000023  c_w.l(libinit2.o)
    0x00000142   0x00000142   0x00000000   Code   RO         3096    .ARM.Collect$$libinit$$00000025  c_w.l(libinit2.o)
    0x00000142   0x00000142   0x00000000   Code   RO         3098    .ARM.Collect$$libinit$$00000027  c_w.l(libinit2.o)
    0x00000142   0x00000142   0x00000000   Code   RO         3102    .ARM.Collect$$libinit$$0000002E  c_w.l(libinit2.o)
    0x00000142   0x00000142   0x00000000   Code   RO         3104    .ARM.Collect$$libinit$$00000030  c_w.l(libinit2.o)
    0x00000142   0x00000142   0x00000000   Code   RO         3106    .ARM.Collect$$libinit$$00000032  c_w.l(libinit2.o)
    0x00000142   0x00000142   0x00000000   Code   RO         3108    .ARM.Collect$$libinit$$00000034  c_w.l(libinit2.o)
    0x00000142   0x00000142   0x00000002   Code   RO         3109    .ARM.Collect$$libinit$$00000035  c_w.l(libinit2.o)
    0x00000144   0x00000144   0x00000002   Code   RO         3146    .ARM.Collect$$libshutdown$$00000000  c_w.l(libshutdown.o)
    0x00000146   0x00000146   0x00000000   Code   RO         3174    .ARM.Collect$$libshutdown$$00000002  c_w.l(libshutdown2.o)
    0x00000146   0x00000146   0x00000000   Code   RO         3176    .ARM.Collect$$libshutdown$$00000004  c_w.l(libshutdown2.o)
    0x00000146   0x00000146   0x00000000   Code   RO         3179    .ARM.Collect$$libshutdown$$00000007  c_w.l(libshutdown2.o)
    0x00000146   0x00000146   0x00000000   Code   RO         3182    .ARM.Collect$$libshutdown$$0000000A  c_w.l(libshutdown2.o)
    0x00000146   0x00000146   0x00000000   Code   RO         3184    .ARM.Collect$$libshutdown$$0000000C  c_w.l(libshutdown2.o)
    0x00000146   0x00000146   0x00000000   Code   RO         3187    .ARM.Collect$$libshutdown$$0000000F  c_w.l(libshutdown2.o)
    0x00000146   0x00000146   0x00000002   Code   RO         3188    .ARM.Collect$$libshutdown$$00000010  c_w.l(libshutdown2.o)
    0x00000148   0x00000148   0x00000000   Code   RO         2929    .ARM.Collect$$rtentry$$00000000  c_w.l(__rtentry.o)
    0x00000148   0x00000148   0x00000000   Code   RO         3007    .ARM.Collect$$rtentry$$00000002  c_w.l(__rtentry2.o)
    0x00000148   0x00000148   0x00000006   Code   RO         3019    .ARM.Collect$$rtentry$$00000004  c_w.l(__rtentry4.o)
    0x0000014e   0x0000014e   0x00000008   Code   RO         3008    .ARM.Collect$$rtentry$$00000008  c_w.l(__rtentry2.o)
    0x00000156   0x00000156   0x00000004   Code   RO         3010    .ARM.Collect$$rtentry$$0000000A  c_w.l(__rtentry2.o)
    0x0000015a   0x0000015a   0x00000000   Code   RO         3012    .ARM.Collect$$rtentry$$0000000C  c_w.l(__rtentry2.o)
    0x0000015a   0x0000015a   0x00000008   Code   RO         3013    .ARM.Collect$$rtentry$$0000000D  c_w.l(__rtentry2.o)
    0x00000162   0x00000162   0x00000002   Code   RO         3055    .ARM.Collect$$rtexit$$00000000  c_w.l(rtexit.o)
    0x00000164   0x00000164   0x00000000   Code   RO         3117    .ARM.Collect$$rtexit$$00000002  c_w.l(rtexit2.o)
    0x00000164   0x00000164   0x00000004   Code   RO         3118    .ARM.Collect$$rtexit$$00000003  c_w.l(rtexit2.o)
    0x00000168   0x00000168   0x00000006   Code   RO         3119    .ARM.Collect$$rtexit$$00000004  c_w.l(rtexit2.o)
    0x0000016e   0x0000016e   0x00000002   PAD
    0x00000170   0x00000170   0x000000bc   Code   RO         1826    .text               irq_armv7m.o
    0x0000022c   0x0000022c   0x00000040   Code   RO         2776    .text               startup_lpc17xx.o
    0x0000026c   0x0000026c   0x0000008a   Code   RO         2802    .text               c_w.l(rt_memcpy_v6.o)
    0x000002f6   0x000002f6   0x00000006   Code   RO         2814    .text               c_w.l(heapauxi.o)
    0x000002fc   0x000002fc   0x00000004   Code   RO         2775    .ARM.__at_0x02FC    startup_lpc17xx.o
    0x00000300   0x00000300   0x00000064   Code   RO         2804    .text               c_w.l(rt_memcpy_w.o)
    0x00000364   0x00000364   0x00000010   Code   RO         2808    .text               c_w.l(aeabi_memset4.o)
    0x00000374   0x00000374   0x00000044   Code   RO         2810    .text               c_w.l(rt_memclr.o)
    0x000003b8   0x000003b8   0x0000004e   Code   RO         2812    .text               c_w.l(rt_memclr_w.o)
    0x00000406   0x00000406   0x00000002   PAD
    0x00000408   0x00000408   0x00000008   Code   RO         3038    .text               c_w.l(libspace.o)
    0x00000410   0x00000410   0x0000004a   Code   RO         3041    .text               c_w.l(sys_stackheap_outer.o)
    0x0000045a   0x0000045a   0x00000012   Code   RO         3043    .text               c_w.l(exit.o)
    0x0000046c   0x0000046c   0x0000000c   Code   RO         3112    .text               c_w.l(sys_exit.o)
    0x00000478   0x00000478   0x00000002   Code   RO         3135    .text               c_w.l(use_no_semi.o)
    0x0000047a   0x0000047a   0x00000000   Code   RO         3137    .text               c_w.l(indicate_semi.o)
    0x0000047a   0x0000047a   0x00000002   PAD
    0x0000047c   0x0000047c   0x0000004c   Code   RO           74    .text.ADC_Init      adc.o
    0x000004c8   0x000004c8   0x00000038   Code   RO            2    .text.DAC_Init      dac.o
    0x00000500   0x00000500   0x00000196   Code   RO         2757    .text.EventRecord2  eventrecorder.o
    0x00000696   0x00000696   0x00000002   PAD
    0x00000698   0x00000698   0x000002aa   Code   RO         2759    .text.EventRecord4  eventrecorder.o
    0x00000942   0x00000942   0x00000002   PAD
    0x00000944   0x00000944   0x000002ce   Code   RO         2743    .text.EventRecorderInitialize  eventrecorder.o
    0x00000c12   0x00000c12   0x00000002   PAD
    0x00000c14   0x00000c14   0x00000148   Code   RO         2747    .text.EventRecorderStart  eventrecorder.o
    0x00000d5c   0x00000d5c   0x0000002c   Code   RO         2741    .text.EventRecorderTimerGetCount  eventrecorder.o
    0x00000d88   0x00000d88   0x0000002c   Code   RO         2739    .text.EventRecorderTimerGetFreq  eventrecorder.o
    0x00000db4   0x00000db4   0x00000010   Code   RO         2737    .text.EventRecorderTimerSetup  eventrecorder.o
    0x00000dc4   0x00000dc4   0x00000010   Code   RO         2032    .text.EvrRtxDelayCompleted  rtx_evr.o
    0x00000dd4   0x00000dd4   0x00000010   Code   RO         2062    .text.EvrRtxEventFlagsCreated  rtx_evr.o
    0x00000de4   0x00000de4   0x0000000c   Code   RO         2058    .text.EvrRtxEventFlagsError  rtx_evr.o
    0x00000df0   0x00000df0   0x00000010   Code   RO         2060    .text.EvrRtxEventFlagsNew  rtx_evr.o
    0x00000e00   0x00000e00   0x00000010   Code   RO         2066    .text.EvrRtxEventFlagsSet  rtx_evr.o
    0x00000e10   0x00000e10   0x00000010   Code   RO         2068    .text.EvrRtxEventFlagsSetDone  rtx_evr.o
    0x00000e20   0x00000e20   0x00000020   Code   RO         2076    .text.EvrRtxEventFlagsWait  rtx_evr.o
    0x00000e40   0x00000e40   0x00000020   Code   RO         2082    .text.EvrRtxEventFlagsWaitCompleted  rtx_evr.o
    0x00000e60   0x00000e60   0x00000022   Code   RO         2084    .text.EvrRtxEventFlagsWaitNotCompleted  rtx_evr.o
    0x00000e82   0x00000e82   0x00000002   PAD
    0x00000e84   0x00000e84   0x00000020   Code   RO         2078    .text.EvrRtxEventFlagsWaitPending  rtx_evr.o
    0x00000ea4   0x00000ea4   0x00000010   Code   RO         2080    .text.EvrRtxEventFlagsWaitTimeout  rtx_evr.o
    0x00000eb4   0x00000eb4   0x0000000c   Code   RO         1900    .text.EvrRtxKernelError  rtx_evr.o
    0x00000ec0   0x00000ec0   0x0000000c   Code   RO         1938    .text.EvrRtxKernelErrorNotify  rtx_evr.o
    0x00000ecc   0x00000ecc   0x00000010   Code   RO         1902    .text.EvrRtxKernelInitialize  rtx_evr.o
    0x00000edc   0x00000edc   0x00000010   Code   RO         1904    .text.EvrRtxKernelInitialized  rtx_evr.o
    0x00000eec   0x00000eec   0x00000010   Code   RO         1910    .text.EvrRtxKernelStart  rtx_evr.o
    0x00000efc   0x00000efc   0x00000010   Code   RO         1912    .text.EvrRtxKernelStarted  rtx_evr.o
    0x00000f0c   0x00000f0c   0x00000020   Code   RO         1890    .text.EvrRtxMemoryAlloc  rtx_evr.o
    0x00000f2c   0x00000f2c   0x00000010   Code   RO         1896    .text.EvrRtxMemoryBlockAlloc  rtx_evr.o
    0x00000f3c   0x00000f3c   0x00000022   Code   RO         1898    .text.EvrRtxMemoryBlockFree  rtx_evr.o
    0x00000f5e   0x00000f5e   0x00000002   PAD
    0x00000f60   0x00000f60   0x00000020   Code   RO         1894    .text.EvrRtxMemoryBlockInit  rtx_evr.o
    0x00000f80   0x00000f80   0x00000022   Code   RO         1892    .text.EvrRtxMemoryFree  rtx_evr.o
    0x00000fa2   0x00000fa2   0x00000002   PAD
    0x00000fa4   0x00000fa4   0x0000001e   Code   RO         1888    .text.EvrRtxMemoryInit  rtx_evr.o
    0x00000fc2   0x00000fc2   0x00000002   PAD
    0x00000fc4   0x00000fc4   0x00000010   Code   RO         2154    .text.EvrRtxMemoryPoolAlloc  rtx_evr.o
    0x00000fd4   0x00000fd4   0x00000010   Code   RO         2162    .text.EvrRtxMemoryPoolAllocFailed  rtx_evr.o
    0x00000fe4   0x00000fe4   0x00000010   Code   RO         2156    .text.EvrRtxMemoryPoolAllocPending  rtx_evr.o
    0x00000ff4   0x00000ff4   0x00000010   Code   RO         2158    .text.EvrRtxMemoryPoolAllocTimeout  rtx_evr.o
    0x00001004   0x00001004   0x00000010   Code   RO         2160    .text.EvrRtxMemoryPoolAllocated  rtx_evr.o
    0x00001014   0x00001014   0x00000010   Code   RO         2150    .text.EvrRtxMemoryPoolCreated  rtx_evr.o
    0x00001024   0x00001024   0x00000010   Code   RO         2166    .text.EvrRtxMemoryPoolDeallocated  rtx_evr.o
    0x00001034   0x00001034   0x0000000c   Code   RO         2146    .text.EvrRtxMemoryPoolError  rtx_evr.o
    0x00001040   0x00001040   0x00000010   Code   RO         2164    .text.EvrRtxMemoryPoolFree  rtx_evr.o
    0x00001050   0x00001050   0x00000010   Code   RO         2168    .text.EvrRtxMemoryPoolFreeFailed  rtx_evr.o
    0x00001060   0x00001060   0x00000022   Code   RO         2148    .text.EvrRtxMemoryPoolNew  rtx_evr.o
    0x00001082   0x00001082   0x00000002   PAD
    0x00001084   0x00001084   0x00000010   Code   RO         2186    .text.EvrRtxMessageQueueCreated  rtx_evr.o
    0x00001094   0x00001094   0x0000000c   Code   RO         2182    .text.EvrRtxMessageQueueError  rtx_evr.o
    0x000010a0   0x000010a0   0x00000020   Code   RO         2202    .text.EvrRtxMessageQueueGet  rtx_evr.o
    0x000010c0   0x000010c0   0x00000022   Code   RO         2204    .text.EvrRtxMessageQueueGetPending  rtx_evr.o
    0x000010e2   0x000010e2   0x00000002   PAD
    0x000010e4   0x000010e4   0x00000010   Code   RO         2206    .text.EvrRtxMessageQueueGetTimeout  rtx_evr.o
    0x000010f4   0x000010f4   0x00000010   Code   RO         2196    .text.EvrRtxMessageQueueInsertPending  rtx_evr.o
    0x00001104   0x00001104   0x00000010   Code   RO         2198    .text.EvrRtxMessageQueueInserted  rtx_evr.o
    0x00001114   0x00001114   0x00000010   Code   RO         2200    .text.EvrRtxMessageQueueNotInserted  rtx_evr.o
    0x00001124   0x00001124   0x00000010   Code   RO         2210    .text.EvrRtxMessageQueueNotRetrieved  rtx_evr.o
    0x00001134   0x00001134   0x00000020   Code   RO         2190    .text.EvrRtxMessageQueuePut  rtx_evr.o
    0x00001154   0x00001154   0x00000022   Code   RO         2192    .text.EvrRtxMessageQueuePutPending  rtx_evr.o
    0x00001176   0x00001176   0x00000002   PAD
    0x00001178   0x00001178   0x00000010   Code   RO         2194    .text.EvrRtxMessageQueuePutTimeout  rtx_evr.o
    0x00001188   0x00001188   0x00000010   Code   RO         2208    .text.EvrRtxMessageQueueRetrieved  rtx_evr.o
    0x00001198   0x00001198   0x00000010   Code   RO         2098    .text.EvrRtxMutexAcquire  rtx_evr.o
    0x000011a8   0x000011a8   0x00000010   Code   RO         2100    .text.EvrRtxMutexAcquirePending  rtx_evr.o
    0x000011b8   0x000011b8   0x00000010   Code   RO         2102    .text.EvrRtxMutexAcquireTimeout  rtx_evr.o
    0x000011c8   0x000011c8   0x00000010   Code   RO         2104    .text.EvrRtxMutexAcquired  rtx_evr.o
    0x000011d8   0x000011d8   0x00000010   Code   RO         2094    .text.EvrRtxMutexCreated  rtx_evr.o
    0x000011e8   0x000011e8   0x00000010   Code   RO         2114    .text.EvrRtxMutexDelete  rtx_evr.o
    0x000011f8   0x000011f8   0x00000010   Code   RO         2116    .text.EvrRtxMutexDestroyed  rtx_evr.o
    0x00001208   0x00001208   0x0000000c   Code   RO         2090    .text.EvrRtxMutexError  rtx_evr.o
    0x00001214   0x00001214   0x00000010   Code   RO         2092    .text.EvrRtxMutexNew  rtx_evr.o
    0x00001224   0x00001224   0x00000010   Code   RO         2106    .text.EvrRtxMutexNotAcquired  rtx_evr.o
    0x00001234   0x00001234   0x00000010   Code   RO         2108    .text.EvrRtxMutexRelease  rtx_evr.o
    0x00001244   0x00001244   0x00000010   Code   RO         2110    .text.EvrRtxMutexReleased  rtx_evr.o
    0x00001254   0x00001254   0x00000010   Code   RO         2130    .text.EvrRtxSemaphoreAcquireTimeout  rtx_evr.o
    0x00001264   0x00001264   0x00000010   Code   RO         1982    .text.EvrRtxThreadBlocked  rtx_evr.o
    0x00001274   0x00001274   0x00000018   Code   RO         1944    .text.EvrRtxThreadCreated  rtx_evr.o
    0x0000128c   0x0000128c   0x00000010   Code   RO         1994    .text.EvrRtxThreadDestroyed  rtx_evr.o
    0x0000129c   0x0000129c   0x0000000c   Code   RO         1940    .text.EvrRtxThreadError  rtx_evr.o
    0x000012a8   0x000012a8   0x00000010   Code   RO         1990    .text.EvrRtxThreadExit  rtx_evr.o
    0x000012b8   0x000012b8   0x00000020   Code   RO         2018    .text.EvrRtxThreadFlagsWaitCompleted  rtx_evr.o
    0x000012d8   0x000012d8   0x00000010   Code   RO         2016    .text.EvrRtxThreadFlagsWaitTimeout  rtx_evr.o
    0x000012e8   0x000012e8   0x00000010   Code   RO         1980    .text.EvrRtxThreadJoined  rtx_evr.o
    0x000012f8   0x000012f8   0x00000022   Code   RO         1942    .text.EvrRtxThreadNew  rtx_evr.o
    0x0000131a   0x0000131a   0x00000002   PAD
    0x0000131c   0x0000131c   0x00000010   Code   RO         1986    .text.EvrRtxThreadPreempted  rtx_evr.o
    0x0000132c   0x0000132c   0x00000010   Code   RO         1988    .text.EvrRtxThreadSwitched  rtx_evr.o
    0x0000133c   0x0000133c   0x00000010   Code   RO         1984    .text.EvrRtxThreadUnblocked  rtx_evr.o
    0x0000134c   0x0000134c   0x00000010   Code   RO         2036    .text.EvrRtxTimerCallback  rtx_evr.o
    0x0000135c   0x0000135c   0x0000000c   Code   RO         2705    .text.OS_Tick_AcknowledgeIRQ  os_systick.o
    0x00001368   0x00001368   0x00000032   Code   RO         2701    .text.OS_Tick_Enable  os_systick.o
    0x0000139a   0x0000139a   0x00000002   PAD
    0x0000139c   0x0000139c   0x0000000c   Code   RO         2709    .text.OS_Tick_GetClock  os_systick.o
    0x000013a8   0x000013a8   0x00000010   Code   RO         2713    .text.OS_Tick_GetCount  os_systick.o
    0x000013b8   0x000013b8   0x00000006   Code   RO         2707    .text.OS_Tick_GetIRQn  os_systick.o
    0x000013be   0x000013be   0x00000002   PAD
    0x000013c0   0x000013c0   0x0000000e   Code   RO         2711    .text.OS_Tick_GetInterval  os_systick.o
    0x000013ce   0x000013ce   0x00000002   PAD
    0x000013d0   0x000013d0   0x00000010   Code   RO         2715    .text.OS_Tick_GetOverflow  os_systick.o
    0x000013e0   0x000013e0   0x00000048   Code   RO         2699    .text.OS_Tick_Setup  os_systick.o
    0x00001428   0x00001428   0x00000092   Code   RO           20    .text.RTX_Features_Init  dsp_app.o
    0x000014ba   0x000014ba   0x00000002   PAD
    0x000014bc   0x000014bc   0x0000007e   Code   RO           18    .text.SigMod        dsp_app.o
    0x0000153a   0x0000153a   0x00000002   PAD
    0x0000153c   0x0000153c   0x000000cc   Code   RO         2787    .text.SystemInit    system_lpc17xx.o
    0x00001608   0x00001608   0x0000004c   Code   RO           62    .text.TIM2_Init     timer.o
    0x00001654   0x00001654   0x00000010   Code   RO           64    .text.TIM2_Start    timer.o
    0x00001664   0x00001664   0x00000192   Code   RO           16    .text.TIMER2_IRQHandler  dsp_app.o
    0x000017f6   0x000017f6   0x00000002   PAD
    0x000017f8   0x000017f8   0x00000032   Code   RO         2308    .text._mutex_acquire  rtx_lib.o
    0x0000182a   0x0000182a   0x00000002   PAD
    0x0000182c   0x0000182c   0x00000006   Code   RO         2312    .text._mutex_free   rtx_lib.o
    0x00001832   0x00001832   0x00000002   PAD
    0x00001834   0x00001834   0x00000020   Code   RO         2306    .text._mutex_initialize  rtx_lib.o
    0x00001854   0x00001854   0x0000002e   Code   RO         2310    .text._mutex_release  rtx_lib.o
    0x00001882   0x00001882   0x00000002   PAD
    0x00001884   0x00001884   0x00000004   Code   RO         2302    .text._platform_post_stackheap_init  rtx_lib.o
    0x00001888   0x00001888   0x0000001a   Code   RO          747    .text.arm_biquad_cascade_df1_init_q15  filteringfunctions.o
    0x000018a2   0x000018a2   0x00000002   PAD
    0x000018a4   0x000018a4   0x000000f6   Code   RO          751    .text.arm_biquad_cascade_df1_q15  filteringfunctions.o
    0x0000199a   0x0000199a   0x00000002   PAD
    0x0000199c   0x0000199c   0x0000002e   Code   RO         1501    .text.arm_float_to_q15  supportfunctions.o
    0x000019ca   0x000019ca   0x00000002   PAD
    0x000019cc   0x000019cc   0x0000002a   Code   RO         1509    .text.arm_q15_to_float  supportfunctions.o
    0x000019f6   0x000019f6   0x00000002   PAD
    0x000019f8   0x000019f8   0x00000014   Code   RO           49    .text.iirExec_q15   dsp_iir.o
    0x00001a0c   0x00001a0c   0x0000002e   Code   RO           47    .text.iirInit_q15   dsp_iir.o
    0x00001a3a   0x00001a3a   0x00000002   PAD
    0x00001a3c   0x00001a3c   0x00000032   Code   RO           22    .text.main          dsp_app.o
    0x00001a6e   0x00001a6e   0x00000002   PAD
    0x00001a70   0x00001a70   0x00000038   Code   RO         1850    .text.osEventFlagsNew  rtx_evflags.o
    0x00001aa8   0x00001aa8   0x00000070   Code   RO         1854    .text.osEventFlagsSet  rtx_evflags.o
    0x00001b18   0x00001b18   0x000000e0   Code   RO         1864    .text.osEventFlagsWait  rtx_evflags.o
    0x00001bf8   0x00001bf8   0x00000032   Code   RO         2246    .text.osKernelGetState  rtx_kernel.o
    0x00001c2a   0x00001c2a   0x00000002   PAD
    0x00001c2c   0x00001c2c   0x00000048   Code   RO         2270    .text.osKernelGetSysTimerCount  rtx_kernel.o
    0x00001c74   0x00001c74   0x00000028   Code   RO         2274    .text.osKernelGetSysTimerFreq  rtx_kernel.o
    0x00001c9c   0x00001c9c   0x00000036   Code   RO         2240    .text.osKernelInitialize  rtx_kernel.o
    0x00001cd2   0x00001cd2   0x00000002   PAD
    0x00001cd4   0x00001cd4   0x00000032   Code   RO         2250    .text.osKernelStart  rtx_kernel.o
    0x00001d06   0x00001d06   0x00000002   PAD
    0x00001d08   0x00001d08   0x0000009e   Code   RO         2361    .text.osMemoryPoolAlloc  rtx_mempool.o
    0x00001da6   0x00001da6   0x00000002   PAD
    0x00001da8   0x00001da8   0x000000c0   Code   RO         2363    .text.osMemoryPoolFree  rtx_mempool.o
    0x00001e68   0x00001e68   0x00000040   Code   RO         2357    .text.osMemoryPoolNew  rtx_mempool.o
    0x00001ea8   0x00001ea8   0x000000d4   Code   RO         2413    .text.osMessageQueueGet  rtx_msgqueue.o
    0x00001f7c   0x00001f7c   0x000000a2   Code   RO         2411    .text.osMessageQueuePut  rtx_msgqueue.o
    0x0000201e   0x0000201e   0x00000002   PAD
    0x00002020   0x00002020   0x0000003c   Code   RO         2463    .text.osMutexAcquire  rtx_mutex.o
    0x0000205c   0x0000205c   0x00000038   Code   RO         2469    .text.osMutexDelete  rtx_mutex.o
    0x00002094   0x00002094   0x00000038   Code   RO         2459    .text.osMutexNew    rtx_mutex.o
    0x000020cc   0x000020cc   0x00000038   Code   RO         2465    .text.osMutexRelease  rtx_mutex.o
    0x00002104   0x00002104   0x00000002   Code   RO         2728    .text.osRtxErrorNotify  rtx_config.o
    0x00002106   0x00002106   0x00000002   PAD
    0x00002108   0x00002108   0x000000be   Code   RO         1870    .text.osRtxEventFlagsPostProcess  rtx_evflags.o
    0x000021c6   0x000021c6   0x00000002   PAD
    0x000021c8   0x000021c8   0x00000002   Code   RO         2726    .text.osRtxIdleThread  rtx_config.o
    0x000021ca   0x000021ca   0x00000002   PAD
    0x000021cc   0x000021cc   0x00000016   Code   RO         2238    .text.osRtxKernelErrorNotify  rtx_kernel.o
    0x000021e2   0x000021e2   0x00000002   PAD
    0x000021e4   0x000021e4   0x00000002   Code   RO         2236    .text.osRtxKernelPreInit  rtx_kernel.o
    0x000021e6   0x000021e6   0x00000002   PAD
    0x000021e8   0x000021e8   0x00000080   Code   RO         2339    .text.osRtxMemoryAlloc  rtx_memory.o
    0x00002268   0x00002268   0x0000005a   Code   RO         2341    .text.osRtxMemoryFree  rtx_memory.o
    0x000022c2   0x000022c2   0x00000002   PAD
    0x000022c4   0x000022c4   0x00000040   Code   RO         2337    .text.osRtxMemoryInit  rtx_memory.o
    0x00002304   0x00002304   0x00000044   Code   RO         2353    .text.osRtxMemoryPoolAlloc  rtx_mempool.o
    0x00002348   0x00002348   0x00000056   Code   RO         2355    .text.osRtxMemoryPoolFree  rtx_mempool.o
    0x0000239e   0x0000239e   0x00000002   PAD
    0x000023a0   0x000023a0   0x00000060   Code   RO         2351    .text.osRtxMemoryPoolInit  rtx_mempool.o
    0x00002400   0x00002400   0x00000068   Code   RO         2385    .text.osRtxMemoryPoolPostProcess  rtx_mempool.o
    0x00002468   0x00002468   0x000001ba   Code   RO         2435    .text.osRtxMessageQueuePostProcess  rtx_msgqueue.o
    0x00002622   0x00002622   0x00000002   PAD
    0x00002624   0x00002624   0x0000002c   Code   RO         2403    .text.osRtxMessageQueueTimerSetup  rtx_msgqueue.o
    0x00002650   0x00002650   0x00000066   Code   RO         2455    .text.osRtxMutexOwnerRelease  rtx_mutex.o
    0x000026b6   0x000026b6   0x00000002   PAD
    0x000026b8   0x000026b8   0x00000050   Code   RO         2457    .text.osRtxMutexOwnerRestore  rtx_mutex.o
    0x00002708   0x00002708   0x000000ac   Code   RO         2527    .text.osRtxPendSV_Handler  rtx_system.o
    0x000027b4   0x000027b4   0x00000076   Code   RO         2529    .text.osRtxPostProcess  rtx_system.o
    0x0000282a   0x0000282a   0x00000002   PAD
    0x0000282c   0x0000282c   0x00000158   Code   RO         2549    .text.osRtxThreadDelayTick  rtx_thread.o
    0x00002984   0x00002984   0x000000ea   Code   RO         2555    .text.osRtxThreadDispatch  rtx_thread.o
    0x00002a6e   0x00002a6e   0x00000002   PAD
    0x00002a70   0x00002a70   0x00000062   Code   RO         2633    .text.osRtxThreadFree  rtx_thread.o
    0x00002ad2   0x00002ad2   0x00000002   PAD
    0x00002ad4   0x00002ad4   0x00000014   Code   RO         2541    .text.osRtxThreadListGet  rtx_thread.o
    0x00002ae8   0x00002ae8   0x0000002c   Code   RO         2539    .text.osRtxThreadListPut  rtx_thread.o
    0x00002b14   0x00002b14   0x0000001a   Code   RO         2545    .text.osRtxThreadListRemove  rtx_thread.o
    0x00002b2e   0x00002b2e   0x00000002   PAD
    0x00002b30   0x00002b30   0x00000070   Code   RO         2543    .text.osRtxThreadListSort  rtx_thread.o
    0x00002ba0   0x00002ba0   0x0000009e   Code   RO         2611    .text.osRtxThreadPostProcess  rtx_thread.o
    0x00002c3e   0x00002c3e   0x00000002   PAD
    0x00002c40   0x00002c40   0x0000003c   Code   RO         2547    .text.osRtxThreadReadyPut  rtx_thread.o
    0x00002c7c   0x00002c7c   0x00000006   Code   RO         2551    .text.osRtxThreadRegPtr  rtx_thread.o
    0x00002c82   0x00002c82   0x00000002   PAD
    0x00002c84   0x00002c84   0x00000020   Code   RO         2561    .text.osRtxThreadStackCheck  rtx_thread.o
    0x00002ca4   0x00002ca4   0x0000004a   Code   RO         2563    .text.osRtxThreadStartup  rtx_thread.o
    0x00002cee   0x00002cee   0x00000002   PAD
    0x00002cf0   0x00002cf0   0x00000012   Code   RO         2553    .text.osRtxThreadSwitch  rtx_thread.o
    0x00002d02   0x00002d02   0x00000002   PAD
    0x00002d04   0x00002d04   0x000000d8   Code   RO         2559    .text.osRtxThreadWaitEnter  rtx_thread.o
    0x00002ddc   0x00002ddc   0x00000094   Code   RO         2557    .text.osRtxThreadWaitExit  rtx_thread.o
    0x00002e70   0x00002e70   0x00000084   Code   RO         2525    .text.osRtxTick_Handler  rtx_system.o
    0x00002ef4   0x00002ef4   0x00000026   Code   RO         2661    .text.osRtxTimerSetup  rtx_timer.o
    0x00002f1a   0x00002f1a   0x00000002   PAD
    0x00002f1c   0x00002f1c   0x0000002a   Code   RO         2665    .text.osRtxTimerThread  rtx_timer.o
    0x00002f46   0x00002f46   0x00000002   PAD
    0x00002f48   0x00002f48   0x000000c6   Code   RO         2663    .text.osRtxTimerTick  rtx_timer.o
    0x0000300e   0x0000300e   0x00000002   PAD
    0x00003010   0x00003010   0x0000001a   Code   RO         2595    .text.osThreadExit  rtx_thread.o
    0x0000302a   0x0000302a   0x00000002   PAD
    0x0000302c   0x0000302c   0x00000040   Code   RO         2567    .text.osThreadNew   rtx_thread.o
    0x0000306c   0x0000306c   0x000000a4   Code   RO         1868    .text.svcRtxEventFlagsNew  rtx_evflags.o
    0x00003110   0x00003110   0x0000011c   Code   RO         1874    .text.svcRtxEventFlagsSet  rtx_evflags.o
    0x0000322c   0x0000322c   0x00000108   Code   RO         1876    .text.svcRtxEventFlagsWait  rtx_evflags.o
    0x00003334   0x00003334   0x0000000c   Code   RO         2248    .text.svcRtxKernelGetState  rtx_kernel.o
    0x00003340   0x00003340   0x0000002a   Code   RO         2272    .text.svcRtxKernelGetSysTimerCount  rtx_kernel.o
    0x0000336a   0x0000336a   0x00000002   PAD
    0x0000336c   0x0000336c   0x00000004   Code   RO         2276    .text.svcRtxKernelGetSysTimerFreq  rtx_kernel.o
    0x00003370   0x00003370   0x00000150   Code   RO         2278    .text.svcRtxKernelInitialize  rtx_kernel.o
    0x000034c0   0x000034c0   0x000000b0   Code   RO         2280    .text.svcRtxKernelStart  rtx_kernel.o
    0x00003570   0x00003570   0x000000a4   Code   RO         2389    .text.svcRtxMemoryPoolAlloc  rtx_mempool.o
    0x00003614   0x00003614   0x000000fc   Code   RO         2391    .text.svcRtxMemoryPoolFree  rtx_mempool.o
    0x00003710   0x00003710   0x000001da   Code   RO         2383    .text.svcRtxMemoryPoolNew  rtx_mempool.o
    0x000038ea   0x000038ea   0x00000002   PAD
    0x000038ec   0x000038ec   0x000001c4   Code   RO         2441    .text.svcRtxMessageQueueGet  rtx_msgqueue.o
    0x00003ab0   0x00003ab0   0x0000018c   Code   RO         2405    .text.svcRtxMessageQueueNew  rtx_msgqueue.o
    0x00003c3c   0x00003c3c   0x00000142   Code   RO         2439    .text.svcRtxMessageQueuePut  rtx_msgqueue.o
    0x00003d7e   0x00003d7e   0x00000002   PAD
    0x00003d80   0x00003d80   0x000000e2   Code   RO         2475    .text.svcRtxMutexAcquire  rtx_mutex.o
    0x00003e62   0x00003e62   0x00000002   PAD
    0x00003e64   0x00003e64   0x000000cc   Code   RO         2481    .text.svcRtxMutexDelete  rtx_mutex.o
    0x00003f30   0x00003f30   0x000000a8   Code   RO         2471    .text.svcRtxMutexNew  rtx_mutex.o
    0x00003fd8   0x00003fd8   0x000000f4   Code   RO         2477    .text.svcRtxMutexRelease  rtx_mutex.o
    0x000040cc   0x000040cc   0x000000b2   Code   RO         2637    .text.svcRtxThreadExit  rtx_thread.o
    0x0000417e   0x0000417e   0x00000002   PAD
    0x00004180   0x00004180   0x00000244   Code   RO         2565    .text.svcRtxThreadNew  rtx_thread.o
    0x000043c4   0x000043c4   0x000000c4   Code   RO         2854    x$fpl$fadd          fz_ws.l(faddsub_clz.o)
    0x00004488   0x00004488   0x00000184   Code   RO         2863    x$fpl$fdiv          fz_ws.l(fdiv.o)
    0x0000460c   0x0000460c   0x00000036   Code   RO         2866    x$fpl$ffix          fz_ws.l(ffix.o)
    0x00004642   0x00004642   0x00000002   PAD
    0x00004644   0x00004644   0x0000003e   Code   RO         2874    x$fpl$ffixu         fz_ws.l(ffixu.o)
    0x00004682   0x00004682   0x00000002   PAD
    0x00004684   0x00004684   0x00000030   Code   RO         2879    x$fpl$fflt          fz_ws.l(fflt_clz.o)
    0x000046b4   0x000046b4   0x00000026   Code   RO         2878    x$fpl$ffltu         fz_ws.l(fflt_clz.o)
    0x000046da   0x000046da   0x00000002   PAD
    0x000046dc   0x000046dc   0x00000102   Code   RO         2884    x$fpl$fmul          fz_ws.l(fmul.o)
    0x000047de   0x000047de   0x0000008c   Code   RO         2956    x$fpl$fnaninf       fz_ws.l(fnaninf.o)
    0x0000486a   0x0000486a   0x0000000a   Code   RO         2958    x$fpl$fretinf       fz_ws.l(fretinf.o)
    0x00004874   0x00004874   0x000000ea   Code   RO         2856    x$fpl$fsub          fz_ws.l(faddsub_clz.o)
    0x0000495e   0x0000495e   0x00000000   Code   RO         2970    x$fpl$usenofp       fz_ws.l(usenofp.o)
    0x0000495e   0x0000495e   0x00000002   PAD
    0x00004960   0x00004960   0x00000070   Data   RO         2318    .rodata             rtx_lib.o
    0x000049d0   0x000049d0   0x00000038   Data   RO         2321    .rodata             rtx_lib.o
    0x00004a08   0x00004a08   0x00000018   Data   RO         2762    .rodata.EventRecorderInfo  eventrecorder.o
    0x00004a20   0x00004a20   0x00000004   Data   RO         2320    .rodata.osRtxUserSVC  rtx_lib.o
    0x00004a24   0x00004a24   0x00000024   Data   RO         2315    .rodata.os_idle_thread_attr  rtx_lib.o
    0x00004a48   0x00004a48   0x00000018   Data   RO         2317    .rodata.os_timer_mq_attr  rtx_lib.o
    0x00004a60   0x00004a60   0x00000024   Data   RO         2316    .rodata.os_timer_thread_attr  rtx_lib.o
    0x00004a84   0x00004a84   0x0000000b   Data   RO         2292    .rodata.str1.4      rtx_kernel.o
    0x00004a8f   0x00004a8f   0x00000001   PAD
    0x00004a90   0x00004a90   0x00000024   Data   RO           35    .rodata.t_attr      dsp_app.o
    0x00004ab4   0x00004ab4   0x00000020   Data   RO         3190    Region$$Table       anon$$obj.o


    Execution Region RW_IRAM1 (Exec base: 0x10000000, Load base: 0x00004b00, Size: 0x00002d28, Max: 0x00008000, ABSOLUTE)

    Exec Addr    Load Addr    Size         Type   Attr      Idx    E Section Name        Object

    0x10000000   0x00004b00   0x00000004   Data   RW         2789    .data.SystemCoreClock  system_lpc17xx.o
    0x10000004   0x00004b04   0x00000018   Data   RW           51    .data.iirCoeff_q15  dsp_iir.o
    0x1000001c   0x00004b1c   0x000000a4   Data   RW         2293    .data.os            rtx_kernel.o
    0x100000c0        -       0x00000060   Zero   RW         3039    .bss                c_w.l(libspace.o)
    0x10000120        -       0x00000004   Zero   RW           29    .bss.DSP_Event      dsp_app.o
    0x10000124        -       0x00000004   Zero   RW           30    .bss.DSP_MemPool    dsp_app.o
    0x10000128        -       0x00000001   Zero   RW         2763    .bss.SysTimerState  eventrecorder.o
    0x10000129        -       0x00000001   Zero   RW         2764    .bss.TS_OverflowLock  eventrecorder.o
    0x1000012a   0x00004bc0   0x00000002   PAD
    0x1000012c        -       0x00000004   Zero   RW           31    .bss.dataTimIrqInIdx  dsp_app.o
    0x10000130        -       0x00000004   Zero   RW           27    .bss.dataTimIrqOutIdx  dsp_app.o
    0x10000134        -       0x00000010   Zero   RW           52    .bss.iirInstance_q15  dsp_iir.o
    0x10000144        -       0x00000010   Zero   RW           53    .bss.iirState_q15   dsp_iir.o
    0x10000154   0x00004bc0   0x0000002c   PAD
    0x10000180        -       0x000004a4   Zero   RW         2761    .bss.noinit         eventrecorder.o
    0x10000624   0x00004bc0   0x00000004   PAD
    0x10000628        -       0x00002040   Zero   RW         2314    .bss.os             rtx_lib.o
    0x10002668        -       0x00000001   Zero   RW         2717    .bss.os             os_systick.o
    0x10002669   0x00004bc0   0x00000003   PAD
    0x1000266c        -       0x00000034   Zero   RW         2326    .bss.os.msgqueue.cb  rtx_lib.o
    0x100026a0        -       0x00000050   Zero   RW         2327    .bss.os.msgqueue.mem  rtx_lib.o
    0x100026f0        -       0x00000088   Zero   RW         2323    .bss.os.thread.cb   rtx_lib.o
    0x10002778        -       0x000000c8   Zero   RW         2324    .bss.os.thread.idle.stack  rtx_lib.o
    0x10002840        -       0x000000c8   Zero   RW         2325    .bss.os.thread.timer.stack  rtx_lib.o
    0x10002908        -       0x00000001   Zero   RW         2328    .bss.os_kernel_is_active.os_kernel_active  rtx_lib.o
    0x10002909   0x00004bc0   0x00000003   PAD
    0x1000290c        -       0x00000004   Zero   RW           28    .bss.pDataSigModIn  dsp_app.o
    0x10002910        -       0x00000004   Zero   RW           34    .bss.pDataSigModOut  dsp_app.o
    0x10002914        -       0x00000004   Zero   RW           32    .bss.pDataTimIrqIn  dsp_app.o
    0x10002918        -       0x00000004   Zero   RW           26    .bss.pDataTimIrqOut  dsp_app.o
    0x1000291c        -       0x00000004   Zero   RW           36    .bss.tid_SigMod     dsp_app.o
    0x10002920        -       0x00000004   Zero   RW           25    .bss.tmpFilterIn    dsp_app.o
    0x10002924        -       0x00000004   Zero   RW           33    .bss.tmpFilterOut   dsp_app.o
    0x10002928        -       0x00000200   Zero   RW         2773    HEAP                startup_lpc17xx.o
    0x10002b28        -       0x00000200   Zero   RW         2772    STACK               startup_lpc17xx.o


==============================================================================

Image component sizes


      Code (inc. data)   RO Data    RW Data    ZI Data      Debug   Object Name

        76          0          0          0          0       2588   adc.o
        56          0          0          0          0       1454   dac.o
       724          0         36          0         44       5988   dsp_app.o
        66          0          0         24         32       1431   dsp_iir.o
      2238          0         24          0       1190      20889   eventrecorder.o
       272          0          0          0          0     170055   filteringfunctions.o
       188         12          0          0          0        697   irq_armv7m.o
       198          0          0          0          1       3644   os_systick.o
         4          0          0          0          0        668   rtx_config.o
      1294          0          0          0          0      14444   rtx_evflags.o
      1416          0          0          0          0      36880   rtx_evr.o
       860          0         11        164          0      17585   rtx_kernel.o
       138          0        268          0       8925       7673   rtx_lib.o
       282          0          0          0          0       2760   rtx_memory.o
      1658          0          0          0          0      18923   rtx_mempool.o
      2030          0          0          0          0      22970   rtx_msgqueue.o
      1252          0          0          0          0      10436   rtx_mutex.o
       422         36          0          0          0       5411   rtx_system.o
      2438         10          0          0          0      41466   rtx_thread.o
       278          0          0          0          0      11420   rtx_timer.o
        68         30        204          0       1024        972   startup_lpc17xx.o
        88          0          0          0          0      26516   supportfunctions.o
       204          0          0          4          0       2089   system_lpc17xx.o
        92          0          0          0          0       3587   timer.o

    ----------------------------------------------------------------------
     16456         88        576        192      11272     430546   Object Totals
         0          0         32          0          0          0   (incl. Generated)
       114          0          1          0         56          0   (incl. Padding)

    ----------------------------------------------------------------------

      Code (inc. data)   RO Data    RW Data    ZI Data      Debug   Library Member Name

         8          0          0          0          0         68   __main.o
         0          0          0          0          0          0   __rtentry.o
        20          0          0          0          0          0   __rtentry2.o
         6          0          0          0          0          0   __rtentry4.o
        52          8          0          0          0          0   __scatter.o
        26          0          0          0          0          0   __scatter_copy.o
        28          0          0          0          0          0   __scatter_zi.o
        16          0          0          0          0         68   aeabi_memset4.o
        18          0          0          0          0         80   exit.o
         6          0          0          0          0        152   heapauxi.o
         0          0          0          0          0          0   indicate_semi.o
         2          0          0          0          0          0   libinit.o
         2          0          0          0          0          0   libinit2.o
         2          0          0          0          0          0   libshutdown.o
         2          0          0          0          0          0   libshutdown2.o
         8          4          0          0         96         68   libspace.o
        68          0          0          0          0         68   rt_memclr.o
        78          0          0          0          0         80   rt_memclr_w.o
       138          0          0          0          0         68   rt_memcpy_v6.o
       100          0          0          0          0         80   rt_memcpy_w.o
         2          0          0          0          0          0   rtexit.o
        10          0          0          0          0          0   rtexit2.o
        12          4          0          0          0         68   sys_exit.o
        74          0          0          0          0         80   sys_stackheap_outer.o
         2          0          0          0          0         68   use_no_semi.o
       430          8          0          0          0        168   faddsub_clz.o
       388         76          0          0          0         96   fdiv.o
        54          4          0          0          0         84   ffix.o
        62          4          0          0          0         84   ffixu.o
        86          0          0          0          0        136   fflt_clz.o
       258          4          0          0          0         84   fmul.o
       140          4          0          0          0         84   fnaninf.o
        10          0          0          0          0         68   fretinf.o
         0          0          0          0          0          0   usenofp.o

    ----------------------------------------------------------------------
      2124        116          0          0         96       1752   Library Totals
        16          0          0          0          0          0   (incl. Padding)

    ----------------------------------------------------------------------

      Code (inc. data)   RO Data    RW Data    ZI Data      Debug   Library Name

       680         16          0          0         96        948   c_w.l
      1428        100          0          0          0        804   fz_ws.l

    ----------------------------------------------------------------------
      2124        116          0          0         96       1752   Library Totals

    ----------------------------------------------------------------------

==============================================================================


      Code (inc. data)   RO Data    RW Data    ZI Data      Debug   

     18580        204        576        192      11368     430990   Grand Totals
     18580        204        576        192      11368     430990   ELF Image Totals
     18580        204        576        192          0          0   ROM Totals

==============================================================================

    Total RO  Size (Code + RO Data)                19156 (  18.71kB)
    Total RW  Size (RW Data + ZI Data)             11560 (  11.29kB)
    Total ROM Size (Code + RO Data + RW Data)      19348 (  18.89kB)

==============================================================================

