Component: Arm Compiler for Embedded 6.19 Tool: armlink [5e73cb00]

==============================================================================

Section Cross References

    dac.o(.ARM.exidx.text.DAC_Init) refers to dac.o(.text.DAC_Init) for [Anonymous Symbol]
    dsp_app.o(.text.EventRecorderTimerInit) refers to dsp_app.o(.bss.TimeStamp) for TimeStamp
    dsp_app.o(.ARM.exidx.text.EventRecorderTimerInit) refers to dsp_app.o(.text.EventRecorderTimerInit) for [Anonymous Symbol]
    dsp_app.o(.text.EventRecorderTimerGet) refers to dsp_app.o(.bss.TimeStamp) for TimeStamp
    dsp_app.o(.ARM.exidx.text.EventRecorderTimerGet) refers to dsp_app.o(.text.EventRecorderTimerGet) for [Anonymous Symbol]
    dsp_app.o(.ARM.exidx.text.errHandler) refers to dsp_app.o(.text.errHandler) for [Anonymous Symbol]
    dsp_app.o(.text.TIMER2_IRQHandler) refers to dsp_app.o(.bss.g_dsp_context) for g_dsp_context
    dsp_app.o(.text.TIMER2_IRQHandler) refers to fflt_clz.o(x$fpl$ffltu) for __aeabi_ui2f
    dsp_app.o(.text.TIMER2_IRQHandler) refers to fdiv.o(x$fpl$fdiv) for __aeabi_fdiv
    dsp_app.o(.text.TIMER2_IRQHandler) refers to faddsub_clz.o(x$fpl$fadd) for __aeabi_fadd
    dsp_app.o(.text.TIMER2_IRQHandler) refers to dsp_app.o(.bss.tmpFilterIn) for tmpFilterIn
    dsp_app.o(.text.TIMER2_IRQHandler) refers to dsp_app.o(.bss.dataTimIrqOutIdx) for dataTimIrqOutIdx
    dsp_app.o(.text.TIMER2_IRQHandler) refers to dsp_app.o(.bss.pTimInputBuffer) for pTimInputBuffer
    dsp_app.o(.text.TIMER2_IRQHandler) refers to eventrecorder.o(.text.EventRecord2) for EventRecord2
    dsp_app.o(.text.TIMER2_IRQHandler) refers to rtx_msgqueue.o(.text.osMessageQueuePut) for osMessageQueuePut
    dsp_app.o(.text.TIMER2_IRQHandler) refers to rtx_mempool.o(.text.osMemoryPoolAlloc) for osMemoryPoolAlloc
    dsp_app.o(.text.TIMER2_IRQHandler) refers to dsp_app.o(.bss.dataTimIrqInIdx) for dataTimIrqInIdx
    dsp_app.o(.text.TIMER2_IRQHandler) refers to dsp_app.o(.bss.pTimOutputBuffer) for pTimOutputBuffer
    dsp_app.o(.text.TIMER2_IRQHandler) refers to dsp_app.o(.bss.tmpFilterOut) for tmpFilterOut
    dsp_app.o(.text.TIMER2_IRQHandler) refers to fmul.o(x$fpl$fmul) for __aeabi_fmul
    dsp_app.o(.text.TIMER2_IRQHandler) refers to ffixu.o(x$fpl$ffixu) for __aeabi_f2uiz
    dsp_app.o(.text.TIMER2_IRQHandler) refers to rtx_mempool.o(.text.osMemoryPoolFree) for osMemoryPoolFree
    dsp_app.o(.text.TIMER2_IRQHandler) refers to rtx_msgqueue.o(.text.osMessageQueueGet) for osMessageQueueGet
    dsp_app.o(.ARM.exidx.text.TIMER2_IRQHandler) refers to dsp_app.o(.text.TIMER2_IRQHandler) for [Anonymous Symbol]
    dsp_app.o(.text.SigMod) refers to dsp_app.o(.bss.g_dsp_context) for g_dsp_context
    dsp_app.o(.text.SigMod) refers to dsp_scheduler.o(.text.dsp_scheduler) for dsp_scheduler
    dsp_app.o(.ARM.exidx.text.SigMod) refers to dsp_app.o(.text.SigMod) for [Anonymous Symbol]
    dsp_app.o(.text.RTX_Features_Init) refers to dsp_app.o(.bss.g_dsp_context) for g_dsp_context
    dsp_app.o(.text.RTX_Features_Init) refers to rtx_mempool.o(.text.osMemoryPoolNew) for osMemoryPoolNew
    dsp_app.o(.text.RTX_Features_Init) refers to dsp_app.o(.text.SigMod) for SigMod
    dsp_app.o(.text.RTX_Features_Init) refers to dsp_app.o(.rodata.t_attr) for t_attr
    dsp_app.o(.text.RTX_Features_Init) refers to rtx_thread.o(.text.osThreadNew) for osThreadNew
    dsp_app.o(.text.RTX_Features_Init) refers to dsp_app.o(.bss.tid_SigMod) for tid_SigMod
    dsp_app.o(.text.RTX_Features_Init) refers to rtx_mempool.o(.text.osMemoryPoolAlloc) for osMemoryPoolAlloc
    dsp_app.o(.text.RTX_Features_Init) refers to dsp_app.o(.bss.pTimInputBuffer) for pTimInputBuffer
    dsp_app.o(.text.RTX_Features_Init) refers to dsp_app.o(.bss.pTimOutputBuffer) for pTimOutputBuffer
    dsp_app.o(.text.RTX_Features_Init) refers to rtx_msgqueue.o(.text.osMessageQueueNew) for osMessageQueueNew
    dsp_app.o(.text.RTX_Features_Init) refers to rtx_msgqueue.o(.text.osMessageQueuePut) for osMessageQueuePut
    dsp_app.o(.text.RTX_Features_Init) refers to dsp_app.o(.bss.dataTimIrqOutIdx) for dataTimIrqOutIdx
    dsp_app.o(.text.RTX_Features_Init) refers to dsp_app.o(.bss.dataTimIrqInIdx) for dataTimIrqInIdx
    dsp_app.o(.ARM.exidx.text.RTX_Features_Init) refers to dsp_app.o(.text.RTX_Features_Init) for [Anonymous Symbol]
    dsp_app.o(.text.main) refers to timer.o(.text.TIM2_Init) for TIM2_Init
    dsp_app.o(.text.main) refers to adc.o(.text.ADC_Init) for ADC_Init
    dsp_app.o(.text.main) refers to dac.o(.text.DAC_Init) for DAC_Init
    dsp_app.o(.text.main) refers to rtx_kernel.o(.text.osKernelInitialize) for osKernelInitialize
    dsp_app.o(.text.main) refers to dsp_app.o(.text.RTX_Features_Init) for RTX_Features_Init
    dsp_app.o(.text.main) refers to timer.o(.text.TIM2_Start) for TIM2_Start
    dsp_app.o(.text.main) refers to rtx_kernel.o(.text.osKernelStart) for osKernelStart
    dsp_app.o(.ARM.exidx.text.main) refers to dsp_app.o(.text.main) for [Anonymous Symbol]
[...]
    svcRtxKernelGetSysTimerFreq              0x000031c9   Thumb Code     4  rtx_kernel.o(.text.svcRtxKernelGetSysTimerFreq)
    [Anonymous Symbol]                       0x000031c8   Section        0  rtx_kernel.o(.text.svcRtxKernelGetSysTimerFreq)
    svcRtxKernelInitialize                   0x000031cd   Thumb Code   336  rtx_kernel.o(.text.svcRtxKernelInitialize)
    [Anonymous Symbol]                       0x000031cc   Section        0  rtx_kernel.o(.text.svcRtxKernelInitialize)
    svcRtxKernelStart                        0x0000331d   Thumb Code   176  rtx_kernel.o(.text.svcRtxKernelStart)
    [Anonymous Symbol]                       0x0000331c   Section        0  rtx_kernel.o(.text.svcRtxKernelStart)
    svcRtxMemoryPoolAlloc                    0x000033cd   Thumb Code   164  rtx_mempool.o(.text.svcRtxMemoryPoolAlloc)
    [Anonymous Symbol]                       0x000033cc   Section        0  rtx_mempool.o(.text.svcRtxMemoryPoolAlloc)
    svcRtxMemoryPoolFree                     0x00003471   Thumb Code   252  rtx_mempool.o(.text.svcRtxMemoryPoolFree)
    [Anonymous Symbol]                       0x00003470   Section        0  rtx_mempool.o(.text.svcRtxMemoryPoolFree)
    svcRtxMemoryPoolNew                      0x0000356d   Thumb Code   474  rtx_mempool.o(.text.svcRtxMemoryPoolNew)
    [Anonymous Symbol]                       0x0000356c   Section        0  rtx_mempool.o(.text.svcRtxMemoryPoolNew)
    svcRtxMessageQueueGet                    0x00003749   Thumb Code   452  rtx_msgqueue.o(.text.svcRtxMessageQueueGet)
    [Anonymous Symbol]                       0x00003748   Section        0  rtx_msgqueue.o(.text.svcRtxMessageQueueGet)
    svcRtxMessageQueueNew                    0x0000390d   Thumb Code   396  rtx_msgqueue.o(.text.svcRtxMessageQueueNew)
    [Anonymous Symbol]                       0x0000390c   Section        0  rtx_msgqueue.o(.text.svcRtxMessageQueueNew)
    svcRtxMessageQueuePut                    0x00003a99   Thumb Code   322  rtx_msgqueue.o(.text.svcRtxMessageQueuePut)
    [Anonymous Symbol]                       0x00003a98   Section        0  rtx_msgqueue.o(.text.svcRtxMessageQueuePut)
    svcRtxMutexAcquire                       0x00003bdd   Thumb Code   226  rtx_mutex.o(.text.svcRtxMutexAcquire)
    [Anonymous Symbol]                       0x00003bdc   Section        0  rtx_mutex.o(.text.svcRtxMutexAcquire)
    svcRtxMutexDelete                        0x00003cc1   Thumb Code   204  rtx_mutex.o(.text.svcRtxMutexDelete)
    [Anonymous Symbol]                       0x00003cc0   Section        0  rtx_mutex.o(.text.svcRtxMutexDelete)
    svcRtxMutexNew                           0x00003d8d   Thumb Code   168  rtx_mutex.o(.text.svcRtxMutexNew)
    [Anonymous Symbol]                       0x00003d8c   Section        0  rtx_mutex.o(.text.svcRtxMutexNew)
    svcRtxMutexRelease                       0x00003e35   Thumb Code   244  rtx_mutex.o(.text.svcRtxMutexRelease)
    [Anonymous Symbol]                       0x00003e34   Section        0  rtx_mutex.o(.text.svcRtxMutexRelease)
    svcRtxThreadExit                         0x00003f29   Thumb Code   178  rtx_thread.o(.text.svcRtxThreadExit)
    [Anonymous Symbol]                       0x00003f28   Section        0  rtx_thread.o(.text.svcRtxThreadExit)
    svcRtxThreadNew                          0x00003fdd   Thumb Code   580  rtx_thread.o(.text.svcRtxThreadNew)
    [Anonymous Symbol]                       0x00003fdc   Section        0  rtx_thread.o(.text.svcRtxThreadNew)
    x$fpl$fadd                               0x00004220   Section      196  faddsub_clz.o(x$fpl$fadd)
    _fadd1                                   0x0000422f   Thumb Code     0  faddsub_clz.o(x$fpl$fadd)
    _fdiv1                                   0x000042e5   Thumb Code     0  fdiv.o(x$fpl$fdiv)
    x$fpl$fdiv                               0x000042e4   Section      388  fdiv.o(x$fpl$fdiv)
    x$fpl$ffix                               0x00004468   Section       54  ffix.o(x$fpl$ffix)
    x$fpl$ffixu                              0x000044a0   Section       62  ffixu.o(x$fpl$ffixu)
    x$fpl$fflt                               0x000044e0   Section       48  fflt_clz.o(x$fpl$fflt)
    x$fpl$ffltu                              0x00004510   Section       38  fflt_clz.o(x$fpl$ffltu)
    x$fpl$fmul                               0x00004538   Section      258  fmul.o(x$fpl$fmul)
    x$fpl$fnaninf                            0x0000463a   Section      140  fnaninf.o(x$fpl$fnaninf)
    x$fpl$fretinf                            0x000046c6   Section       10  fretinf.o(x$fpl$fretinf)
    x$fpl$fsub                               0x000046d0   Section      234  faddsub_clz.o(x$fpl$fsub)
    _fsub1                                   0x000046df   Thumb Code     0  faddsub_clz.o(x$fpl$fsub)
    x$fpl$usenofp                            0x000047ba   Section        0  usenofp.o(x$fpl$usenofp)
    __tagsym$$used.4                         0x000047bc   Number         0  rtx_lib.o(.rodata)
    __tagsym$$used.5                         0x0000482c   Number         0  rtx_lib.o(.rodata)
    __tagsym$$used.0                         0x00004864   Number         0  eventrecorder.o(.rodata.EventRecorderInfo)
    schedule                                 0x0000487c   Data          72  dsp_scheduler.o(.rodata._ZL8schedule)
    [Anonymous Symbol]                       0x0000487c   Section        0  dsp_scheduler.o(.rodata._ZL8schedule)
    os_idle_thread_attr                      0x00004900   Data          36  rtx_lib.o(.rodata.os_idle_thread_attr)
    [Anonymous Symbol]                       0x00004900   Section        0  rtx_lib.o(.rodata.os_idle_thread_attr)
    os_timer_mq_attr                         0x00004924   Data          24  rtx_lib.o(.rodata.os_timer_mq_attr)
    [Anonymous Symbol]                       0x00004924   Section        0  rtx_lib.o(.rodata.os_timer_mq_attr)
    os_timer_thread_attr                     0x0000493c   Data          36  rtx_lib.o(.rodata.os_timer_thread_attr)
    [Anonymous Symbol]                       0x0000493c   Section        0  rtx_lib.o(.rodata.os_timer_thread_attr)
    .L.str                                   0x00004960   Data          11  rtx_kernel.o(.rodata.str1.4)
    [Anonymous Symbol]                       0x00004960   Section        0  rtx_kernel.o(.rodata.str1.4)
    t_attr                                   0x0000496c   Data          36  dsp_app.o(.rodata.t_attr)
    [Anonymous Symbol]                       0x0000496c   Section        0  dsp_app.o(.rodata.t_attr)
    .bss                                     0x100000c0   Section       96  libspace.o(.bss)
    SysTimerState                            0x10000120   Data           1  eventrecorder.o(.bss.SysTimerState)
    [Anonymous Symbol]                       0x10000120   Section        0  eventrecorder.o(.bss.SysTimerState)
    TS_OverflowLock                          0x10000121   Data           1  eventrecorder.o(.bss.TS_OverflowLock)
    [Anonymous Symbol]                       0x10000121   Section        0  eventrecorder.o(.bss.TS_OverflowLock)
    dataTimIrqInIdx                          0x10000124   Data           4  dsp_app.o(.bss.dataTimIrqInIdx)
    [Anonymous Symbol]                       0x10000124   Section        0  dsp_app.o(.bss.dataTimIrqInIdx)
    dataTimIrqOutIdx                         0x10000128   Data           4  dsp_app.o(.bss.dataTimIrqOutIdx)
    [Anonymous Symbol]                       0x10000128   Section        0  dsp_app.o(.bss.dataTimIrqOutIdx)
    EventBuffer                              0x10001080   Data        1024  eventrecorder.o(.bss.noinit)
    [Anonymous Symbol]                       0x10001080   Section        0  eventrecorder.o(.bss.noinit)
    EventFilter                              0x10001480   Data         128  eventrecorder.o(.bss.noinit)
    EventStatus                              0x10001500   Data          36  eventrecorder.o(.bss.noinit)
    os_isr_queue                             0x10001528   Data          64  rtx_lib.o(.bss.os)
    [Anonymous Symbol]                       0x10001528   Section        0  rtx_lib.o(.bss.os)
    os_mem                                   0x10001568   Data       32768  rtx_lib.o(.bss.os)
    PendST                                   0x10009568   Data           1  os_systick.o(.bss.os)
    [Anonymous Symbol]                       0x10009568   Section        0  os_systick.o(.bss.os)
    os_timer_mq_cb                           0x1000956c   Data          52  rtx_lib.o(.bss.os.msgqueue.cb)
    [Anonymous Symbol]                       0x1000956c   Section        0  rtx_lib.o(.bss.os.msgqueue.cb)
    os_timer_mq_data                         0x100095a0   Data          80  rtx_lib.o(.bss.os.msgqueue.mem)
    [Anonymous Symbol]                       0x100095a0   Section        0  rtx_lib.o(.bss.os.msgqueue.mem)
    os_idle_thread_cb                        0x100095f0   Data          68  rtx_lib.o(.bss.os.thread.cb)
    [Anonymous Symbol]                       0x100095f0   Section        0  rtx_lib.o(.bss.os.thread.cb)
    os_timer_thread_cb                       0x10009634   Data          68  rtx_lib.o(.bss.os.thread.cb)
    os_idle_thread_stack                     0x10009678   Data         512  rtx_lib.o(.bss.os.thread.idle.stack)
    [Anonymous Symbol]                       0x10009678   Section        0  rtx_lib.o(.bss.os.thread.idle.stack)
    os_timer_thread_stack                    0x10009878   Data         512  rtx_lib.o(.bss.os.thread.timer.stack)
    [Anonymous Symbol]                       0x10009878   Section        0  rtx_lib.o(.bss.os.thread.timer.stack)
    os_kernel_is_active.os_kernel_active     0x10009a78   Data           1  rtx_lib.o(.bss.os_kernel_is_active.os_kernel_active)
    [Anonymous Symbol]                       0x10009a78   Section        0  rtx_lib.o(.bss.os_kernel_is_active.os_kernel_active)
    pTimInputBuffer                          0x10009a7c   Data           4  dsp_app.o(.bss.pTimInputBuffer)
    [Anonymous Symbol]                       0x10009a7c   Section        0  dsp_app.o(.bss.pTimInputBuffer)
    pTimOutputBuffer                         0x10009a80   Data           4  dsp_app.o(.bss.pTimOutputBuffer)
    [Anonymous Symbol]                       0x10009a80   Section        0  dsp_app.o(.bss.pTimOutputBuffer)
    tid_SigMod                               0x10009a84   Data           4  dsp_app.o(.bss.tid_SigMod)
    [Anonymous Symbol]                       0x10009a84   Section        0  dsp_app.o(.bss.tid_SigMod)
    Heap_Mem                                 0x10009a90   Data         512  startup_lpc17xx.o(HEAP)
    HEAP                                     0x10009a90   Section      512  startup_lpc17xx.o(HEAP)
    Stack_Mem                                0x10009c90   Data         512  startup_lpc17xx.o(STACK)
    STACK                                    0x10009c90   Section      512  startup_lpc17xx.o(STACK)
    __initial_sp                             0x10009e90   Data           0  startup_lpc17xx.o(STACK)
    FPCCR                                    0xe000ef34   Number         0  irq_armv7m.o ABSOLUTE

    Global Symbols

    Symbol Name                              Value     Ov Type        Size  Object(Section)

    BuildAttributes$$THM_ISAv4$P$D$K$B$S$PE$A:L22UL41UL21$X:L11$S22US41US21$IEEE1$IW$~IW$USESV6$~STKCKD$USESV7$~SHL$OTIME$ROPI$IEEEX$EBA8$UX$STANDARDLIB$REQ8$PRES8$EABIv2 0x00000000   Number         0  anon$$obj.o ABSOLUTE
    __Vectors                                0x00000000   Data           4  startup_lpc17xx.o(RESET)
    __fp_init_empty                          0x00000000   Number         0  fpinit_empty.o ABSOLUTE
    .bss.os.evflags.cb$$Base                  - Undefined Weak Reference
    .bss.os.evflags.cb$$Limit                 - Undefined Weak Reference
    .bss.os.mempool.cb$$Base                  - Undefined Weak Reference
    .bss.os.mempool.cb$$Limit                 - Undefined Weak Reference
    .bss.os.mutex.cb$$Base                    - Undefined Weak Reference
    .bss.os.mutex.cb$$Limit                   - Undefined Weak Reference
    .bss.os.semaphore.cb$$Base                - Undefined Weak Reference
    .bss.os.semaphore.cb$$Limit               - Undefined Weak Reference
    .bss.os.timer.cb$$Base                    - Undefined Weak Reference
    .bss.os.timer.cb$$Limit                   - Undefined Weak Reference
    __ARM_exceptions_init                     - Undefined Weak Reference
    __alloca_initialize                       - Undefined Weak Reference
    __arm_preinit_                            - Undefined Weak Reference
    __arm_relocate_pie_                       - Undefined Weak Reference
    __cpp_initialize__aeabi_                  - Undefined Weak Reference
    __cxa_finalize                            - Undefined Weak Reference
    __rt_locale                               - Undefined Weak Reference
    __sigvec_lookup                           - Undefined Weak Reference
    _atexit_init                              - Undefined Weak Reference
    _call_atexit_fns                          - Undefined Weak Reference
    _clock_init                               - Undefined Weak Reference
    _fp_trap_init                             - Undefined Weak Reference
    _fp_trap_shutdown                         - Undefined Weak Reference
    _get_lc_collate                           - Undefined Weak Reference
    _get_lc_ctype                             - Undefined Weak Reference
    _get_lc_monetary                          - Undefined Weak Reference
    _get_lc_numeric                           - Undefined Weak Reference
    _get_lc_time                              - Undefined Weak Reference
    _getenv_init                              - Undefined Weak Reference
    _handle_redirection                       - Undefined Weak Reference
    _init_alloc                               - Undefined Weak Reference
    _init_user_alloc                          - Undefined Weak Reference
    _initio                                   - Undefined Weak Reference
    _rand_init                                - Undefined Weak Reference
    _signal_finish                            - Undefined Weak Reference
    _signal_init                              - Undefined Weak Reference
    _terminate_alloc                          - Undefined Weak Reference
    _terminate_user_alloc                     - Undefined Weak Reference
    _terminateio                              - Undefined Weak Reference
    __main                                   0x000000cd   Thumb Code     8  __main.o(!!!main)
    __scatterload                            0x000000d5   Thumb Code     0  __scatter.o(!!!scatter)
    __scatterload_rt2                        0x000000d5   Thumb Code    44  __scatter.o(!!!scatter)
    __scatterload_rt2_thumb_only             0x000000d5   Thumb Code     0  __scatter.o(!!!scatter)
    __scatterload_null                       0x000000e3   Thumb Code     0  __scatter.o(!!!scatter)
    __scatterload_copy                       0x00000109   Thumb Code    26  __scatter_copy.o(!!handler_copy)
    __scatterload_zeroinit                   0x00000125   Thumb Code    28  __scatter_zi.o(!!handler_zi)
    __rt_lib_init                            0x00000141   Thumb Code     0  libinit.o(.ARM.Collect$$libinit$$00000000)
    __rt_lib_init_alloca_1                   0x00000143   Thumb Code     0  libinit2.o(.ARM.Collect$$libinit$$00000030)
    __rt_lib_init_argv_1                     0x00000143   Thumb Code     0  libinit2.o(.ARM.Collect$$libinit$$0000002E)
    __rt_lib_init_atexit_1                   0x00000143   Thumb Code     0  libinit2.o(.ARM.Collect$$libinit$$0000001D)
    __rt_lib_init_clock_1                    0x00000143   Thumb Code     0  libinit2.o(.ARM.Collect$$libinit$$00000023)
    __rt_lib_init_cpp_1                      0x00000143   Thumb Code     0  libinit2.o(.ARM.Collect$$libinit$$00000034)
    __rt_lib_init_exceptions_1               0x00000143   Thumb Code     0  libinit2.o(.ARM.Collect$$libinit$$00000032)
    __rt_lib_init_fp_1                       0x00000143   Thumb Code     0  libinit2.o(.ARM.Collect$$libinit$$00000002)
    __rt_lib_init_fp_trap_1                  0x00000143   Thumb Code     0  libinit2.o(.ARM.Collect$$libinit$$00000021)
    __rt_lib_init_getenv_1                   0x00000143   Thumb Code     0  libinit2.o(.ARM.Collect$$libinit$$00000025)
    __rt_lib_init_heap_1                     0x00000143   Thumb Code     0  libinit2.o(.ARM.Collect$$libinit$$0000000C)
    __rt_lib_init_lc_collate_1               0x00000143   Thumb Code     0  libinit2.o(.ARM.Collect$$libinit$$00000013)
    __rt_lib_init_lc_ctype_1                 0x00000143   Thumb Code     0  libinit2.o(.ARM.Collect$$libinit$$00000015)
    __rt_lib_init_lc_monetary_1              0x00000143   Thumb Code     0  libinit2.o(.ARM.Collect$$libinit$$00000017)
    __rt_lib_init_lc_numeric_1               0x00000143   Thumb Code     0  libinit2.o(.ARM.Collect$$libinit$$00000019)
    __rt_lib_init_lc_time_1                  0x00000143   Thumb Code     0  libinit2.o(.ARM.Collect$$libinit$$0000001B)
    __rt_lib_init_preinit_1                  0x00000143   Thumb Code     0  libinit2.o(.ARM.Collect$$libinit$$00000006)
    __rt_lib_init_rand_1                     0x00000143   Thumb Code     0  libinit2.o(.ARM.Collect$$libinit$$00000010)
    __rt_lib_init_relocate_pie_1             0x00000143   Thumb Code     0  libinit2.o(.ARM.Collect$$libinit$$00000004)
    __rt_lib_init_return                     0x00000143   Thumb Code     0  libinit2.o(.ARM.Collect$$libinit$$00000035)
    __rt_lib_init_signal_1                   0x00000143   Thumb Code     0  libinit2.o(.ARM.Collect$$libinit$$0000001F)
    __rt_lib_init_stdio_1                    0x00000143   Thumb Code     0  libinit2.o(.ARM.Collect$$libinit$$00000027)
    __rt_lib_init_user_alloc_1               0x00000143   Thumb Code     0  libinit2.o(.ARM.Collect$$libinit$$0000000E)
    __rt_lib_shutdown                        0x00000145   Thumb Code     0  libshutdown.o(.ARM.Collect$$libshutdown$$00000000)
    __rt_lib_shutdown_cpp_1                  0x00000147   Thumb Code     0  libshutdown2.o(.ARM.Collect$$libshutdown$$00000002)
    __rt_lib_shutdown_fp_trap_1              0x00000147   Thumb Code     0  libshutdown2.o(.ARM.Collect$$libshutdown$$00000007)
    __rt_lib_shutdown_heap_1                 0x00000147   Thumb Code     0  libshutdown2.o(.ARM.Collect$$libshutdown$$0000000F)
    __rt_lib_shutdown_return                 0x00000147   Thumb Code     0  libshutdown2.o(.ARM.Collect$$libshutdown$$00000010)
    __rt_lib_shutdown_signal_1               0x00000147   Thumb Code     0  libshutdown2.o(.ARM.Collect$$libshutdown$$0000000A)
    __rt_lib_shutdown_stdio_1                0x00000147   Thumb Code     0  libshutdown2.o(.ARM.Collect$$libshutdown$$00000004)
    __rt_lib_shutdown_user_alloc_1           0x00000147   Thumb Code     0  libshutdown2.o(.ARM.Collect$$libshutdown$$0000000C)
    __rt_entry                               0x00000149   Thumb Code     0  __rtentry.o(.ARM.Collect$$rtentry$$00000000)
    __rt_entry_presh_1                       0x00000149   Thumb Code     0  __rtentry2.o(.ARM.Collect$$rtentry$$00000002)
    __rt_entry_sh                            0x00000149   Thumb Code     0  __rtentry4.o(.ARM.Collect$$rtentry$$00000004)
    __rt_entry_postsh_1                      0x0000014f   Thumb Code     0  __rtentry2.o(.ARM.Collect$$rtentry$$00000008)
    __rt_entry_li                            0x00000157   Thumb Code     0  __rtentry2.o(.ARM.Collect$$rtentry$$0000000A)
    __rt_entry_main                          0x0000015b   Thumb Code     0  __rtentry2.o(.ARM.Collect$$rtentry$$0000000D)
    __rt_entry_postli_1                      0x0000015b   Thumb Code     0  __rtentry2.o(.ARM.Collect$$rtentry$$0000000C)
    __rt_exit                                0x00000163   Thumb Code     0  rtexit.o(.ARM.Collect$$rtexit$$00000000)
    __rt_exit_ls                             0x00000165   Thumb Code     0  rtexit2.o(.ARM.Collect$$rtexit$$00000003)
    __rt_exit_prels_1                        0x00000165   Thumb Code     0  rtexit2.o(.ARM.Collect$$rtexit$$00000002)
    __rt_exit_exit                           0x00000169   Thumb Code     0  rtexit2.o(.ARM.Collect$$rtexit$$00000004)
    SVC_Handler                              0x00000171   Thumb Code   144  irq_armv7m.o(.text)
    PendSV_Handler                           0x00000201   Thumb Code    16  irq_armv7m.o(.text)
    SysTick_Handler                          0x00000211   Thumb Code    16  irq_armv7m.o(.text)
    Reset_Handler                            0x0000022d   Thumb Code     8  startup_lpc17xx.o(.text)
    NMI_Handler                              0x00000235   Thumb Code     2  startup_lpc17xx.o(.text)
    HardFault_Handler                        0x00000237   Thumb Code     2  startup_lpc17xx.o(.text)
    MemManage_Handler                        0x00000239   Thumb Code     2  startup_lpc17xx.o(.text)
    BusFault_Handler                         0x0000023b   Thumb Code     2  startup_lpc17xx.o(.text)
    UsageFault_Handler                       0x0000023d   Thumb Code     2  startup_lpc17xx.o(.text)
    DebugMon_Handler                         0x00000241   Thumb Code     2  startup_lpc17xx.o(.text)
    ADC_IRQHandler                           0x00000247   Thumb Code     0  startup_lpc17xx.o(.text)
    BOD_IRQHandler                           0x00000247   Thumb Code     0  startup_lpc17xx.o(.text)
    CANActivity_IRQHandler                   0x00000247   Thumb Code     0  startup_lpc17xx.o(.text)
    CAN_IRQHandler                           0x00000247   Thumb Code     0  startup_lpc17xx.o(.text)
    DMA_IRQHandler                           0x00000247   Thumb Code     0  startup_lpc17xx.o(.text)
    EINT0_IRQHandler                         0x00000247   Thumb Code     0  startup_lpc17xx.o(.text)
    EINT1_IRQHandler                         0x00000247   Thumb Code     0  startup_lpc17xx.o(.text)
    EINT2_IRQHandler                         0x00000247   Thumb Code     0  startup_lpc17xx.o(.text)
    EINT3_IRQHandler                         0x00000247   Thumb Code     0  startup_lpc17xx.o(.text)
    ENET_IRQHandler                          0x00000247   Thumb Code     0  startup_lpc17xx.o(.text)
    I2C0_IRQHandler                          0x00000247   Thumb Code     0  startup_lpc17xx.o(.text)
    I2C1_IRQHandler                          0x00000247   Thumb Code     0  startup_lpc17xx.o(.text)
    I2C2_IRQHandler                          0x00000247   Thumb Code     0  startup_lpc17xx.o(.text)
    I2S_IRQHandler                           0x00000247   Thumb Code     0  startup_lpc17xx.o(.text)
    MCPWM_IRQHandler                         0x00000247   Thumb Code     0  startup_lpc17xx.o(.text)
    PLL0_IRQHandler                          0x00000247   Thumb Code     0  startup_lpc17xx.o(.text)
    PLL1_IRQHandler                          0x00000247   Thumb Code     0  startup_lpc17xx.o(.text)
    PWM1_IRQHandler                          0x00000247   Thumb Code     0  startup_lpc17xx.o(.text)
    QEI_IRQHandler                           0x00000247   Thumb Code     0  startup_lpc17xx.o(.text)
    RIT_IRQHandler                           0x00000247   Thumb Code     0  startup_lpc17xx.o(.text)
    RTC_IRQHandler                           0x00000247   Thumb Code     0  startup_lpc17xx.o(.text)
    SPI_IRQHandler                           0x00000247   Thumb Code     0  startup_lpc17xx.o(.text)
    SSP0_IRQHandler                          0x00000247   Thumb Code     0  startup_lpc17xx.o(.text)
    SSP1_IRQHandler                          0x00000247   Thumb Code     0  startup_lpc17xx.o(.text)
    TIMER0_IRQHandler                        0x00000247   Thumb Code     0  startup_lpc17xx.o(.text)
    TIMER1_IRQHandler                        0x00000247   Thumb Code     0  startup_lpc17xx.o(.text)
    TIMER3_IRQHandler                        0x00000247   Thumb Code     0  startup_lpc17xx.o(.text)
    UART0_IRQHandler                         0x00000247   Thumb Code     0  startup_lpc17xx.o(.text)
    UART1_IRQHandler                         0x00000247   Thumb Code     0  startup_lpc17xx.o(.text)
    UART2_IRQHandler                         0x00000247   Thumb Code     0  startup_lpc17xx.o(.text)
    UART3_IRQHandler                         0x00000247   Thumb Code     0  startup_lpc17xx.o(.text)
    USBActivity_IRQHandler                   0x00000247   Thumb Code     0  startup_lpc17xx.o(.text)
    USB_IRQHandler                           0x00000247   Thumb Code     0  startup_lpc17xx.o(.text)
    WDT_IRQHandler                           0x00000247   Thumb Code     0  startup_lpc17xx.o(.text)
    __user_initial_stackheap                 0x00000249   Thumb Code     0  startup_lpc17xx.o(.text)
    __aeabi_memcpy                           0x0000026d   Thumb Code     0  rt_memcpy_v6.o(.text)
    __rt_memcpy                              0x0000026d   Thumb Code   138  rt_memcpy_v6.o(.text)
    _memcpy_lastbytes                        0x000002d3   Thumb Code     0  rt_memcpy_v6.o(.text)
    __use_two_region_memory                  0x000002f7   Thumb Code     2  heapauxi.o(.text)
    __rt_heap_escrow$2region                 0x000002f9   Thumb Code     2  heapauxi.o(.text)
    __rt_heap_expand$2region                 0x000002fb   Thumb Code     2  heapauxi.o(.text)
    __aeabi_memcpy4                          0x00000301   Thumb Code     0  rt_memcpy_w.o(.text)
    __aeabi_memcpy8                          0x00000301   Thumb Code     0  rt_memcpy_w.o(.text)
    __rt_memcpy_w                            0x00000301   Thumb Code   100  rt_memcpy_w.o(.text)
    _memcpy_lastbytes_aligned                0x00000349   Thumb Code     0  rt_memcpy_w.o(.text)
    __aeabi_memset4                          0x00000365   Thumb Code    16  aeabi_memset4.o(.text)
    __aeabi_memset8                          0x00000365   Thumb Code     0  aeabi_memset4.o(.text)
    __aeabi_memclr                           0x00000375   Thumb Code     0  rt_memclr.o(.text)
    __rt_memclr                              0x00000375   Thumb Code     0  rt_memclr.o(.text)
    _memset                                  0x00000379   Thumb Code    64  rt_memclr.o(.text)
    __aeabi_memclr4                          0x000003b9   Thumb Code     0  rt_memclr_w.o(.text)
    __aeabi_memclr8                          0x000003b9   Thumb Code     0  rt_memclr_w.o(.text)
    __rt_memclr_w                            0x000003b9   Thumb Code     0  rt_memclr_w.o(.text)
    _memset_w                                0x000003bd   Thumb Code    74  rt_memclr_w.o(.text)
    __user_libspace                          0x00000409   Thumb Code     8  libspace.o(.text)
    __user_perproc_libspace                  0x00000409   Thumb Code     0  libspace.o(.text)
    __user_setup_stackheap                   0x00000411   Thumb Code    74  sys_stackheap_outer.o(.text)
    exit                                     0x0000045b   Thumb Code    18  exit.o(.text)
    _sys_exit                                0x0000046d   Thumb Code     8  sys_exit.o(.text)
    __I$use$semihosting                      0x00000479   Thumb Code     0  use_no_semi.o(.text)
    __use_no_semihosting_swi                 0x00000479   Thumb Code     2  use_no_semi.o(.text)
    __semihosting_library_function           0x0000047b   Thumb Code     0  indicate_semi.o(.text)
    ADC_Init                                 0x0000047d   Thumb Code    76  adc.o(.text.ADC_Init)
    DAC_Init                                 0x000004c9   Thumb Code    56  dac.o(.text.DAC_Init)
    EventRecord2                             0x00000501   Thumb Code   406  eventrecorder.o(.text.EventRecord2)
    EventRecord4                             0x00000699   Thumb Code   682  eventrecorder.o(.text.EventRecord4)
    EventRecorderDisable                     0x00000945   Thumb Code   108  eventrecorder.o(.text.EventRecorderDisable)
    EventRecorderEnable                      0x000009b1   Thumb Code   108  eventrecorder.o(.text.EventRecorderEnable)
    EventRecorderInitialize                  0x00000a1d   Thumb Code   718  eventrecorder.o(.text.EventRecorderInitialize)
    EventRecorderStart                       0x00000ced   Thumb Code   328  eventrecorder.o(.text.EventRecorderStart)
    EventRecorderTimerGetCount               0x00000e35   Thumb Code    44  eventrecorder.o(.text.EventRecorderTimerGetCount)
    EventRecorderTimerGetFreq                0x00000e61   Thumb Code    44  eventrecorder.o(.text.EventRecorderTimerGetFreq)
    EventRecorderTimerSetup                  0x00000e8d   Thumb Code    16  eventrecorder.o(.text.EventRecorderTimerSetup)
    EvrRtxDelayCompleted                     0x00000e9d   Thumb Code    16  rtx_evr.o(.text.EvrRtxDelayCompleted)
    EvrRtxEventFlagsWaitTimeout              0x00000ead   Thumb Code    16  rtx_evr.o(.text.EvrRtxEventFlagsWaitTimeout)
    EvrRtxKernelError                        0x00000ebd   Thumb Code    12  rtx_evr.o(.text.EvrRtxKernelError)
    EvrRtxKernelErrorNotify                  0x00000ec9   Thumb Code    12  rtx_evr.o(.text.EvrRtxKernelErrorNotify)
    EvrRtxKernelInitialize                   0x00000ed5   Thumb Code    16  rtx_evr.o(.text.EvrRtxKernelInitialize)
    EvrRtxKernelInitialized                  0x00000ee5   Thumb Code    16  rtx_evr.o(.text.EvrRtxKernelInitialized)
    EvrRtxKernelStart                        0x00000ef5   Thumb Code    16  rtx_evr.o(.text.EvrRtxKernelStart)
    EvrRtxKernelStarted                      0x00000f05   Thumb Code    16  rtx_evr.o(.text.EvrRtxKernelStarted)
    EvrRtxMemoryAlloc                        0x00000f15   Thumb Code    32  rtx_evr.o(.text.EvrRtxMemoryAlloc)
    EvrRtxMemoryBlockAlloc                   0x00000f35   Thumb Code    16  rtx_evr.o(.text.EvrRtxMemoryBlockAlloc)
    EvrRtxMemoryBlockFree                    0x00000f45   Thumb Code    34  rtx_evr.o(.text.EvrRtxMemoryBlockFree)
    EvrRtxMemoryBlockInit                    0x00000f69   Thumb Code    32  rtx_evr.o(.text.EvrRtxMemoryBlockInit)
    EvrRtxMemoryFree                         0x00000f89   Thumb Code    34  rtx_evr.o(.text.EvrRtxMemoryFree)
    EvrRtxMemoryInit                         0x00000fad   Thumb Code    30  rtx_evr.o(.text.EvrRtxMemoryInit)
    EvrRtxMemoryPoolAlloc                    0x00000fcd   Thumb Code    16  rtx_evr.o(.text.EvrRtxMemoryPoolAlloc)
    EvrRtxMemoryPoolAllocFailed              0x00000fdd   Thumb Code    16  rtx_evr.o(.text.EvrRtxMemoryPoolAllocFailed)
    EvrRtxMemoryPoolAllocPending             0x00000fed   Thumb Code    16  rtx_evr.o(.text.EvrRtxMemoryPoolAllocPending)
    EvrRtxMemoryPoolAllocTimeout             0x00000ffd   Thumb Code    16  rtx_evr.o(.text.EvrRtxMemoryPoolAllocTimeout)
    EvrRtxMemoryPoolAllocated                0x0000100d   Thumb Code    16  rtx_evr.o(.text.EvrRtxMemoryPoolAllocated)
    EvrRtxMemoryPoolCreated                  0x0000101d   Thumb Code    16  rtx_evr.o(.text.EvrRtxMemoryPoolCreated)
    EvrRtxMemoryPoolDeallocated              0x0000102d   Thumb Code    16  rtx_evr.o(.text.EvrRtxMemoryPoolDeallocated)
    EvrRtxMemoryPoolError                    0x0000103d   Thumb Code    12  rtx_evr.o(.text.EvrRtxMemoryPoolError)
    EvrRtxMemoryPoolFree                     0x00001049   Thumb Code    16  rtx_evr.o(.text.EvrRtxMemoryPoolFree)
    EvrRtxMemoryPoolFreeFailed               0x00001059   Thumb Code    16  rtx_evr.o(.text.EvrRtxMemoryPoolFreeFailed)
    EvrRtxMemoryPoolNew                      0x00001069   Thumb Code    34  rtx_evr.o(.text.EvrRtxMemoryPoolNew)
    EvrRtxMessageQueueCreated                0x0000108d   Thumb Code    16  rtx_evr.o(.text.EvrRtxMessageQueueCreated)
    EvrRtxMessageQueueError                  0x0000109d   Thumb Code    12  rtx_evr.o(.text.EvrRtxMessageQueueError)
    EvrRtxMessageQueueGet                    0x000010a9   Thumb Code    32  rtx_evr.o(.text.EvrRtxMessageQueueGet)
    EvrRtxMessageQueueGetPending             0x000010c9   Thumb Code    34  rtx_evr.o(.text.EvrRtxMessageQueueGetPending)
    EvrRtxMessageQueueGetTimeout             0x000010ed   Thumb Code    16  rtx_evr.o(.text.EvrRtxMessageQueueGetTimeout)
    EvrRtxMessageQueueInsertPending          0x000010fd   Thumb Code    16  rtx_evr.o(.text.EvrRtxMessageQueueInsertPending)
    EvrRtxMessageQueueInserted               0x0000110d   Thumb Code    16  rtx_evr.o(.text.EvrRtxMessageQueueInserted)
    EvrRtxMessageQueueNew                    0x0000111d   Thumb Code    34  rtx_evr.o(.text.EvrRtxMessageQueueNew)
    EvrRtxMessageQueueNotInserted            0x00001141   Thumb Code    16  rtx_evr.o(.text.EvrRtxMessageQueueNotInserted)
    EvrRtxMessageQueueNotRetrieved           0x00001151   Thumb Code    16  rtx_evr.o(.text.EvrRtxMessageQueueNotRetrieved)
    EvrRtxMessageQueuePut                    0x00001161   Thumb Code    32  rtx_evr.o(.text.EvrRtxMessageQueuePut)
    EvrRtxMessageQueuePutPending             0x00001181   Thumb Code    34  rtx_evr.o(.text.EvrRtxMessageQueuePutPending)
    EvrRtxMessageQueuePutTimeout             0x000011a5   Thumb Code    16  rtx_evr.o(.text.EvrRtxMessageQueuePutTimeout)
    EvrRtxMessageQueueRetrieved              0x000011b5   Thumb Code    16  rtx_evr.o(.text.EvrRtxMessageQueueRetrieved)
    EvrRtxMutexAcquire                       0x000011c5   Thumb Code    16  rtx_evr.o(.text.EvrRtxMutexAcquire)
    EvrRtxMutexAcquirePending                0x000011d5   Thumb Code    16  rtx_evr.o(.text.EvrRtxMutexAcquirePending)
    EvrRtxMutexAcquireTimeout                0x000011e5   Thumb Code    16  rtx_evr.o(.text.EvrRtxMutexAcquireTimeout)
    EvrRtxMutexAcquired                      0x000011f5   Thumb Code    16  rtx_evr.o(.text.EvrRtxMutexAcquired)
    EvrRtxMutexCreated                       0x00001205   Thumb Code    16  rtx_evr.o(.text.EvrRtxMutexCreated)
    EvrRtxMutexDelete                        0x00001215   Thumb Code    16  rtx_evr.o(.text.EvrRtxMutexDelete)
    EvrRtxMutexDestroyed                     0x00001225   Thumb Code    16  rtx_evr.o(.text.EvrRtxMutexDestroyed)
    EvrRtxMutexError                         0x00001235   Thumb Code    12  rtx_evr.o(.text.EvrRtxMutexError)
    EvrRtxMutexNew                           0x00001241   Thumb Code    16  rtx_evr.o(.text.EvrRtxMutexNew)
    EvrRtxMutexNotAcquired                   0x00001251   Thumb Code    16  rtx_evr.o(.text.EvrRtxMutexNotAcquired)
    EvrRtxMutexRelease                       0x00001261   Thumb Code    16  rtx_evr.o(.text.EvrRtxMutexRelease)
    EvrRtxMutexReleased                      0x00001271   Thumb Code    16  rtx_evr.o(.text.EvrRtxMutexReleased)
    EvrRtxSemaphoreAcquireTimeout            0x00001281   Thumb Code    16  rtx_evr.o(.text.EvrRtxSemaphoreAcquireTimeout)
    EvrRtxThreadBlocked                      0x00001291   Thumb Code    16  rtx_evr.o(.text.EvrRtxThreadBlocked)
    EvrRtxThreadCreated                      0x000012a1   Thumb Code    24  rtx_evr.o(.text.EvrRtxThreadCreated)
    EvrRtxThreadDestroyed                    0x000012b9   Thumb Code    16  rtx_evr.o(.text.EvrRtxThreadDestroyed)
    EvrRtxThreadError                        0x000012c9   Thumb Code    12  rtx_evr.o(.text.EvrRtxThreadError)
    EvrRtxThreadExit                         0x000012d5   Thumb Code    16  rtx_evr.o(.text.EvrRtxThreadExit)
    EvrRtxThreadFlagsWaitCompleted           0x000012e5   Thumb Code    32  rtx_evr.o(.text.EvrRtxThreadFlagsWaitCompleted)
    EvrRtxThreadFlagsWaitTimeout             0x00001305   Thumb Code    16  rtx_evr.o(.text.EvrRtxThreadFlagsWaitTimeout)
    EvrRtxThreadJoined                       0x00001315   Thumb Code    16  rtx_evr.o(.text.EvrRtxThreadJoined)
    EvrRtxThreadNew                          0x00001325   Thumb Code    34  rtx_evr.o(.text.EvrRtxThreadNew)
    EvrRtxThreadPreempted                    0x00001349   Thumb Code    16  rtx_evr.o(.text.EvrRtxThreadPreempted)
    EvrRtxThreadSwitched                     0x00001359   Thumb Code    16  rtx_evr.o(.text.EvrRtxThreadSwitched)
    EvrRtxThreadUnblocked                    0x00001369   Thumb Code    16  rtx_evr.o(.text.EvrRtxThreadUnblocked)
    EvrRtxTimerCallback                      0x00001379   Thumb Code    16  rtx_evr.o(.text.EvrRtxTimerCallback)
    OS_Tick_AcknowledgeIRQ                   0x00001389   Thumb Code    12  os_systick.o(.text.OS_Tick_AcknowledgeIRQ)
    OS_Tick_Enable                           0x00001395   Thumb Code    50  os_systick.o(.text.OS_Tick_Enable)
    OS_Tick_GetClock                         0x000013c9   Thumb Code    12  os_systick.o(.text.OS_Tick_GetClock)
    OS_Tick_GetCount                         0x000013d5   Thumb Code    16  os_systick.o(.text.OS_Tick_GetCount)
    OS_Tick_GetIRQn                          0x000013e5   Thumb Code     6  os_systick.o(.text.OS_Tick_GetIRQn)
    OS_Tick_GetInterval                      0x000013ed   Thumb Code    14  os_systick.o(.text.OS_Tick_GetInterval)
    OS_Tick_GetOverflow                      0x000013fd   Thumb Code    16  os_systick.o(.text.OS_Tick_GetOverflow)
    OS_Tick_Setup                            0x0000140d   Thumb Code    72  os_systick.o(.text.OS_Tick_Setup)
    RTX_Features_Init                        0x00001455   Thumb Code   224  dsp_app.o(.text.RTX_Features_Init)
    SigMod                                   0x00001535   Thumb Code    22  dsp_app.o(.text.SigMod)
    SystemInit                               0x0000154d   Thumb Code   204  system_lpc17xx.o(.text.SystemInit)
    TIM2_Init                                0x00001619   Thumb Code    76  timer.o(.text.TIM2_Init)
    TIM2_Start                               0x00001665   Thumb Code    16  timer.o(.text.TIM2_Start)
    TIMER2_IRQHandler                        0x00001675   Thumb Code   380  dsp_app.o(.text.TIMER2_IRQHandler)
    FIFO<float, 384, 0, 0>::getReadBuffer(int) 0x000017f1   Thumb Code    16  dsp_scheduler.o(.text._ZN4FIFOIfLi384ELi0ELi0EE13getReadBufferEi)
    FIFO<float, 384, 0, 0>::getWriteBuffer(int) 0x00001801   Thumb Code    54  dsp_scheduler.o(.text._ZN4FIFOIfLi384ELi0ELi0EE14getWriteBufferEi)
    FIFO<short, 192, 1, 0>::getReadBuffer(int) 0x00001839   Thumb Code     4  dsp_scheduler.o(.text._ZN4FIFOIsLi192ELi1ELi0EE13getReadBufferEi)
    FIFO<short, 192, 1, 0>::getWriteBuffer(int) 0x0000183d   Thumb Code     4  dsp_scheduler.o(.text._ZN4FIFOIsLi192ELi1ELi0EE14getWriteBufferEi)
    FIFO<float, 384, 0, 0>::nbSamplesInFIFO() const 0x00001841   Thumb Code     4  dsp_scheduler.o(.text._ZNK4FIFOIfLi384ELi0ELi0EE15nbSamplesInFIFOEv)
    FIFO<float, 384, 0, 0>::willOverflowWith(int) const 0x00001845   Thumb Code     4  dsp_scheduler.o(.text._ZNK4FIFOIfLi384ELi0ELi0EE16willOverflowWithEi)
    FIFO<float, 384, 0, 0>::willUnderflowWith(int) const 0x00001849   Thumb Code     4  dsp_scheduler.o(.text._ZNK4FIFOIfLi384ELi0ELi0EE17willUnderflowWithEi)
    FIFO<short, 192, 1, 0>::nbSamplesInFIFO() const 0x0000184d   Thumb Code     4  dsp_scheduler.o(.text._ZNK4FIFOIsLi192ELi1ELi0EE15nbSamplesInFIFOEv)
    FIFO<short, 192, 1, 0>::willOverflowWith(int) const 0x00001851   Thumb Code     4  dsp_scheduler.o(.text._ZNK4FIFOIsLi192ELi1ELi0EE16willOverflowWithEi)
    FIFO<short, 192, 1, 0>::willUnderflowWith(int) const 0x00001855   Thumb Code     4  dsp_scheduler.o(.text._ZNK4FIFOIsLi192ELi1ELi0EE17willUnderflowWithEi)
    _mutex_acquire                           0x00001859   Thumb Code    50  rtx_lib.o(.text._mutex_acquire)
    _mutex_free                              0x0000188d   Thumb Code     6  rtx_lib.o(.text._mutex_free)
    _mutex_initialize                        0x00001895   Thumb Code    32  rtx_lib.o(.text._mutex_initialize)
    _mutex_release                           0x000018b5   Thumb Code    46  rtx_lib.o(.text._mutex_release)
    _platform_post_stackheap_init            0x000018e5   Thumb Code     4  rtx_lib.o(.text._platform_post_stackheap_init)
    arm_biquad_cascade_df1_init_q15          0x000018e9   Thumb Code    26  filteringfunctions.o(.text.arm_biquad_cascade_df1_init_q15)
    arm_biquad_cascade_df1_q15               0x00001905   Thumb Code   246  filteringfunctions.o(.text.arm_biquad_cascade_df1_q15)
    arm_float_to_q15                         0x000019fd   Thumb Code    46  supportfunctions.o(.text.arm_float_to_q15)
    arm_q15_to_float                         0x00001a2d   Thumb Code    42  supportfunctions.o(.text.arm_q15_to_float)
    dsp_scheduler                            0x00001a59   Thumb Code   488  dsp_scheduler.o(.text.dsp_scheduler)
    iirExec_q15                              0x00001c41   Thumb Code    18  dsp_iir.o(.text.iirExec_q15)
    iirInit_q15                              0x00001c55   Thumb Code    46  dsp_iir.o(.text.iirInit_q15)
    main                                     0x00001c85   Thumb Code    38  dsp_app.o(.text.main)
    osKernelGetState                         0x00001cad   Thumb Code    50  rtx_kernel.o(.text.osKernelGetState)
    osKernelGetSysTimerCount                 0x00001ce1   Thumb Code    72  rtx_kernel.o(.text.osKernelGetSysTimerCount)
    osKernelGetSysTimerFreq                  0x00001d29   Thumb Code    40  rtx_kernel.o(.text.osKernelGetSysTimerFreq)
    osKernelInitialize                       0x00001d51   Thumb Code    54  rtx_kernel.o(.text.osKernelInitialize)
    osKernelStart                            0x00001d89   Thumb Code    50  rtx_kernel.o(.text.osKernelStart)
    osMemoryPoolAlloc                        0x00001dbd   Thumb Code   158  rtx_mempool.o(.text.osMemoryPoolAlloc)
    osMemoryPoolFree                         0x00001e5d   Thumb Code   192  rtx_mempool.o(.text.osMemoryPoolFree)
    osMemoryPoolNew                          0x00001f1d   Thumb Code    64  rtx_mempool.o(.text.osMemoryPoolNew)
    osMessageQueueGet                        0x00001f5d   Thumb Code   212  rtx_msgqueue.o(.text.osMessageQueueGet)
    osMessageQueueNew                        0x00002031   Thumb Code    64  rtx_msgqueue.o(.text.osMessageQueueNew)
    osMessageQueuePut                        0x00002071   Thumb Code   162  rtx_msgqueue.o(.text.osMessageQueuePut)
    osMutexAcquire                           0x00002115   Thumb Code    60  rtx_mutex.o(.text.osMutexAcquire)
    osMutexDelete                            0x00002151   Thumb Code    56  rtx_mutex.o(.text.osMutexDelete)
    osMutexNew                               0x00002189   Thumb Code    56  rtx_mutex.o(.text.osMutexNew)
    osMutexRelease                           0x000021c1   Thumb Code    56  rtx_mutex.o(.text.osMutexRelease)
    osRtxErrorNotify                         0x000021f9   Thumb Code     2  rtx_config.o(.text.osRtxErrorNotify)
    osRtxIdleThread                          0x000021fd   Thumb Code     2  rtx_config.o(.text.osRtxIdleThread)
    osRtxKernelErrorNotify                   0x00002201   Thumb Code    22  rtx_kernel.o(.text.osRtxKernelErrorNotify)
    osRtxKernelPreInit                       0x00002219   Thumb Code   244  rtx_lib.o(.text.osRtxKernelPreInit)
    osRtxMemoryAlloc                         0x0000230d   Thumb Code   128  rtx_memory.o(.text.osRtxMemoryAlloc)
    osRtxMemoryFree                          0x0000238d   Thumb Code    90  rtx_memory.o(.text.osRtxMemoryFree)
    osRtxMemoryInit                          0x000023e9   Thumb Code    64  rtx_memory.o(.text.osRtxMemoryInit)
    osRtxMemoryPoolAlloc                     0x00002429   Thumb Code    68  rtx_mempool.o(.text.osRtxMemoryPoolAlloc)
    osRtxMemoryPoolFree                      0x0000246d   Thumb Code    86  rtx_mempool.o(.text.osRtxMemoryPoolFree)
    osRtxMemoryPoolInit                      0x000024c5   Thumb Code    96  rtx_mempool.o(.text.osRtxMemoryPoolInit)
    osRtxMessageQueueTimerSetup              0x00002749   Thumb Code    44  rtx_msgqueue.o(.text.osRtxMessageQueueTimerSetup)
    osRtxMutexOwnerRelease                   0x00002775   Thumb Code   102  rtx_mutex.o(.text.osRtxMutexOwnerRelease)
    osRtxMutexOwnerRestore                   0x000027dd   Thumb Code    80  rtx_mutex.o(.text.osRtxMutexOwnerRestore)
    osRtxPendSV_Handler                      0x0000282d   Thumb Code   136  rtx_system.o(.text.osRtxPendSV_Handler)
    osRtxPostProcess                         0x000028d9   Thumb Code   118  rtx_system.o(.text.osRtxPostProcess)
    osRtxThreadDelayTick                     0x00002951   Thumb Code   344  rtx_thread.o(.text.osRtxThreadDelayTick)
    osRtxThreadDispatch                      0x00002aa9   Thumb Code   234  rtx_thread.o(.text.osRtxThreadDispatch)
    osRtxThreadListGet                       0x00002bf9   Thumb Code    20  rtx_thread.o(.text.osRtxThreadListGet)
    osRtxThreadListPut                       0x00002c0d   Thumb Code    44  rtx_thread.o(.text.osRtxThreadListPut)
    osRtxThreadListRemove                    0x00002c39   Thumb Code    26  rtx_thread.o(.text.osRtxThreadListRemove)
    osRtxThreadListSort                      0x00002c55   Thumb Code   112  rtx_thread.o(.text.osRtxThreadListSort)
    osRtxThreadReadyPut                      0x00002d65   Thumb Code    60  rtx_thread.o(.text.osRtxThreadReadyPut)
    osRtxThreadRegPtr                        0x00002da1   Thumb Code     6  rtx_thread.o(.text.osRtxThreadRegPtr)
    osRtxThreadStackCheck                    0x00002da9   Thumb Code    32  rtx_thread.o(.text.osRtxThreadStackCheck)
    osRtxThreadStartup                       0x00002dc9   Thumb Code    74  rtx_thread.o(.text.osRtxThreadStartup)
    osRtxThreadSwitch                        0x00002e15   Thumb Code    18  rtx_thread.o(.text.osRtxThreadSwitch)
    osRtxThreadWaitEnter                     0x00002e29   Thumb Code   216  rtx_thread.o(.text.osRtxThreadWaitEnter)
    osRtxThreadWaitExit                      0x00002f01   Thumb Code   148  rtx_thread.o(.text.osRtxThreadWaitExit)
    osRtxTick_Handler                        0x00002f95   Thumb Code   132  rtx_system.o(.text.osRtxTick_Handler)
    osRtxTimerSetup                          0x00003019   Thumb Code    38  rtx_timer.o(.text.osRtxTimerSetup)
    osRtxTimerThread                         0x00003041   Thumb Code    42  rtx_timer.o(.text.osRtxTimerThread)
    osThreadExit                             0x00003135   Thumb Code    26  rtx_thread.o(.text.osThreadExit)
    osThreadNew                              0x00003151   Thumb Code    64  rtx_thread.o(.text.osThreadNew)
    __aeabi_fadd                             0x00004221   Thumb Code     0  faddsub_clz.o(x$fpl$fadd)
    _fadd                                    0x00004221   Thumb Code   196  faddsub_clz.o(x$fpl$fadd)
    __aeabi_fdiv                             0x000042e5   Thumb Code     0  fdiv.o(x$fpl$fdiv)
    _fdiv                                    0x000042e5   Thumb Code   384  fdiv.o(x$fpl$fdiv)
    __aeabi_f2iz                             0x00004469   Thumb Code     0  ffix.o(x$fpl$ffix)
    _ffix                                    0x00004469   Thumb Code    54  ffix.o(x$fpl$ffix)
    __aeabi_f2uiz                            0x000044a1   Thumb Code     0  ffixu.o(x$fpl$ffixu)
    _ffixu                                   0x000044a1   Thumb Code    62  ffixu.o(x$fpl$ffixu)
    __aeabi_i2f                              0x000044e1   Thumb Code     0  fflt_clz.o(x$fpl$fflt)
    _fflt                                    0x000044e1   Thumb Code    48  fflt_clz.o(x$fpl$fflt)
    __aeabi_ui2f                             0x00004511   Thumb Code     0  fflt_clz.o(x$fpl$ffltu)
    _ffltu                                   0x00004511   Thumb Code    38  fflt_clz.o(x$fpl$ffltu)
    __aeabi_fmul                             0x00004539   Thumb Code     0  fmul.o(x$fpl$fmul)
    _fmul                                    0x00004539   Thumb Code   258  fmul.o(x$fpl$fmul)
    __fpl_fnaninf                            0x0000463b   Thumb Code   140  fnaninf.o(x$fpl$fnaninf)
    __fpl_fretinf                            0x000046c7   Thumb Code    10  fretinf.o(x$fpl$fretinf)
    __aeabi_fsub                             0x000046d1   Thumb Code     0  faddsub_clz.o(x$fpl$fsub)
    _fsub                                    0x000046d1   Thumb Code   234  faddsub_clz.o(x$fpl$fsub)
    __I$use$fp                               0x000047ba   Number         0  usenofp.o(x$fpl$usenofp)
    osRtxConfig                              0x000047bc   Data         112  rtx_lib.o(.rodata)
    os_cb_sections                           0x0000482c   Data          56  rtx_lib.o(.rodata)
    EventRecorderInfo                        0x00004864   Data          24  eventrecorder.o(.rodata.EventRecorderInfo)
    vtable for FIFO<float, 384, 0, 0>        0x000048c4   Data          28  dsp_scheduler.o(.rodata._ZTV4FIFOIfLi384ELi0ELi0EE)
    vtable for FIFO<short, 192, 1, 0>        0x000048e0   Data          28  dsp_scheduler.o(.rodata._ZTV4FIFOIsLi192ELi1ELi0EE)
    osRtxUserSVC                             0x000048fc   Data           4  rtx_lib.o(.rodata.osRtxUserSVC)
    Region$$Table$$Base                      0x00004990   Number         0  anon$$obj.o(Region$$Table)
    Region$$Table$$Limit                     0x000049b0   Number         0  anon$$obj.o(Region$$Table)
    SystemCoreClock                          0x10000000   Data           4  system_lpc17xx.o(.data.SystemCoreClock)
    iirCoeff_q15                             0x10000004   Data          24  dsp_iir.o(.data.iirCoeff_q15)
    osRtxInfo                                0x1000001c   Data         164  rtx_kernel.o(.data.os)
    __libspace_start                         0x100000c0   Data          96  libspace.o(.bss)
    __temporary_stack_top$libspace           0x10000120   Data           0  libspace.o(.bss)
    dsp_buf1                                 0x1000012c   Data        1536  dsp_scheduler.o(.bss.dsp_buf1)
    dsp_buf2                                 0x1000072c   Data         384  dsp_scheduler.o(.bss.dsp_buf2)
    dsp_buf3                                 0x100008ac   Data         384  dsp_scheduler.o(.bss.dsp_buf3)
    dsp_buf4                                 0x10000a2c   Data        1536  dsp_scheduler.o(.bss.dsp_buf4)
    g_dsp_context                            0x1000102c   Data          16  dsp_app.o(.bss.g_dsp_context)
    iirInstance_q15                          0x1000103c   Data          16  dsp_iir.o(.bss.iirInstance_q15)
    iirState_q15                             0x1000104c   Data          16  dsp_iir.o(.bss.iirState_q15)
    .bss.os.msgqueue.cb$$Base                0x1000956c   Number         0  rtx_lib.o(.bss.os.msgqueue.cb)
    .bss.os.msgqueue.cb$$Limit               0x100095a0   Number         0  rtx_lib.o(.bss.os.msgqueue.cb)
    .bss.os.thread.cb$$Base                  0x100095f0   Number         0  rtx_lib.o(.bss.os.thread.cb)
    .bss.os.thread.cb$$Limit                 0x10009678   Number         0  rtx_lib.o(.bss.os.thread.cb)
    tmpFilterIn                              0x10009a88   Data           4  dsp_app.o(.bss.tmpFilterIn)
    tmpFilterOut                             0x10009a8c   Data           4  dsp_app.o(.bss.tmpFilterOut)



==============================================================================

Memory Map of the image

  Image Entry point : 0x000000cd

  Load Region LR_IROM1 (Base: 0x00000000, Size: 0x00004a80, Max: 0x00013880, ABSOLUTE)

    Execution Region ER_IROM1 (Exec base: 0x00000000, Load base: 0x00000000, Size: 0x000049b0, Max: 0x00013880, ABSOLUTE)

    Exec Addr    Load Addr    Size         Type   Attr      Idx    E Section Name        Object

    0x00000000   0x00000000   0x000000cc   Data   RO         2880    RESET               startup_lpc17xx.o
    0x000000cc   0x000000cc   0x00000008   Code   RO         2923  * !!!main             c_w.l(__main.o)
    0x000000d4   0x000000d4   0x00000034   Code   RO         3298    !!!scatter          c_w.l(__scatter.o)
    0x00000108   0x00000108   0x0000001a   Code   RO         3300    !!handler_copy      c_w.l(__scatter_copy.o)
    0x00000122   0x00000122   0x00000002   PAD
    0x00000124   0x00000124   0x0000001c   Code   RO         3302    !!handler_zi        c_w.l(__scatter_zi.o)
    0x00000140   0x00000140   0x00000002   Code   RO         3159    .ARM.Collect$$libinit$$00000000  c_w.l(libinit.o)
    0x00000142   0x00000142   0x00000000   Code   RO         3171    .ARM.Collect$$libinit$$00000002  c_w.l(libinit2.o)
    0x00000142   0x00000142   0x00000000   Code   RO         3173    .ARM.Collect$$libinit$$00000004  c_w.l(libinit2.o)
    0x00000142   0x00000142   0x00000000   Code   RO         3175    .ARM.Collect$$libinit$$00000006  c_w.l(libinit2.o)
    0x00000142   0x00000142   0x00000000   Code   RO         3178    .ARM.Collect$$libinit$$0000000C  c_w.l(libinit2.o)
    0x00000142   0x00000142   0x00000000   Code   RO         3180    .ARM.Collect$$libinit$$0000000E  c_w.l(libinit2.o)
    0x00000142   0x00000142   0x00000000   Code   RO         3182    .ARM.Collect$$libinit$$00000010  c_w.l(libinit2.o)
    0x00000142   0x00000142   0x00000000   Code   RO         3185    .ARM.Collect$$libinit$$00000013  c_w.l(libinit2.o)
    0x00000142   0x00000142   0x00000000   Code   RO         3187    .ARM.Collect$$libinit$$00000015  c_w.l(libinit2.o)
    0x00000142   0x00000142   0x00000000   Code   RO         3189    .ARM.Collect$$libinit$$00000017  c_w.l(libinit2.o)
    0x00000142   0x00000142   0x00000000   Code   RO         3191    .ARM.Collect$$libinit$$00000019  c_w.l(libinit2.o)
    0x00000142   0x00000142   0x00000000   Code   RO         3193    .ARM.Collect$$libinit$$0000001B  c_w.l(libinit2.o)
    0x00000142   0x00000142   0x00000000   Code   RO         3195    .ARM.Collect$$libinit$$0000001D  c_w.l(libinit2.o)
    0x00000142   0x00000142   0x00000000   Code   RO         3197    .ARM.Collect$$libinit$$0000001F  c_w.l(libinit2.o)
    0x00000142   0x00000142   0x00000000   Code   RO         3199    .ARM.Collect$$libinit$$00000021  c_w.l(libinit2.o)
    0x00000142   0x00000142   0x00000000   Code   RO         3201    .ARM.Collect$$libinit$$00000023  c_w.l(libinit2.o)
    0x00000142   0x00000142   0x00000000   Code   RO         3203    .ARM.Collect$$libinit$$00000025  c_w.l(libinit2.o)
    0x00000142   0x00000142   0x00000000   Code   RO         3205    .ARM.Collect$$libinit$$00000027  c_w.l(libinit2.o)
    0x00000142   0x00000142   0x00000000   Code   RO         3209    .ARM.Collect$$libinit$$0000002E  c_w.l(libinit2.o)
    0x00000142   0x00000142   0x00000000   Code   RO         3211    .ARM.Collect$$libinit$$00000030  c_w.l(libinit2.o)
    0x00000142   0x00000142   0x00000000   Code   RO         3213    .ARM.Collect$$libinit$$00000032  c_w.l(libinit2.o)
    0x00000142   0x00000142   0x00000000   Code   RO         3215    .ARM.Collect$$libinit$$00000034  c_w.l(libinit2.o)
    0x00000142   0x00000142   0x00000002   Code   RO         3216    .ARM.Collect$$libinit$$00000035  c_w.l(libinit2.o)
    0x00000144   0x00000144   0x00000002   Code   RO         3253    .ARM.Collect$$libshutdown$$00000000  c_w.l(libshutdown.o)
    0x00000146   0x00000146   0x00000000   Code   RO         3281    .ARM.Collect$$libshutdown$$00000002  c_w.l(libshutdown2.o)
    0x00000146   0x00000146   0x00000000   Code   RO         3283    .ARM.Collect$$libshutdown$$00000004  c_w.l(libshutdown2.o)
    0x00000146   0x00000146   0x00000000   Code   RO         3286    .ARM.Collect$$libshutdown$$00000007  c_w.l(libshutdown2.o)
    0x00000146   0x00000146   0x00000000   Code   RO         3289    .ARM.Collect$$libshutdown$$0000000A  c_w.l(libshutdown2.o)
    0x00000146   0x00000146   0x00000000   Code   RO         3291    .ARM.Collect$$libshutdown$$0000000C  c_w.l(libshutdown2.o)
    0x00000146   0x00000146   0x00000000   Code   RO         3294    .ARM.Collect$$libshutdown$$0000000F  c_w.l(libshutdown2.o)
    0x00000146   0x00000146   0x00000002   Code   RO         3295    .ARM.Collect$$libshutdown$$00000010  c_w.l(libshutdown2.o)
    0x00000148   0x00000148   0x00000000   Code   RO         3036    .ARM.Collect$$rtentry$$00000000  c_w.l(__rtentry.o)
    0x00000148   0x00000148   0x00000000   Code   RO         3114    .ARM.Collect$$rtentry$$00000002  c_w.l(__rtentry2.o)
    0x00000148   0x00000148   0x00000006   Code   RO         3126    .ARM.Collect$$rtentry$$00000004  c_w.l(__rtentry4.o)
    0x0000014e   0x0000014e   0x00000008   Code   RO         3115    .ARM.Collect$$rtentry$$00000008  c_w.l(__rtentry2.o)
    0x00000156   0x00000156   0x00000004   Code   RO         3117    .ARM.Collect$$rtentry$$0000000A  c_w.l(__rtentry2.o)
    0x0000015a   0x0000015a   0x00000000   Code   RO         3119    .ARM.Collect$$rtentry$$0000000C  c_w.l(__rtentry2.o)
    0x0000015a   0x0000015a   0x00000008   Code   RO         3120    .ARM.Collect$$rtentry$$0000000D  c_w.l(__rtentry2.o)
    0x00000162   0x00000162   0x00000002   Code   RO         3162    .ARM.Collect$$rtexit$$00000000  c_w.l(rtexit.o)
    0x00000164   0x00000164   0x00000000   Code   RO         3224    .ARM.Collect$$rtexit$$00000002  c_w.l(rtexit2.o)
    0x00000164   0x00000164   0x00000004   Code   RO         3225    .ARM.Collect$$rtexit$$00000003  c_w.l(rtexit2.o)
    0x00000168   0x00000168   0x00000006   Code   RO         3226    .ARM.Collect$$rtexit$$00000004  c_w.l(rtexit2.o)
    0x0000016e   0x0000016e   0x00000002   PAD
    0x00000170   0x00000170   0x000000bc   Code   RO         1903    .text               irq_armv7m.o
    0x0000022c   0x0000022c   0x00000040   Code   RO         2882    .text               startup_lpc17xx.o
    0x0000026c   0x0000026c   0x0000008a   Code   RO         2907    .text               c_w.l(rt_memcpy_v6.o)
    0x000002f6   0x000002f6   0x00000006   Code   RO         2921    .text               c_w.l(heapauxi.o)
    0x000002fc   0x000002fc   0x00000004   Code   RO         2881    .ARM.__at_0x02FC    startup_lpc17xx.o
    0x00000300   0x00000300   0x00000064   Code   RO         2909    .text               c_w.l(rt_memcpy_w.o)
    0x00000364   0x00000364   0x00000010   Code   RO         2913    .text               c_w.l(aeabi_memset4.o)
    0x00000374   0x00000374   0x00000044   Code   RO         2915    .text               c_w.l(rt_memclr.o)
    0x000003b8   0x000003b8   0x0000004e   Code   RO         2917    .text               c_w.l(rt_memclr_w.o)
    0x00000406   0x00000406   0x00000002   PAD
    0x00000408   0x00000408   0x00000008   Code   RO         3145    .text               c_w.l(libspace.o)
    0x00000410   0x00000410   0x0000004a   Code   RO         3148    .text               c_w.l(sys_stackheap_outer.o)
    0x0000045a   0x0000045a   0x00000012   Code   RO         3150    .text               c_w.l(exit.o)
    0x0000046c   0x0000046c   0x0000000c   Code   RO         3219    .text               c_w.l(sys_exit.o)
    0x00000478   0x00000478   0x00000002   Code   RO         3242    .text               c_w.l(use_no_semi.o)
    0x0000047a   0x0000047a   0x00000000   Code   RO         3244    .text               c_w.l(indicate_semi.o)
    0x0000047a   0x0000047a   0x00000002   PAD
    0x0000047c   0x0000047c   0x0000004c   Code   RO          113    .text.ADC_Init      adc.o
    0x000004c8   0x000004c8   0x00000038   Code   RO            2    .text.DAC_Init      dac.o
    0x00000500   0x00000500   0x00000196   Code   RO         2836    .text.EventRecord2  eventrecorder.o
    0x00000696   0x00000696   0x00000002   PAD
    0x00000698   0x00000698   0x000002aa   Code   RO         2838    .text.EventRecord4  eventrecorder.o
    0x00000942   0x00000942   0x00000002   PAD
    0x00000944   0x00000944   0x0000006c   Code   RO         2828    .text.EventRecorderDisable  eventrecorder.o
    0x000009b0   0x000009b0   0x0000006c   Code   RO         2824    .text.EventRecorderEnable  eventrecorder.o
    0x00000a1c   0x00000a1c   0x000002ce   Code   RO         2822    .text.EventRecorderInitialize  eventrecorder.o
    0x00000cea   0x00000cea   0x00000002   PAD
    0x00000cec   0x00000cec   0x00000148   Code   RO         2826    .text.EventRecorderStart  eventrecorder.o
    0x00000e34   0x00000e34   0x0000002c   Code   RO         2820    .text.EventRecorderTimerGetCount  eventrecorder.o
    0x00000e60   0x00000e60   0x0000002c   Code   RO         2818    .text.EventRecorderTimerGetFreq  eventrecorder.o
    0x00000e8c   0x00000e8c   0x00000010   Code   RO         2816    .text.EventRecorderTimerSetup  eventrecorder.o
    0x00000e9c   0x00000e9c   0x00000010   Code   RO         2109    .text.EvrRtxDelayCompleted  rtx_evr.o
    0x00000eac   0x00000eac   0x00000010   Code   RO         2157    .text.EvrRtxEventFlagsWaitTimeout  rtx_evr.o
    0x00000ebc   0x00000ebc   0x0000000c   Code   RO         1977    .text.EvrRtxKernelError  rtx_evr.o
    0x00000ec8   0x00000ec8   0x0000000c   Code   RO         2015    .text.EvrRtxKernelErrorNotify  rtx_evr.o
    0x00000ed4   0x00000ed4   0x00000010   Code   RO         1979    .text.EvrRtxKernelInitialize  rtx_evr.o
    0x00000ee4   0x00000ee4   0x00000010   Code   RO         1981    .text.EvrRtxKernelInitialized  rtx_evr.o
    0x00000ef4   0x00000ef4   0x00000010   Code   RO         1987    .text.EvrRtxKernelStart  rtx_evr.o
    0x00000f04   0x00000f04   0x00000010   Code   RO         1989    .text.EvrRtxKernelStarted  rtx_evr.o
    0x00000f14   0x00000f14   0x00000020   Code   RO         1967    .text.EvrRtxMemoryAlloc  rtx_evr.o
    0x00000f34   0x00000f34   0x00000010   Code   RO         1973    .text.EvrRtxMemoryBlockAlloc  rtx_evr.o
    0x00000f44   0x00000f44   0x00000022   Code   RO         1975    .text.EvrRtxMemoryBlockFree  rtx_evr.o
    0x00000f66   0x00000f66   0x00000002   PAD
    0x00000f68   0x00000f68   0x00000020   Code   RO         1971    .text.EvrRtxMemoryBlockInit  rtx_evr.o
    0x00000f88   0x00000f88   0x00000022   Code   RO         1969    .text.EvrRtxMemoryFree  rtx_evr.o
    0x00000faa   0x00000faa   0x00000002   PAD
    0x00000fac   0x00000fac   0x0000001e   Code   RO         1965    .text.EvrRtxMemoryInit  rtx_evr.o
    0x00000fca   0x00000fca   0x00000002   PAD
    0x00000fcc   0x00000fcc   0x00000010   Code   RO         2231    .text.EvrRtxMemoryPoolAlloc  rtx_evr.o
    0x00000fdc   0x00000fdc   0x00000010   Code   RO         2239    .text.EvrRtxMemoryPoolAllocFailed  rtx_evr.o
    0x00000fec   0x00000fec   0x00000010   Code   RO         2233    .text.EvrRtxMemoryPoolAllocPending  rtx_evr.o
    0x00000ffc   0x00000ffc   0x00000010   Code   RO         2235    .text.EvrRtxMemoryPoolAllocTimeout  rtx_evr.o
    0x0000100c   0x0000100c   0x00000010   Code   RO         2237    .text.EvrRtxMemoryPoolAllocated  rtx_evr.o
    0x0000101c   0x0000101c   0x00000010   Code   RO         2227    .text.EvrRtxMemoryPoolCreated  rtx_evr.o
    0x0000102c   0x0000102c   0x00000010   Code   RO         2243    .text.EvrRtxMemoryPoolDeallocated  rtx_evr.o
    0x0000103c   0x0000103c   0x0000000c   Code   RO         2223    .text.EvrRtxMemoryPoolError  rtx_evr.o
    0x00001048   0x00001048   0x00000010   Code   RO         2241    .text.EvrRtxMemoryPoolFree  rtx_evr.o
    0x00001058   0x00001058   0x00000010   Code   RO         2245    .text.EvrRtxMemoryPoolFreeFailed  rtx_evr.o
    0x00001068   0x00001068   0x00000022   Code   RO         2225    .text.EvrRtxMemoryPoolNew  rtx_evr.o
    0x0000108a   0x0000108a   0x00000002   PAD
    0x0000108c   0x0000108c   0x00000010   Code   RO         2263    .text.EvrRtxMessageQueueCreated  rtx_evr.o
    0x0000109c   0x0000109c   0x0000000c   Code   RO         2259    .text.EvrRtxMessageQueueError  rtx_evr.o
    0x000010a8   0x000010a8   0x00000020   Code   RO         2279    .text.EvrRtxMessageQueueGet  rtx_evr.o
    0x000010c8   0x000010c8   0x00000022   Code   RO         2281    .text.EvrRtxMessageQueueGetPending  rtx_evr.o
    0x000010ea   0x000010ea   0x00000002   PAD
    0x000010ec   0x000010ec   0x00000010   Code   RO         2283    .text.EvrRtxMessageQueueGetTimeout  rtx_evr.o
    0x000010fc   0x000010fc   0x00000010   Code   RO         2273    .text.EvrRtxMessageQueueInsertPending  rtx_evr.o
    0x0000110c   0x0000110c   0x00000010   Code   RO         2275    .text.EvrRtxMessageQueueInserted  rtx_evr.o
    0x0000111c   0x0000111c   0x00000022   Code   RO         2261    .text.EvrRtxMessageQueueNew  rtx_evr.o
    0x0000113e   0x0000113e   0x00000002   PAD
    0x00001140   0x00001140   0x00000010   Code   RO         2277    .text.EvrRtxMessageQueueNotInserted  rtx_evr.o
    0x00001150   0x00001150   0x00000010   Code   RO         2287    .text.EvrRtxMessageQueueNotRetrieved  rtx_evr.o
    0x00001160   0x00001160   0x00000020   Code   RO         2267    .text.EvrRtxMessageQueuePut  rtx_evr.o
    0x00001180   0x00001180   0x00000022   Code   RO         2269    .text.EvrRtxMessageQueuePutPending  rtx_evr.o
    0x000011a2   0x000011a2   0x00000002   PAD
    0x000011a4   0x000011a4   0x00000010   Code   RO         2271    .text.EvrRtxMessageQueuePutTimeout  rtx_evr.o
    0x000011b4   0x000011b4   0x00000010   Code   RO         2285    .text.EvrRtxMessageQueueRetrieved  rtx_evr.o
    0x000011c4   0x000011c4   0x00000010   Code   RO         2175    .text.EvrRtxMutexAcquire  rtx_evr.o
    0x000011d4   0x000011d4   0x00000010   Code   RO         2177    .text.EvrRtxMutexAcquirePending  rtx_evr.o
    0x000011e4   0x000011e4   0x00000010   Code   RO         2179    .text.EvrRtxMutexAcquireTimeout  rtx_evr.o
    0x000011f4   0x000011f4   0x00000010   Code   RO         2181    .text.EvrRtxMutexAcquired  rtx_evr.o
    0x00001204   0x00001204   0x00000010   Code   RO         2171    .text.EvrRtxMutexCreated  rtx_evr.o
    0x00001214   0x00001214   0x00000010   Code   RO         2191    .text.EvrRtxMutexDelete  rtx_evr.o
    0x00001224   0x00001224   0x00000010   Code   RO         2193    .text.EvrRtxMutexDestroyed  rtx_evr.o
    0x00001234   0x00001234   0x0000000c   Code   RO         2167    .text.EvrRtxMutexError  rtx_evr.o
    0x00001240   0x00001240   0x00000010   Code   RO         2169    .text.EvrRtxMutexNew  rtx_evr.o
    0x00001250   0x00001250   0x00000010   Code   RO         2183    .text.EvrRtxMutexNotAcquired  rtx_evr.o
    0x00001260   0x00001260   0x00000010   Code   RO         2185    .text.EvrRtxMutexRelease  rtx_evr.o
    0x00001270   0x00001270   0x00000010   Code   RO         2187    .text.EvrRtxMutexReleased  rtx_evr.o
    0x00001280   0x00001280   0x00000010   Code   RO         2207    .text.EvrRtxSemaphoreAcquireTimeout  rtx_evr.o
    0x00001290   0x00001290   0x00000010   Code   RO         2059    .text.EvrRtxThreadBlocked  rtx_evr.o
    0x000012a0   0x000012a0   0x00000018   Code   RO         2021    .text.EvrRtxThreadCreated  rtx_evr.o
    0x000012b8   0x000012b8   0x00000010   Code   RO         2071    .text.EvrRtxThreadDestroyed  rtx_evr.o
    0x000012c8   0x000012c8   0x0000000c   Code   RO         2017    .text.EvrRtxThreadError  rtx_evr.o
    0x000012d4   0x000012d4   0x00000010   Code   RO         2067    .text.EvrRtxThreadExit  rtx_evr.o
    0x000012e4   0x000012e4   0x00000020   Code   RO         2095    .text.EvrRtxThreadFlagsWaitCompleted  rtx_evr.o
    0x00001304   0x00001304   0x00000010   Code   RO         2093    .text.EvrRtxThreadFlagsWaitTimeout  rtx_evr.o
    0x00001314   0x00001314   0x00000010   Code   RO         2057    .text.EvrRtxThreadJoined  rtx_evr.o
    0x00001324   0x00001324   0x00000022   Code   RO         2019    .text.EvrRtxThreadNew  rtx_evr.o
    0x00001346   0x00001346   0x00000002   PAD
    0x00001348   0x00001348   0x00000010   Code   RO         2063    .text.EvrRtxThreadPreempted  rtx_evr.o
    0x00001358   0x00001358   0x00000010   Code   RO         2065    .text.EvrRtxThreadSwitched  rtx_evr.o
    0x00001368   0x00001368   0x00000010   Code   RO         2061    .text.EvrRtxThreadUnblocked  rtx_evr.o
    0x00001378   0x00001378   0x00000010   Code   RO         2113    .text.EvrRtxTimerCallback  rtx_evr.o
    0x00001388   0x00001388   0x0000000c   Code   RO         2784    .text.OS_Tick_AcknowledgeIRQ  os_systick.o
    0x00001394   0x00001394   0x00000032   Code   RO         2780    .text.OS_Tick_Enable  os_systick.o
    0x000013c6   0x000013c6   0x00000002   PAD
    0x000013c8   0x000013c8   0x0000000c   Code   RO         2788    .text.OS_Tick_GetClock  os_systick.o
    0x000013d4   0x000013d4   0x00000010   Code   RO         2792    .text.OS_Tick_GetCount  os_systick.o
    0x000013e4   0x000013e4   0x00000006   Code   RO         2786    .text.OS_Tick_GetIRQn  os_systick.o
    0x000013ea   0x000013ea   0x00000002   PAD
    0x000013ec   0x000013ec   0x0000000e   Code   RO         2790    .text.OS_Tick_GetInterval  os_systick.o
    0x000013fa   0x000013fa   0x00000002   PAD
    0x000013fc   0x000013fc   0x00000010   Code   RO         2794    .text.OS_Tick_GetOverflow  os_systick.o
    0x0000140c   0x0000140c   0x00000048   Code   RO         2778    .text.OS_Tick_Setup  os_systick.o
    0x00001454   0x00001454   0x000000e0   Code   RO           20    .text.RTX_Features_Init  dsp_app.o
    0x00001534   0x00001534   0x00000016   Code   RO           18    .text.SigMod        dsp_app.o
    0x0000154a   0x0000154a   0x00000002   PAD
    0x0000154c   0x0000154c   0x000000cc   Code   RO         2892    .text.SystemInit    system_lpc17xx.o
    0x00001618   0x00001618   0x0000004c   Code   RO          101    .text.TIM2_Init     timer.o
    0x00001664   0x00001664   0x00000010   Code   RO          103    .text.TIM2_Start    timer.o
    0x00001674   0x00001674   0x0000017c   Code   RO           16    .text.TIMER2_IRQHandler  dsp_app.o
    0x000017f0   0x000017f0   0x00000010   Code   RO          141    .text._ZN4FIFOIfLi384ELi0ELi0EE13getReadBufferEi  dsp_scheduler.o
    0x00001800   0x00001800   0x00000036   Code   RO          139    .text._ZN4FIFOIfLi384ELi0ELi0EE14getWriteBufferEi  dsp_scheduler.o
    0x00001836   0x00001836   0x00000002   PAD
    0x00001838   0x00001838   0x00000004   Code   RO          151    .text._ZN4FIFOIsLi192ELi1ELi0EE13getReadBufferEi  dsp_scheduler.o
    0x0000183c   0x0000183c   0x00000004   Code   RO          149    .text._ZN4FIFOIsLi192ELi1ELi0EE14getWriteBufferEi  dsp_scheduler.o
    0x00001840   0x00001840   0x00000004   Code   RO          147    .text._ZNK4FIFOIfLi384ELi0ELi0EE15nbSamplesInFIFOEv  dsp_scheduler.o
    0x00001844   0x00001844   0x00000004   Code   RO          145    .text._ZNK4FIFOIfLi384ELi0ELi0EE16willOverflowWithEi  dsp_scheduler.o
    0x00001848   0x00001848   0x00000004   Code   RO          143    .text._ZNK4FIFOIfLi384ELi0ELi0EE17willUnderflowWithEi  dsp_scheduler.o
    0x0000184c   0x0000184c   0x00000004   Code   RO          157    .text._ZNK4FIFOIsLi192ELi1ELi0EE15nbSamplesInFIFOEv  dsp_scheduler.o
    0x00001850   0x00001850   0x00000004   Code   RO          155    .text._ZNK4FIFOIsLi192ELi1ELi0EE16willOverflowWithEi  dsp_scheduler.o
    0x00001854   0x00001854   0x00000004   Code   RO          153    .text._ZNK4FIFOIsLi192ELi1ELi0EE17willUnderflowWithEi  dsp_scheduler.o
    0x00001858   0x00001858   0x00000032   Code   RO         2387    .text._mutex_acquire  rtx_lib.o
    0x0000188a   0x0000188a   0x00000002   PAD
    0x0000188c   0x0000188c   0x00000006   Code   RO         2391    .text._mutex_free   rtx_lib.o
    0x00001892   0x00001892   0x00000002   PAD
    0x00001894   0x00001894   0x00000020   Code   RO         2385    .text._mutex_initialize  rtx_lib.o
    0x000018b4   0x000018b4   0x0000002e   Code   RO         2389    .text._mutex_release  rtx_lib.o
    0x000018e2   0x000018e2   0x00000002   PAD
    0x000018e4   0x000018e4   0x00000004   Code   RO         2379    .text._platform_post_stackheap_init  rtx_lib.o
    0x000018e8   0x000018e8   0x0000001a   Code   RO          824    .text.arm_biquad_cascade_df1_init_q15  filteringfunctions.o
    0x00001902   0x00001902   0x00000002   PAD
    0x00001904   0x00001904   0x000000f6   Code   RO          828    .text.arm_biquad_cascade_df1_q15  filteringfunctions.o
    0x000019fa   0x000019fa   0x00000002   PAD
    0x000019fc   0x000019fc   0x0000002e   Code   RO         1578    .text.arm_float_to_q15  supportfunctions.o
    0x00001a2a   0x00001a2a   0x00000002   PAD
    0x00001a2c   0x00001a2c   0x0000002a   Code   RO         1586    .text.arm_q15_to_float  supportfunctions.o
    0x00001a56   0x00001a56   0x00000002   PAD
    0x00001a58   0x00001a58   0x000001e8   Code   RO          124    .text.dsp_scheduler  dsp_scheduler.o
    0x00001c40   0x00001c40   0x00000012   Code   RO           82    .text.iirExec_q15   dsp_iir.o
    0x00001c52   0x00001c52   0x00000002   PAD
    0x00001c54   0x00001c54   0x0000002e   Code   RO           76    .text.iirInit_q15   dsp_iir.o
    0x00001c82   0x00001c82   0x00000002   PAD
    0x00001c84   0x00001c84   0x00000026   Code   RO           22    .text.main          dsp_app.o
    0x00001caa   0x00001caa   0x00000002   PAD
    0x00001cac   0x00001cac   0x00000032   Code   RO         2323    .text.osKernelGetState  rtx_kernel.o
    0x00001cde   0x00001cde   0x00000002   PAD
    0x00001ce0   0x00001ce0   0x00000048   Code   RO         2347    .text.osKernelGetSysTimerCount  rtx_kernel.o
    0x00001d28   0x00001d28   0x00000028   Code   RO         2351    .text.osKernelGetSysTimerFreq  rtx_kernel.o
    0x00001d50   0x00001d50   0x00000036   Code   RO         2317    .text.osKernelInitialize  rtx_kernel.o
    0x00001d86   0x00001d86   0x00000002   PAD
    0x00001d88   0x00001d88   0x00000032   Code   RO         2327    .text.osKernelStart  rtx_kernel.o
    0x00001dba   0x00001dba   0x00000002   PAD
    0x00001dbc   0x00001dbc   0x0000009e   Code   RO         2440    .text.osMemoryPoolAlloc  rtx_mempool.o
    0x00001e5a   0x00001e5a   0x00000002   PAD
    0x00001e5c   0x00001e5c   0x000000c0   Code   RO         2442    .text.osMemoryPoolFree  rtx_mempool.o
    0x00001f1c   0x00001f1c   0x00000040   Code   RO         2436    .text.osMemoryPoolNew  rtx_mempool.o
    0x00001f5c   0x00001f5c   0x000000d4   Code   RO         2492    .text.osMessageQueueGet  rtx_msgqueue.o
    0x00002030   0x00002030   0x00000040   Code   RO         2486    .text.osMessageQueueNew  rtx_msgqueue.o
    0x00002070   0x00002070   0x000000a2   Code   RO         2490    .text.osMessageQueuePut  rtx_msgqueue.o
    0x00002112   0x00002112   0x00000002   PAD
    0x00002114   0x00002114   0x0000003c   Code   RO         2542    .text.osMutexAcquire  rtx_mutex.o
    0x00002150   0x00002150   0x00000038   Code   RO         2548    .text.osMutexDelete  rtx_mutex.o
    0x00002188   0x00002188   0x00000038   Code   RO         2538    .text.osMutexNew    rtx_mutex.o
    0x000021c0   0x000021c0   0x00000038   Code   RO         2544    .text.osMutexRelease  rtx_mutex.o
    0x000021f8   0x000021f8   0x00000002   Code   RO         2807    .text.osRtxErrorNotify  rtx_config.o
    0x000021fa   0x000021fa   0x00000002   PAD
    0x000021fc   0x000021fc   0x00000002   Code   RO         2805    .text.osRtxIdleThread  rtx_config.o
    0x000021fe   0x000021fe   0x00000002   PAD
    0x00002200   0x00002200   0x00000016   Code   RO         2315    .text.osRtxKernelErrorNotify  rtx_kernel.o
    0x00002216   0x00002216   0x00000002   PAD
    0x00002218   0x00002218   0x000000f4   Code   RO         2381    .text.osRtxKernelPreInit  rtx_lib.o
    0x0000230c   0x0000230c   0x00000080   Code   RO         2418    .text.osRtxMemoryAlloc  rtx_memory.o
    0x0000238c   0x0000238c   0x0000005a   Code   RO         2420    .text.osRtxMemoryFree  rtx_memory.o
    0x000023e6   0x000023e6   0x00000002   PAD
    0x000023e8   0x000023e8   0x00000040   Code   RO         2416    .text.osRtxMemoryInit  rtx_memory.o
    0x00002428   0x00002428   0x00000044   Code   RO         2432    .text.osRtxMemoryPoolAlloc  rtx_mempool.o
    0x0000246c   0x0000246c   0x00000056   Code   RO         2434    .text.osRtxMemoryPoolFree  rtx_mempool.o
    0x000024c2   0x000024c2   0x00000002   PAD
    0x000024c4   0x000024c4   0x00000060   Code   RO         2430    .text.osRtxMemoryPoolInit  rtx_mempool.o
    0x00002524   0x00002524   0x00000068   Code   RO         2464    .text.osRtxMemoryPoolPostProcess  rtx_mempool.o
    0x0000258c   0x0000258c   0x000001ba   Code   RO         2514    .text.osRtxMessageQueuePostProcess  rtx_msgqueue.o
    0x00002746   0x00002746   0x00000002   PAD
    0x00002748   0x00002748   0x0000002c   Code   RO         2482    .text.osRtxMessageQueueTimerSetup  rtx_msgqueue.o
    0x00002774   0x00002774   0x00000066   Code   RO         2534    .text.osRtxMutexOwnerRelease  rtx_mutex.o
    0x000027da   0x000027da   0x00000002   PAD
    0x000027dc   0x000027dc   0x00000050   Code   RO         2536    .text.osRtxMutexOwnerRestore  rtx_mutex.o
    0x0000282c   0x0000282c   0x000000ac   Code   RO         2606    .text.osRtxPendSV_Handler  rtx_system.o
    0x000028d8   0x000028d8   0x00000076   Code   RO         2608    .text.osRtxPostProcess  rtx_system.o
    0x0000294e   0x0000294e   0x00000002   PAD
    0x00002950   0x00002950   0x00000158   Code   RO         2628    .text.osRtxThreadDelayTick  rtx_thread.o
    0x00002aa8   0x00002aa8   0x000000ea   Code   RO         2634    .text.osRtxThreadDispatch  rtx_thread.o
    0x00002b92   0x00002b92   0x00000002   PAD
    0x00002b94   0x00002b94   0x00000062   Code   RO         2712    .text.osRtxThreadFree  rtx_thread.o
    0x00002bf6   0x00002bf6   0x00000002   PAD
    0x00002bf8   0x00002bf8   0x00000014   Code   RO         2620    .text.osRtxThreadListGet  rtx_thread.o
    0x00002c0c   0x00002c0c   0x0000002c   Code   RO         2618    .text.osRtxThreadListPut  rtx_thread.o
    0x00002c38   0x00002c38   0x0000001a   Code   RO         2624    .text.osRtxThreadListRemove  rtx_thread.o
    0x00002c52   0x00002c52   0x00000002   PAD
    0x00002c54   0x00002c54   0x00000070   Code   RO         2622    .text.osRtxThreadListSort  rtx_thread.o
    0x00002cc4   0x00002cc4   0x0000009e   Code   RO         2690    .text.osRtxThreadPostProcess  rtx_thread.o
    0x00002d62   0x00002d62   0x00000002   PAD
    0x00002d64   0x00002d64   0x0000003c   Code   RO         2626    .text.osRtxThreadReadyPut  rtx_thread.o
    0x00002da0   0x00002da0   0x00000006   Code   RO         2630    .text.osRtxThreadRegPtr  rtx_thread.o
    0x00002da6   0x00002da6   0x00000002   PAD
    0x00002da8   0x00002da8   0x00000020   Code   RO         2640    .text.osRtxThreadStackCheck  rtx_thread.o
    0x00002dc8   0x00002dc8   0x0000004a   Code   RO         2642    .text.osRtxThreadStartup  rtx_thread.o
    0x00002e12   0x00002e12   0x00000002   PAD
    0x00002e14   0x00002e14   0x00000012   Code   RO         2632    .text.osRtxThreadSwitch  rtx_thread.o
    0x00002e26   0x00002e26   0x00000002   PAD
    0x00002e28   0x00002e28   0x000000d8   Code   RO         2638    .text.osRtxThreadWaitEnter  rtx_thread.o
    0x00002f00   0x00002f00   0x00000094   Code   RO         2636    .text.osRtxThreadWaitExit  rtx_thread.o
    0x00002f94   0x00002f94   0x00000084   Code   RO         2604    .text.osRtxTick_Handler  rtx_system.o
    0x00003018   0x00003018   0x00000026   Code   RO         2740    .text.osRtxTimerSetup  rtx_timer.o
    0x0000303e   0x0000303e   0x00000002   PAD
    0x00003040   0x00003040   0x0000002a   Code   RO         2744    .text.osRtxTimerThread  rtx_timer.o
    0x0000306a   0x0000306a   0x00000002   PAD
    0x0000306c   0x0000306c   0x000000c6   Code   RO         2742    .text.osRtxTimerTick  rtx_timer.o
    0x00003132   0x00003132   0x00000002   PAD
    0x00003134   0x00003134   0x0000001a   Code   RO         2674    .text.osThreadExit  rtx_thread.o
    0x0000314e   0x0000314e   0x00000002   PAD
    0x00003150   0x00003150   0x00000040   Code   RO         2646    .text.osThreadNew   rtx_thread.o
    0x00003190   0x00003190   0x0000000c   Code   RO         2325    .text.svcRtxKernelGetState  rtx_kernel.o
    0x0000319c   0x0000319c   0x0000002a   Code   RO         2349    .text.svcRtxKernelGetSysTimerCount  rtx_kernel.o
    0x000031c6   0x000031c6   0x00000002   PAD
    0x000031c8   0x000031c8   0x00000004   Code   RO         2353    .text.svcRtxKernelGetSysTimerFreq  rtx_kernel.o
    0x000031cc   0x000031cc   0x00000150   Code   RO         2355    .text.svcRtxKernelInitialize  rtx_kernel.o
    0x0000331c   0x0000331c   0x000000b0   Code   RO         2357    .text.svcRtxKernelStart  rtx_kernel.o
    0x000033cc   0x000033cc   0x000000a4   Code   RO         2468    .text.svcRtxMemoryPoolAlloc  rtx_mempool.o
    0x00003470   0x00003470   0x000000fc   Code   RO         2470    .text.svcRtxMemoryPoolFree  rtx_mempool.o
    0x0000356c   0x0000356c   0x000001da   Code   RO         2462    .text.svcRtxMemoryPoolNew  rtx_mempool.o
    0x00003746   0x00003746   0x00000002   PAD
    0x00003748   0x00003748   0x000001c4   Code   RO         2520    .text.svcRtxMessageQueueGet  rtx_msgqueue.o
    0x0000390c   0x0000390c   0x0000018c   Code   RO         2484    .text.svcRtxMessageQueueNew  rtx_msgqueue.o
    0x00003a98   0x00003a98   0x00000142   Code   RO         2518    .text.svcRtxMessageQueuePut  rtx_msgqueue.o
    0x00003bda   0x00003bda   0x00000002   PAD
    0x00003bdc   0x00003bdc   0x000000e2   Code   RO         2554    .text.svcRtxMutexAcquire  rtx_mutex.o
    0x00003cbe   0x00003cbe   0x00000002   PAD
    0x00003cc0   0x00003cc0   0x000000cc   Code   RO         2560    .text.svcRtxMutexDelete  rtx_mutex.o
    0x00003d8c   0x00003d8c   0x000000a8   Code   RO         2550    .text.svcRtxMutexNew  rtx_mutex.o
    0x00003e34   0x00003e34   0x000000f4   Code   RO         2556    .text.svcRtxMutexRelease  rtx_mutex.o
    0x00003f28   0x00003f28   0x000000b2   Code   RO         2716    .text.svcRtxThreadExit  rtx_thread.o
    0x00003fda   0x00003fda   0x00000002   PAD
    0x00003fdc   0x00003fdc   0x00000244   Code   RO         2644    .text.svcRtxThreadNew  rtx_thread.o
    0x00004220   0x00004220   0x000000c4   Code   RO         2961    x$fpl$fadd          fz_ws.l(faddsub_clz.o)
    0x000042e4   0x000042e4   0x00000184   Code   RO         2970    x$fpl$fdiv          fz_ws.l(fdiv.o)
    0x00004468   0x00004468   0x00000036   Code   RO         2973    x$fpl$ffix          fz_ws.l(ffix.o)
    0x0000449e   0x0000449e   0x00000002   PAD
    0x000044a0   0x000044a0   0x0000003e   Code   RO         2981    x$fpl$ffixu         fz_ws.l(ffixu.o)
    0x000044de   0x000044de   0x00000002   PAD
    0x000044e0   0x000044e0   0x00000030   Code   RO         2986    x$fpl$fflt          fz_ws.l(fflt_clz.o)
    0x00004510   0x00004510   0x00000026   Code   RO         2985    x$fpl$ffltu         fz_ws.l(fflt_clz.o)
    0x00004536   0x00004536   0x00000002   PAD
    0x00004538   0x00004538   0x00000102   Code   RO         2991    x$fpl$fmul          fz_ws.l(fmul.o)
    0x0000463a   0x0000463a   0x0000008c   Code   RO         3063    x$fpl$fnaninf       fz_ws.l(fnaninf.o)
    0x000046c6   0x000046c6   0x0000000a   Code   RO         3065    x$fpl$fretinf       fz_ws.l(fretinf.o)
    0x000046d0   0x000046d0   0x000000ea   Code   RO         2963    x$fpl$fsub          fz_ws.l(faddsub_clz.o)
    0x000047ba   0x000047ba   0x00000000   Code   RO         3077    x$fpl$usenofp       fz_ws.l(usenofp.o)
    0x000047ba   0x000047ba   0x00000002   PAD
    0x000047bc   0x000047bc   0x00000070   Data   RO         2397    .rodata             rtx_lib.o
    0x0000482c   0x0000482c   0x00000038   Data   RO         2400    .rodata             rtx_lib.o
    0x00004864   0x00004864   0x00000018   Data   RO         2841    .rodata.EventRecorderInfo  eventrecorder.o
    0x0000487c   0x0000487c   0x00000048   Data   RO          130    .rodata._ZL8schedule  dsp_scheduler.o
    0x000048c4   0x000048c4   0x0000001c   Data   RO          159    .rodata._ZTV4FIFOIfLi384ELi0ELi0EE  dsp_scheduler.o
    0x000048e0   0x000048e0   0x0000001c   Data   RO          160    .rodata._ZTV4FIFOIsLi192ELi1ELi0EE  dsp_scheduler.o
    0x000048fc   0x000048fc   0x00000004   Data   RO         2399    .rodata.osRtxUserSVC  rtx_lib.o
    0x00004900   0x00004900   0x00000024   Data   RO         2394    .rodata.os_idle_thread_attr  rtx_lib.o
    0x00004924   0x00004924   0x00000018   Data   RO         2396    .rodata.os_timer_mq_attr  rtx_lib.o
    0x0000493c   0x0000493c   0x00000024   Data   RO         2395    .rodata.os_timer_thread_attr  rtx_lib.o
    0x00004960   0x00004960   0x0000000b   Data   RO         2369    .rodata.str1.4      rtx_kernel.o
    0x0000496b   0x0000496b   0x00000001   PAD
    0x0000496c   0x0000496c   0x00000024   Data   RO           32    .rodata.t_attr      dsp_app.o
    0x00004990   0x00004990   0x00000020   Data   RO         3297    Region$$Table       anon$$obj.o


    Execution Region RW_IRAM1 (Exec base: 0x10000000, Load base: 0x000049c0, Size: 0x00009e90, Max: 0x0000f000, ABSOLUTE)

    Exec Addr    Load Addr    Size         Type   Attr      Idx    E Section Name        Object

    0x10000000   0x000049c0   0x00000004   Data   RW         2894    .data.SystemCoreClock  system_lpc17xx.o
    0x10000004   0x000049c4   0x00000018   Data   RW           86    .data.iirCoeff_q15  dsp_iir.o
    0x1000001c   0x000049dc   0x000000a4   Data   RW         2370    .data.os            rtx_kernel.o
    0x100000c0        -       0x00000060   Zero   RW         3146    .bss                c_w.l(libspace.o)
    0x10000120        -       0x00000001   Zero   RW         2842    .bss.SysTimerState  eventrecorder.o
    0x10000121        -       0x00000001   Zero   RW         2843    .bss.TS_OverflowLock  eventrecorder.o
    0x10000122   0x00004a80   0x00000002   PAD
    0x10000124        -       0x00000004   Zero   RW           29    .bss.dataTimIrqInIdx  dsp_app.o
    0x10000128        -       0x00000004   Zero   RW           28    .bss.dataTimIrqOutIdx  dsp_app.o
    0x1000012c        -       0x00000600   Zero   RW          126    .bss.dsp_buf1       dsp_scheduler.o
    0x1000072c        -       0x00000180   Zero   RW          127    .bss.dsp_buf2       dsp_scheduler.o
    0x100008ac        -       0x00000180   Zero   RW          128    .bss.dsp_buf3       dsp_scheduler.o
    0x10000a2c        -       0x00000600   Zero   RW          129    .bss.dsp_buf4       dsp_scheduler.o
    0x1000102c        -       0x00000010   Zero   RW           25    .bss.g_dsp_context  dsp_app.o
    0x1000103c        -       0x00000010   Zero   RW           91    .bss.iirInstance_q15  dsp_iir.o
    0x1000104c        -       0x00000010   Zero   RW           92    .bss.iirState_q15   dsp_iir.o
    0x1000105c   0x00004a80   0x00000024   PAD
    0x10001080        -       0x000004a4   Zero   RW         2840    .bss.noinit         eventrecorder.o
    0x10001524   0x00004a80   0x00000004   PAD
    0x10001528        -       0x00008040   Zero   RW         2393    .bss.os             rtx_lib.o
    0x10009568        -       0x00000001   Zero   RW         2796    .bss.os             os_systick.o
    0x10009569   0x00004a80   0x00000003   PAD
    0x1000956c        -       0x00000034   Zero   RW         2405    .bss.os.msgqueue.cb  rtx_lib.o
    0x100095a0        -       0x00000050   Zero   RW         2406    .bss.os.msgqueue.mem  rtx_lib.o
    0x100095f0        -       0x00000088   Zero   RW         2402    .bss.os.thread.cb   rtx_lib.o
    0x10009678        -       0x00000200   Zero   RW         2403    .bss.os.thread.idle.stack  rtx_lib.o
    0x10009878        -       0x00000200   Zero   RW         2404    .bss.os.thread.timer.stack  rtx_lib.o
    0x10009a78        -       0x00000001   Zero   RW         2407    .bss.os_kernel_is_active.os_kernel_active  rtx_lib.o
    0x10009a79   0x00004a80   0x00000003   PAD
    0x10009a7c        -       0x00000004   Zero   RW           27    .bss.pTimInputBuffer  dsp_app.o
    0x10009a80        -       0x00000004   Zero   RW           30    .bss.pTimOutputBuffer  dsp_app.o
    0x10009a84        -       0x00000004   Zero   RW           33    .bss.tid_SigMod     dsp_app.o
    0x10009a88        -       0x00000004   Zero   RW           26    .bss.tmpFilterIn    dsp_app.o
    0x10009a8c        -       0x00000004   Zero   RW           31    .bss.tmpFilterOut   dsp_app.o
    0x10009a90        -       0x00000200   Zero   RW         2879    HEAP                startup_lpc17xx.o
    0x10009c90        -       0x00000200   Zero   RW         2878    STACK               startup_lpc17xx.o


==============================================================================

Image component sizes


      Code (inc. data)   RO Data    RW Data    ZI Data      Debug   Object Name

        76          0          0          0          0       2588   adc.o
        56          0          0          0          0       1454   dac.o
       664          0         36          0         44       6340   dsp_app.o
        64          0          0         24         32       2760   dsp_iir.o
       590          6        128          0       3840      31986   dsp_scheduler.o
      2454          0         24          0       1190      20889   eventrecorder.o
       272          0          0          0          0     170045   filteringfunctions.o
       188         12          0          0          0        697   irq_armv7m.o
       198          0          0          0          1       3644   os_systick.o
         4          0          0          0          0        668   rtx_config.o
      1244          0          0          0          0      36880   rtx_evr.o
       858          0         11        164          0      17585   rtx_kernel.o
       382          0        268          0      34125       8002   rtx_lib.o
       282          0          0          0          0       2760   rtx_memory.o
      1658          0          0          0          0      18923   rtx_mempool.o
      2094          0          0          0          0      22970   rtx_msgqueue.o
      1252          0          0          0          0      10436   rtx_mutex.o
       422         36          0          0          0       5411   rtx_system.o
      2438         10          0          0          0      41466   rtx_thread.o
       278          0          0          0          0      11420   rtx_timer.o
        68         30        204          0       1024        988   startup_lpc17xx.o
        88          0          0          0          0      26516   supportfunctions.o
       204          0          0          4          0       2089   system_lpc17xx.o
        92          0          0          0          0       3587   timer.o

    ----------------------------------------------------------------------
     16036         94        704        192      40304     450104   Object Totals
         0          0         32          0          0          0   (incl. Generated)
       110          0          1          0         48          0   (incl. Padding)

    ----------------------------------------------------------------------

      Code (inc. data)   RO Data    RW Data    ZI Data      Debug   Library Member Name

         8          0          0          0          0         68   __main.o
         0          0          0          0          0          0   __rtentry.o
        20          0          0          0          0          0   __rtentry2.o
         6          0          0          0          0          0   __rtentry4.o
        52          8          0          0          0          0   __scatter.o
        26          0          0          0          0          0   __scatter_copy.o
        28          0          0          0          0          0   __scatter_zi.o
        16          0          0          0          0         68   aeabi_memset4.o
        18          0          0          0          0         80   exit.o
         6          0          0          0          0        152   heapauxi.o
         0          0          0          0          0          0   indicate_semi.o
         2          0          0          0          0          0   libinit.o
         2          0          0          0          0          0   libinit2.o
         2          0          0          0          0          0   libshutdown.o
         2          0          0          0          0          0   libshutdown2.o
         8          4          0          0         96         68   libspace.o
        68          0          0          0          0         68   rt_memclr.o
        78          0          0          0          0         80   rt_memclr_w.o
       138          0          0          0          0         68   rt_memcpy_v6.o
       100          0          0          0          0         80   rt_memcpy_w.o
         2          0          0          0          0          0   rtexit.o
        10          0          0          0          0          0   rtexit2.o
        12          4          0          0          0         68   sys_exit.o
        74          0          0          0          0         80   sys_stackheap_outer.o
         2          0          0          0          0         68   use_no_semi.o
       430          8          0          0          0        168   faddsub_clz.o
       388         76          0          0          0         96   fdiv.o
        54          4          0          0          0         84   ffix.o
        62          4          0          0          0         84   ffixu.o
        86          0          0          0          0        136   fflt_clz.o
       258          4          0          0          0         84   fmul.o
       140          4          0          0          0         84   fnaninf.o
        10          0          0          0          0         68   fretinf.o
         0          0          0          0          0          0   usenofp.o

    ----------------------------------------------------------------------
      2124        116          0          0         96       1752   Library Totals
        16          0          0          0          0          0   (incl. Padding)

    ----------------------------------------------------------------------

      Code (inc. data)   RO Data    RW Data    ZI Data      Debug   Library Name

       680         16          0          0         96        948   c_w.l
      1428        100          0          0          0        804   fz_ws.l

    ----------------------------------------------------------------------
      2124        116          0          0         96       1752   Library Totals

    ----------------------------------------------------------------------

==============================================================================


      Code (inc. data)   RO Data    RW Data    ZI Data      Debug   

     18160        210        704        192      40400     450548   Grand Totals
     18160        210        704        192      40400     450548   ELF Image Totals
     18160        210        704        192          0          0   ROM Totals

==============================================================================

    Total RO  Size (Code + RO Data)                18864 (  18.42kB)
    Total RW  Size (RW Data + ZI Data)             40592 (  39.64kB)
    Total ROM Size (Code + RO Data + RW Data)      19056 (  18.61kB)

==============================================================================

